Files will be save in ../data/setup4/2026_06_09/plus0mm\1
"TUE,PYNQRYB,February 2025,1.4"
Motor stopped at zero point
[3.5e+00 1.8e+04 1.0e+03] R^2: -10281.495990832238
[3.5e+00 1.8e+04 1.0e+03] R^2: -7305.666331257162
[3.5e+00 1.8e+04 1.0e+03] R^2: -6824.514379384671
[3.5e+00 1.8e+04 1.0e+03] R^2: -6813.291137635456
[3.5e+00 1.8e+04 1.0e+03] R^2: -5705.192684962231
[3.5e+00 1.8e+04 1.0e+03] R^2: -4714.928804715537
[3.5e+00 1.8e+04 1.0e+03] R^2: -4365.225330645781
[3.5e+00 1.8e+04 1.0e+03] R^2: -4275.630550588164
[3.5e+00 1.8e+04 1.0e+03] R^2: -4486.8293305222605
[3.5e+00 1.8e+04 1.0e+03] R^2: -4823.1288257813585
[3.5e+00 1.8e+04 1.0e+03] R^2: -4941.805760226164
[3.5e+00 1.8e+04 1.0e+03] R^2: -5232.418531735928
[3.5e+00 1.8e+04 1.0e+03] R^2: -4585.416246682721
[3.5e+00 1.8e+04 1.0e+03] R^2: -4485.722209873844
[3.5e+00 1.8e+04 1.0e+03] R^2: -3676.857018171521
[3.5e+00 1.8e+04 1.0e+03] R^2: -2278.959240475479
[3.5e+00 1.8e+04 1.0e+03] R^2: -1198.821057126094
[3.5e+00 1.8e+04 1.0e+03] R^2: -617.8564747847605
Optimal not found
Optimal not found
Optimal not found
Optimal not found
Optimal not found
Optimal not found
Optimal not found
Optimal not found
Optimal not found
Optimal not found
Optimal not found
Optimal not found
Optimal not found
Optimal not found
Optimal not found
Optimal not found
Optimal not found
Optimal not found
Optimal not found
[1.48137560e+01 7.16111583e+04 2.36590243e+04] R^2: 0.818779029700708
[1.69203360e+00 2.97311373e+04 1.27260177e+04] R^2: 0.79117790646346
[1.22340890e+00 2.23233541e+04 9.26421893e+03] R^2: 0.7671538231280255
[1.14948333e+00 1.92584519e+04 6.81409967e+03] R^2: 0.7521804738093769
[1.20168211e+00 1.82388176e+04 5.25691734e+03] R^2: 0.7471816189379682
[1.21644135e+00 1.81232728e+04 5.01560735e+03] R^2: 0.7463490972880168
[1.21797558e+00 1.81137053e+04 4.99355079e+03] R^2: 0.7463724604956871
[1.21287643e+00 1.81417359e+04 5.06289013e+03] R^2: 0.7461307263961969
[1.20359774e+00 1.81892965e+04 5.18674106e+03] R^2: 0.7451000968728463
[1.19161738e+00 1.82489504e+04 5.34749558e+03] R^2: 0.7430687975663721
[1.17821759e+00 1.83157202e+04 5.53104198e+03] R^2: 0.7401275258197422
[1.16472193e+00 1.83846086e+04 5.72149331e+03] R^2: 0.7366679263990263
[1.15104245e+00 1.84571142e+04 5.92129981e+03] R^2: 0.7325424025517433
[1.13803239e+00 1.85296637e+04 6.11860582e+03] R^2: 0.728195019428481
[1.12512984e+00 1.86057937e+04 6.32196025e+03] R^2: 0.7231920312016339
[1.11247670e+00 1.86856567e+04 6.52977273e+03] R^2: 0.7175411605125224
[1.09999214e+00 1.87703624e+04 6.74372676e+03] R^2: 0.7111146028983162
[1.08792967e+00 1.88588888e+04 6.95974791e+03] R^2: 0.7041262836254076
[1.07625737e+00 1.89514637e+04 7.17808234e+03] R^2: 0.6965833503693073
[1.06503429e+00 1.90476955e+04 7.39731648e+03] R^2: 0.6885944325319289
[1.05437744e+00 1.91462319e+04 7.61446591e+03] R^2: 0.6804198908446281
[1.04428499e+00 1.92462003e+04 7.82845532e+03] R^2: 0.672215238948698
[1.03454201e+00 1.93492163e+04 8.04311376e+03] R^2: 0.6636893082932136
[1.02545282e+00 1.94513084e+04 8.25080154e+03] R^2: 0.6555437861370232
[1.01697828e+00 1.95515043e+04 8.45088243e+03] R^2: 0.6478930641831844
[1.00905911e+00 1.96494314e+04 8.64350710e+03] R^2: 0.640734470547544
[1.00163901e+00 1.97447699e+04 8.82891237e+03] R^2: 0.6340720040039898
[9.94526476e-01 1.98392500e+04 9.01108506e+03] R^2: 0.6275670501327346
[9.87580266e-01 1.99343641e+04 9.19326105e+03] R^2: 0.6209473431905772
[9.80804637e-01 2.00298046e+04 9.37511125e+03] R^2: 0.6142761463752711
[9.74265443e-01 2.01243294e+04 9.55456160e+03] R^2: 0.6077846963997775
[9.67994682e-01 2.02170801e+04 9.73030786e+03] R^2: 0.601621611385207
[9.61868439e-01 2.03095822e+04 9.90550242e+03] R^2: 0.5954856389033918
[9.55875754e-01 2.04018111e+04 1.00802913e+04] R^2: 0.5893830202750667
[9.50209400e-01 2.04904821e+04 1.02486799e+04] R^2: 0.5839439433259499
[9.44712856e-01 2.05777148e+04 1.04149096e+04] R^2: 0.5787260239986152
[9.39310491e-01 2.06645505e+04 1.05811065e+04] R^2: 0.5735186841127038
[9.34014430e-01 2.07506815e+04 1.07468017e+04] R^2: 0.5683865119311473
[9.28894035e-01 2.08348247e+04 1.09096438e+04] R^2: 0.5635893747760575
[9.23983349e-01 2.09162187e+04 1.10682642e+04] R^2: 0.5592707903361529
[9.19322691e-01 2.09939741e+04 1.12210079e+04] R^2: 0.5555957732182242
[9.14774226e-01 2.10702316e+04 1.13721374e+04] R^2: 0.5520979320807342
[9.10326158e-01 2.11451045e+04 1.15219290e+04] R^2: 0.5487512200117473
[9.06059029e-01 2.12171344e+04 1.16674944e+04] R^2: 0.5458676525694979
[9.01915828e-01 2.12871564e+04 1.18105361e+04] R^2: 0.5432755958633113
[8.97934550e-01 2.13544918e+04 1.19496540e+04] R^2: 0.5410799189214397
[8.94125456e-01 2.14188596e+04 1.20842392e+04] R^2: 0.5393551635540603
[8.90512045e-01 2.14797840e+04 1.22132330e+04] R^2: 0.5382001820363417
[8.86982626e-01 2.15390978e+04 1.23404658e+04] R^2: 0.5371851405119614
[8.83481001e-01 2.15977283e+04 1.24679283e+04] R^2: 0.5360925242854121
[8.80018364e-01 2.16554789e+04 1.25952091e+04] R^2: 0.5349728421973113
[8.76625463e-01 2.17118238e+04 1.27211442e+04] R^2: 0.5339584763020913
[8.73262426e-01 2.17674144e+04 1.28471857e+04] R^2: 0.5328867985301842
[8.69939902e-01 2.18220681e+04 1.29729266e+04] R^2: 0.5318080539554855
[8.66609577e-01 2.18765686e+04 1.31001661e+04] R^2: 0.5305510923915051
[8.63240451e-01 2.19314396e+04 1.32302515e+04] R^2: 0.5289202325903825
[8.59899886e-01 2.19855783e+04 1.33605937e+04] R^2: 0.5272558161103884
[8.56569667e-01 2.20392759e+04 1.34919190e+04] R^2: 0.5254800099727004
[8.53210801e-01 2.20931605e+04 1.36258248e+04] R^2: 0.5234187072925118
[8.49822395e-01 2.21472472e+04 1.37624407e+04] R^2: 0.5210762506222084
[8.46427506e-01 2.22011674e+04 1.39008721e+04] R^2: 0.5186081924668355
[8.43098824e-01 2.22537587e+04 1.40382335e+04] R^2: 0.5163043811173098
[8.39828949e-01 2.23051311e+04 1.41747403e+04] R^2: 0.514159659963207
[8.36562662e-01 2.23561463e+04 1.43126946e+04] R^2: 0.5119073883582304
[8.33287567e-01 2.24069927e+04 1.44526747e+04] R^2: 0.5094944023435823
[8.30037048e-01 2.24571465e+04 1.45932914e+04] R^2: 0.5070937615272346
[8.26786725e-01 2.25069846e+04 1.47355804e+04] R^2: 0.5046325758920455
[8.23615621e-01 2.25552749e+04 1.48761491e+04] R^2: 0.5024300351537379
[8.20454371e-01 2.26030747e+04 1.50180037e+04] R^2: 0.5001732973371715
[8.17231512e-01 2.26514549e+04 1.51644524e+04] R^2: 0.4975111478354808
[8.13970400e-01 2.27000521e+04 1.53145870e+04] R^2: 0.4945788714837601
[8.10525922e-01 2.27510225e+04 1.54753279e+04] R^2: 0.49069672353449667
[8.06640754e-01 2.28081172e+04 1.56595659e+04] R^2: 0.4844522967272077
[8.02062115e-01 2.28750312e+04 1.58808888e+04] R^2: 0.4745554507295229
Closed plot
Saving data
Motor stopped at zero point
