Files will be save in ../data/setup4/2026_06_16/plus10mm\2\SweepStopClimb
Motor stopped at zero point
[1.28413605e+00 2.46124810e+04 2.12518212e+03 7.42513344e-01
 1.83118581e+05 9.93895580e+04] R^2: 0.9987857843313792
Algo converged, paused
[1.28413605e+00 2.46124810e+04 2.12518212e+03 7.42513344e-01
 1.83118581e+05 9.93895580e+04] R^2: 0.9987857843313792
Algo converged, paused
Closed plot
Saving data
Motor stopped at zero point
Files will be save in ../data/setup4/2026_06_16/plus10mm\2\sweepAndClimb
Motor stopped at zero point
[1.27858186e+00 2.46172604e+04 2.10673328e+03 7.74403397e-01
 1.87266964e+05 1.00341290e+05] R^2: 0.9973402847227487
Algo converged, paused
[1.27858186e+00 2.46172604e+04 2.10673328e+03 7.74403397e-01
 1.87266964e+05 1.00341290e+05] R^2: 0.9973402847227487
Algo converged, paused
Closed plot
Saving data
Motor stopped at zero point
Files will be save in ../data/setup4/2026_06_16/plus10mm\2\increment
Motor stopped at zero point
Closed plot
Saving data
Motor stopped at zero point
