Files will be save in ../data/setup4/2026_06_09/plus0mm\3
"TUE,PYNQRYB,February 2025,1.4"
Motor stopped at zero point
[3.5e+00 1.8e+04 1.0e+03] R^2: -42567.87751761657
[3.5e+00 1.8e+04 1.0e+03] R^2: -46077.83498983183
[3.5e+00 1.8e+04 1.0e+03] R^2: -50943.99171141957
[3.5e+00 1.8e+04 1.0e+03] R^2: -56712.2980083055
[3.5e+00 1.8e+04 1.0e+03] R^2: -56255.78272351612
[3.5e+00 1.8e+04 1.0e+03] R^2: -57176.4389409007
[3.5e+00 1.8e+04 1.0e+03] R^2: -62892.53527825518
[3.5e+00 1.8e+04 1.0e+03] R^2: -68045.39037532432
[3.5e+00 1.8e+04 1.0e+03] R^2: -69299.14828883111
[3.5e+00 1.8e+04 1.0e+03] R^2: -59196.70075256139
[3.5e+00 1.8e+04 1.0e+03] R^2: -50603.797042814
[3.5e+00 1.8e+04 1.0e+03] R^2: -53105.97881483606
[3.5e+00 1.8e+04 1.0e+03] R^2: -56253.650618680855
[3.5e+00 1.8e+04 1.0e+03] R^2: -59305.89088201742
[3.5e+00 1.8e+04 1.0e+03] R^2: -47324.94502206228
[3.5e+00 1.8e+04 1.0e+03] R^2: -40197.8152872915
[3.5e+00 1.8e+04 1.0e+03] R^2: -42205.05022591737
[3.5e+00 1.8e+04 1.0e+03] R^2: -44097.852400785625
[3.5e+00 1.8e+04 1.0e+03] R^2: -33769.00770254694
[3.5e+00 1.8e+04 1.0e+03] R^2: -35005.71331003392
[3.5e+00 1.8e+04 1.0e+03] R^2: -36299.50086281637
[3.5e+00 1.8e+04 1.0e+03] R^2: -37610.508527529964
[3.5e+00 1.8e+04 1.0e+03] R^2: -37936.823595284506
[3.5e+00 1.8e+04 1.0e+03] R^2: -31337.747278453673
[3.5e+00 1.8e+04 1.0e+03] R^2: -25579.220634404493
[3.5e+00 1.8e+04 1.0e+03] R^2: -26397.870794014318
[3.5e+00 1.8e+04 1.0e+03] R^2: -27108.005083005493
[3.5e+00 1.8e+04 1.0e+03] R^2: -27053.511386469574
[3.5e+00 1.8e+04 1.0e+03] R^2: -22950.65838577291
[3.5e+00 1.8e+04 1.0e+03] R^2: -21056.047666411694
[3.5e+00 1.8e+04 1.0e+03] R^2: -21416.67996981269
[3.5e+00 1.8e+04 1.0e+03] R^2: -21767.324275386854
[3.5e+00 1.8e+04 1.0e+03] R^2: -21694.925828851294
[3.5e+00 1.8e+04 1.0e+03] R^2: -20814.70998894016
[3.5e+00 1.8e+04 1.0e+03] R^2: -20781.8456361878
[3.5e+00 1.8e+04 1.0e+03] R^2: -20961.99986387069
[3.5e+00 1.8e+04 1.0e+03] R^2: -20258.63683016278
[3.5e+00 1.8e+04 1.0e+03] R^2: -18810.77486352122
[3.5e+00 1.8e+04 1.0e+03] R^2: -17980.86082717575
[3.5e+00 1.8e+04 1.0e+03] R^2: -18239.982874513746
[3.5e+00 1.8e+04 1.0e+03] R^2: -18498.499976575153
[3.5e+00 1.8e+04 1.0e+03] R^2: -18393.002758009432
[3.5e+00 1.8e+04 1.0e+03] R^2: -18186.8356553315
[3.5e+00 1.8e+04 1.0e+03] R^2: -17142.867730982973
[3.5e+00 1.8e+04 1.0e+03] R^2: -16344.015834157992
[3.5e+00 1.8e+04 1.0e+03] R^2: -15667.495271251757
[3.5e+00 1.8e+04 1.0e+03] R^2: -15919.499308378843
[3.5e+00 1.8e+04 1.0e+03] R^2: -16168.535674266643
[3.5e+00 1.8e+04 1.0e+03] R^2: -15612.403934704345
[3.5e+00 1.8e+04 1.0e+03] R^2: -15024.7483229797
[3.5e+00 1.8e+04 1.0e+03] R^2: -14618.390444933992
[3.5e+00 1.8e+04 1.0e+03] R^2: -14694.306774179955
[3.5e+00 1.8e+04 1.0e+03] R^2: -14829.54401876276
[3.5e+00 1.8e+04 1.0e+03] R^2: -14206.67148600601
[3.5e+00 1.8e+04 1.0e+03] R^2: -13449.382085055377
[3.5e+00 1.8e+04 1.0e+03] R^2: -12912.385520613096
[3.5e+00 1.8e+04 1.0e+03] R^2: -12970.206848342958
[3.5e+00 1.8e+04 1.0e+03] R^2: -12949.863565597274
[3.5e+00 1.8e+04 1.0e+03] R^2: -12996.000321172894
[3.5e+00 1.8e+04 1.0e+03] R^2: -13048.251158730636
[3.5e+00 1.8e+04 1.0e+03] R^2: -12781.703073904513
[3.5e+00 1.8e+04 1.0e+03] R^2: -12494.394194234403
[3.5e+00 1.8e+04 1.0e+03] R^2: -12574.103320809305
[3.5e+00 1.8e+04 1.0e+03] R^2: -12539.587499166255
[3.5e+00 1.8e+04 1.0e+03] R^2: -12442.389665083787
[3.5e+00 1.8e+04 1.0e+03] R^2: -12261.06436710026
[3.5e+00 1.8e+04 1.0e+03] R^2: -12278.627584330005
[3.5e+00 1.8e+04 1.0e+03] R^2: -12348.121756319993
[3.5e+00 1.8e+04 1.0e+03] R^2: -12481.235799712342
[3.5e+00 1.8e+04 1.0e+03] R^2: -12497.398691073777
[3.5e+00 1.8e+04 1.0e+03] R^2: -12323.84869004046
[3.5e+00 1.8e+04 1.0e+03] R^2: -12057.56438433879
[3.5e+00 1.8e+04 1.0e+03] R^2: -11892.948022862003
[3.5e+00 1.8e+04 1.0e+03] R^2: -11949.166109760754
[3.5e+00 1.8e+04 1.0e+03] R^2: -11991.410286919287
[3.5e+00 1.8e+04 1.0e+03] R^2: -11776.594626314105
[3.5e+00 1.8e+04 1.0e+03] R^2: -11818.95779918363
[3.5e+00 1.8e+04 1.0e+03] R^2: -11952.035841255729
[3.5e+00 1.8e+04 1.0e+03] R^2: -11848.910077982806
[3.5e+00 1.8e+04 1.0e+03] R^2: -11854.679692142807
[3.5e+00 1.8e+04 1.0e+03] R^2: -11943.758268897149
[3.5e+00 1.8e+04 1.0e+03] R^2: -11670.467782654336
[3.5e+00 1.8e+04 1.0e+03] R^2: -11599.55774826966
[3.5e+00 1.8e+04 1.0e+03] R^2: -11544.018842945052
[3.5e+00 1.8e+04 1.0e+03] R^2: -11393.32272851982
[3.5e+00 1.8e+04 1.0e+03] R^2: -11386.09308684825
[3.5e+00 1.8e+04 1.0e+03] R^2: -11297.394996832078
[3.5e+00 1.8e+04 1.0e+03] R^2: -11276.140943870943
[3.5e+00 1.8e+04 1.0e+03] R^2: -11274.024042215959
[3.5e+00 1.8e+04 1.0e+03] R^2: -11281.79454418917
[3.5e+00 1.8e+04 1.0e+03] R^2: -11197.532402643406
[3.5e+00 1.8e+04 1.0e+03] R^2: -11170.892708800973
[3.5e+00 1.8e+04 1.0e+03] R^2: -11245.88247875054
[3.5e+00 1.8e+04 1.0e+03] R^2: -11204.432163078194
[3.5e+00 1.8e+04 1.0e+03] R^2: -11085.024270760558
[3.5e+00 1.8e+04 1.0e+03] R^2: -10960.977427136817
[3.5e+00 1.8e+04 1.0e+03] R^2: -11064.029750360742
[3.5e+00 1.8e+04 1.0e+03] R^2: -11069.637465193626
[3.5e+00 1.8e+04 1.0e+03] R^2: -11091.222181822737
[3.5e+00 1.8e+04 1.0e+03] R^2: -11016.117068693733
[3.5e+00 1.8e+04 1.0e+03] R^2: -10833.230328518463
[3.5e+00 1.8e+04 1.0e+03] R^2: -10927.586884989707
[3.5e+00 1.8e+04 1.0e+03] R^2: -10987.25323077261
[3.5e+00 1.8e+04 1.0e+03] R^2: -10940.809576363095
[3.5e+00 1.8e+04 1.0e+03] R^2: -11008.44463051891
[3.5e+00 1.8e+04 1.0e+03] R^2: -10866.93812336549
[3.5e+00 1.8e+04 1.0e+03] R^2: -10790.204640968235
[3.5e+00 1.8e+04 1.0e+03] R^2: -10759.167639078305
[3.5e+00 1.8e+04 1.0e+03] R^2: -10707.807106321383
[3.5e+00 1.8e+04 1.0e+03] R^2: -10748.043977491545
[3.5e+00 1.8e+04 1.0e+03] R^2: -10721.27049611961
[3.5e+00 1.8e+04 1.0e+03] R^2: -10721.366164583864
[3.5e+00 1.8e+04 1.0e+03] R^2: -10712.235730171638
[3.5e+00 1.8e+04 1.0e+03] R^2: -10760.253519092004
[3.5e+00 1.8e+04 1.0e+03] R^2: -10847.58958058992
[3.5e+00 1.8e+04 1.0e+03] R^2: -10912.851160444956
[3.5e+00 1.8e+04 1.0e+03] R^2: -10904.839140775168
[3.5e+00 1.8e+04 1.0e+03] R^2: -10881.810226123493
[3.5e+00 1.8e+04 1.0e+03] R^2: -10913.677528426695
[3.5e+00 1.8e+04 1.0e+03] R^2: -10912.525623247511
[3.5e+00 1.8e+04 1.0e+03] R^2: -10992.905689449206
[3.5e+00 1.8e+04 1.0e+03] R^2: -11017.55866145393
[3.5e+00 1.8e+04 1.0e+03] R^2: -10978.926698198364
[3.5e+00 1.8e+04 1.0e+03] R^2: -11007.420408210883
[3.5e+00 1.8e+04 1.0e+03] R^2: -11049.969943927936
[3.5e+00 1.8e+04 1.0e+03] R^2: -10924.491958107705
[3.5e+00 1.8e+04 1.0e+03] R^2: -10837.96320305418
[3.5e+00 1.8e+04 1.0e+03] R^2: -10705.202197023918
[3.5e+00 1.8e+04 1.0e+03] R^2: -10762.631366474483
[3.5e+00 1.8e+04 1.0e+03] R^2: -10791.607293225305
[3.5e+00 1.8e+04 1.0e+03] R^2: -10759.258139003303
[3.5e+00 1.8e+04 1.0e+03] R^2: -10653.590669963904
[3.5e+00 1.8e+04 1.0e+03] R^2: -10573.698712578345
[3.5e+00 1.8e+04 1.0e+03] R^2: -10508.458277375288
[3.5e+00 1.8e+04 1.0e+03] R^2: -10472.454239901386
[3.5e+00 1.8e+04 1.0e+03] R^2: -10471.362319380045
[3.5e+00 1.8e+04 1.0e+03] R^2: -10298.319213250188
[3.5e+00 1.8e+04 1.0e+03] R^2: -10244.818443383632
[3.5e+00 1.8e+04 1.0e+03] R^2: -10211.289942913403
[3.5e+00 1.8e+04 1.0e+03] R^2: -10233.450867634625
[3.5e+00 1.8e+04 1.0e+03] R^2: -10163.364635756625
[3.5e+00 1.8e+04 1.0e+03] R^2: -10047.335852016722
[3.5e+00 1.8e+04 1.0e+03] R^2: -9972.956923047881
[3.5e+00 1.8e+04 1.0e+03] R^2: -9835.887338705988
[3.5e+00 1.8e+04 1.0e+03] R^2: -9782.596262762407
[3.5e+00 1.8e+04 1.0e+03] R^2: -9665.03681950612
[3.5e+00 1.8e+04 1.0e+03] R^2: -9615.48356915991
[3.5e+00 1.8e+04 1.0e+03] R^2: -9587.535022993732
[3.5e+00 1.8e+04 1.0e+03] R^2: -9532.454843177902
[3.5e+00 1.8e+04 1.0e+03] R^2: -9422.974059582251
[3.5e+00 1.8e+04 1.0e+03] R^2: -9244.972920954919
[3.5e+00 1.8e+04 1.0e+03] R^2: -9136.23554290795
[3.5e+00 1.8e+04 1.0e+03] R^2: -9142.52644518619
[3.5e+00 1.8e+04 1.0e+03] R^2: -9057.360650925139
[3.5e+00 1.8e+04 1.0e+03] R^2: -8910.704229521776
[3.5e+00 1.8e+04 1.0e+03] R^2: -8704.103322811476
[3.5e+00 1.8e+04 1.0e+03] R^2: -8603.231544538996
[3.5e+00 1.8e+04 1.0e+03] R^2: -8561.046869823254
[3.5e+00 1.8e+04 1.0e+03] R^2: -8353.376663941635
[3.5e+00 1.8e+04 1.0e+03] R^2: -8178.800744771494
[3.5e+00 1.8e+04 1.0e+03] R^2: -8078.430679435958
[3.5e+00 1.8e+04 1.0e+03] R^2: -8065.944240973811
[3.5e+00 1.8e+04 1.0e+03] R^2: -8073.243461196768
[3.5e+00 1.8e+04 1.0e+03] R^2: -8007.4850921883635
[3.5e+00 1.8e+04 1.0e+03] R^2: -7878.894697401889
[3.5e+00 1.8e+04 1.0e+03] R^2: -7824.6570832829075
[3.5e+00 1.8e+04 1.0e+03] R^2: -7829.815787690633
[3.5e+00 1.8e+04 1.0e+03] R^2: -7824.581089916075
[3.5e+00 1.8e+04 1.0e+03] R^2: -7804.995324520316
[3.5e+00 1.8e+04 1.0e+03] R^2: -7694.398768583672
[3.5e+00 1.8e+04 1.0e+03] R^2: -7712.381529827235
[3.5e+00 1.8e+04 1.0e+03] R^2: -7724.802195137655
[3.5e+00 1.8e+04 1.0e+03] R^2: -7684.4530084362195
[3.5e+00 1.8e+04 1.0e+03] R^2: -7611.00924190038
[3.5e+00 1.8e+04 1.0e+03] R^2: -7586.748273749771
[3.5e+00 1.8e+04 1.0e+03] R^2: -7575.518793054982
[3.5e+00 1.8e+04 1.0e+03] R^2: -7568.284235842889
[3.5e+00 1.8e+04 1.0e+03] R^2: -7513.920464520573
[3.5e+00 1.8e+04 1.0e+03] R^2: -7454.6100540586285
[3.5e+00 1.8e+04 1.0e+03] R^2: -7416.339931713913
[3.5e+00 1.8e+04 1.0e+03] R^2: -7444.247714097863
[3.5e+00 1.8e+04 1.0e+03] R^2: -7378.357023772878
[3.5e+00 1.8e+04 1.0e+03] R^2: -7311.443571097884
[3.5e+00 1.8e+04 1.0e+03] R^2: -7306.952749751929
[3.5e+00 1.8e+04 1.0e+03] R^2: -7283.114146036088
[3.5e+00 1.8e+04 1.0e+03] R^2: -7297.56727817667
[3.5e+00 1.8e+04 1.0e+03] R^2: -7264.050829672706
[3.5e+00 1.8e+04 1.0e+03] R^2: -7166.420491487158
[3.5e+00 1.8e+04 1.0e+03] R^2: -7124.9115154455985
[3.5e+00 1.8e+04 1.0e+03] R^2: -7138.006527736301
[3.5e+00 1.8e+04 1.0e+03] R^2: -7109.0025490573935
[3.5e+00 1.8e+04 1.0e+03] R^2: -7019.955406705584
[3.5e+00 1.8e+04 1.0e+03] R^2: -6949.178774166892
[3.5e+00 1.8e+04 1.0e+03] R^2: -6951.388776021378
[3.5e+00 1.8e+04 1.0e+03] R^2: -6895.968937699466
[3.5e+00 1.8e+04 1.0e+03] R^2: -6904.305402504937
[3.5e+00 1.8e+04 1.0e+03] R^2: -6816.326428793281
[3.5e+00 1.8e+04 1.0e+03] R^2: -6790.875324757629
[3.5e+00 1.8e+04 1.0e+03] R^2: -6794.887692662569
[3.5e+00 1.8e+04 1.0e+03] R^2: -6819.825343662839
[3.5e+00 1.8e+04 1.0e+03] R^2: -6834.835119076169
[3.5e+00 1.8e+04 1.0e+03] R^2: -6820.536979607826
[3.5e+00 1.8e+04 1.0e+03] R^2: -6795.6331848070495
[3.5e+00 1.8e+04 1.0e+03] R^2: -6785.56271953081
[3.5e+00 1.8e+04 1.0e+03] R^2: -6803.603823620724
[3.5e+00 1.8e+04 1.0e+03] R^2: -6797.314363750903
[3.5e+00 1.8e+04 1.0e+03] R^2: -6801.875677257213
[3.5e+00 1.8e+04 1.0e+03] R^2: -6775.708826202548
[3.5e+00 1.8e+04 1.0e+03] R^2: -6789.418614397506
[3.5e+00 1.8e+04 1.0e+03] R^2: -6781.3291908843485
[3.5e+00 1.8e+04 1.0e+03] R^2: -6749.489807725918
[3.5e+00 1.8e+04 1.0e+03] R^2: -6744.596591143375
[3.5e+00 1.8e+04 1.0e+03] R^2: -6762.407882957323
[3.5e+00 1.8e+04 1.0e+03] R^2: -6778.498083693871
[3.5e+00 1.8e+04 1.0e+03] R^2: -6771.598167244187
[3.5e+00 1.8e+04 1.0e+03] R^2: -6743.065150278609
[3.5e+00 1.8e+04 1.0e+03] R^2: -6756.673776729831
[3.5e+00 1.8e+04 1.0e+03] R^2: -6759.87636194927
[3.5e+00 1.8e+04 1.0e+03] R^2: -6770.240339303564
[3.5e+00 1.8e+04 1.0e+03] R^2: -6734.199795092199
[3.5e+00 1.8e+04 1.0e+03] R^2: -6717.963398071192
[3.5e+00 1.8e+04 1.0e+03] R^2: -6683.964476505219
[3.5e+00 1.8e+04 1.0e+03] R^2: -6684.090445961442
[3.5e+00 1.8e+04 1.0e+03] R^2: -6672.9675864821
[3.5e+00 1.8e+04 1.0e+03] R^2: -6672.988147272668
[3.5e+00 1.8e+04 1.0e+03] R^2: -6679.377930019447
[3.5e+00 1.8e+04 1.0e+03] R^2: -6626.833751246969
[3.5e+00 1.8e+04 1.0e+03] R^2: -6606.268230510899
[3.5e+00 1.8e+04 1.0e+03] R^2: -6603.100108157214
[3.5e+00 1.8e+04 1.0e+03] R^2: -6602.410258488791
[3.5e+00 1.8e+04 1.0e+03] R^2: -6583.352456043089
[3.5e+00 1.8e+04 1.0e+03] R^2: -6551.754067606571
[3.5e+00 1.8e+04 1.0e+03] R^2: -6562.15569338958
[3.5e+00 1.8e+04 1.0e+03] R^2: -6545.675216417961
[3.5e+00 1.8e+04 1.0e+03] R^2: -6548.887105859356
[3.5e+00 1.8e+04 1.0e+03] R^2: -6515.599851621958
[3.5e+00 1.8e+04 1.0e+03] R^2: -6525.526777178924
[3.5e+00 1.8e+04 1.0e+03] R^2: -6546.67867569518
[3.5e+00 1.8e+04 1.0e+03] R^2: -6537.6117672780065
[3.5e+00 1.8e+04 1.0e+03] R^2: -6527.992939535443
[3.5e+00 1.8e+04 1.0e+03] R^2: -6523.363697533345
[3.5e+00 1.8e+04 1.0e+03] R^2: -6527.223856020127
[3.5e+00 1.8e+04 1.0e+03] R^2: -6552.344769315951
[3.5e+00 1.8e+04 1.0e+03] R^2: -6553.02784189811
[3.5e+00 1.8e+04 1.0e+03] R^2: -6571.036917474855
[3.5e+00 1.8e+04 1.0e+03] R^2: -6597.092078490079
[3.5e+00 1.8e+04 1.0e+03] R^2: -6614.501169412511
[3.5e+00 1.8e+04 1.0e+03] R^2: -6624.542843151296
[3.5e+00 1.8e+04 1.0e+03] R^2: -6649.129872309355
[3.5e+00 1.8e+04 1.0e+03] R^2: -6669.429910181174
[3.5e+00 1.8e+04 1.0e+03] R^2: -6678.265784270427
[3.5e+00 1.8e+04 1.0e+03] R^2: -6692.825040418287
[3.5e+00 1.8e+04 1.0e+03] R^2: -6708.578050138503
[3.5e+00 1.8e+04 1.0e+03] R^2: -6724.632735379151
[3.5e+00 1.8e+04 1.0e+03] R^2: -6744.198700566005
[3.5e+00 1.8e+04 1.0e+03] R^2: -6759.005527599165
[3.5e+00 1.8e+04 1.0e+03] R^2: -6784.98161471073
[3.5e+00 1.8e+04 1.0e+03] R^2: -6783.254158135448
[3.5e+00 1.8e+04 1.0e+03] R^2: -6807.608665478042
[3.5e+00 1.8e+04 1.0e+03] R^2: -6828.7807004230735
[3.5e+00 1.8e+04 1.0e+03] R^2: -6845.270525048128
[3.5e+00 1.8e+04 1.0e+03] R^2: -6861.288053375973
[3.5e+00 1.8e+04 1.0e+03] R^2: -6886.778235416495
[3.5e+00 1.8e+04 1.0e+03] R^2: -6912.364578185399
[3.5e+00 1.8e+04 1.0e+03] R^2: -6929.272114839227
[3.5e+00 1.8e+04 1.0e+03] R^2: -6937.6085200117395
[3.5e+00 1.8e+04 1.0e+03] R^2: -6952.641234141157
[3.5e+00 1.8e+04 1.0e+03] R^2: -6978.25232806499
[3.5e+00 1.8e+04 1.0e+03] R^2: -7003.902517172043
[3.5e+00 1.8e+04 1.0e+03] R^2: -7025.125279101264
[3.5e+00 1.8e+04 1.0e+03] R^2: -7050.54818816595
[3.5e+00 1.8e+04 1.0e+03] R^2: -7076.070064773168
[3.5e+00 1.8e+04 1.0e+03] R^2: -7101.697415377165
[3.5e+00 1.8e+04 1.0e+03] R^2: -7126.883816016358
[3.5e+00 1.8e+04 1.0e+03] R^2: -7150.462722046674
[3.5e+00 1.8e+04 1.0e+03] R^2: -7174.1855578324285
[3.5e+00 1.8e+04 1.0e+03] R^2: -7192.3454170857985
[3.5e+00 1.8e+04 1.0e+03] R^2: -7214.325615344356
[3.5e+00 1.8e+04 1.0e+03] R^2: -7239.680622516793
[3.5e+00 1.8e+04 1.0e+03] R^2: -7260.762724037362
[3.5e+00 1.8e+04 1.0e+03] R^2: -7263.341732058667
[3.5e+00 1.8e+04 1.0e+03] R^2: -7281.985037660097
[3.5e+00 1.8e+04 1.0e+03] R^2: -7306.223844315519
[3.5e+00 1.8e+04 1.0e+03] R^2: -7328.996589932208
[3.5e+00 1.8e+04 1.0e+03] R^2: -7343.333321502724
[3.5e+00 1.8e+04 1.0e+03] R^2: -7357.167373544205
[3.5e+00 1.8e+04 1.0e+03] R^2: -7378.120211266091
[3.5e+00 1.8e+04 1.0e+03] R^2: -7402.977118787522
[3.5e+00 1.8e+04 1.0e+03] R^2: -7427.855115579754
[3.5e+00 1.8e+04 1.0e+03] R^2: -7442.08395282388
[3.5e+00 1.8e+04 1.0e+03] R^2: -7451.6280221916195
[3.5e+00 1.8e+04 1.0e+03] R^2: -7476.406824812705
[3.5e+00 1.8e+04 1.0e+03] R^2: -7501.58336415502
[3.5e+00 1.8e+04 1.0e+03] R^2: -7511.794696169556
[3.5e+00 1.8e+04 1.0e+03] R^2: -7469.690984702287
[3.5e+00 1.8e+04 1.0e+03] R^2: -7478.167005758914
[3.5e+00 1.8e+04 1.0e+03] R^2: -7498.304341366489
[3.5e+00 1.8e+04 1.0e+03] R^2: -7494.987939523368
[3.5e+00 1.8e+04 1.0e+03] R^2: -7443.906339724894
[3.5e+00 1.8e+04 1.0e+03] R^2: -7449.128684757283
[3.5e+00 1.8e+04 1.0e+03] R^2: -7468.697988819261
[3.5e+00 1.8e+04 1.0e+03] R^2: -7490.858524601855
[3.5e+00 1.8e+04 1.0e+03] R^2: -7439.593449628264
[3.5e+00 1.8e+04 1.0e+03] R^2: -7408.373297751319
[3.5e+00 1.8e+04 1.0e+03] R^2: -7409.275475257026
[3.5e+00 1.8e+04 1.0e+03] R^2: -7419.389233462438
[3.5e+00 1.8e+04 1.0e+03] R^2: -7377.2451408279485
[3.5e+00 1.8e+04 1.0e+03] R^2: -7238.763244025382
[3.5e+00 1.8e+04 1.0e+03] R^2: -7204.255875948816
[3.5e+00 1.8e+04 1.0e+03] R^2: -7195.689506314724
[3.5e+00 1.8e+04 1.0e+03] R^2: -7133.499088070243
[3.5e+00 1.8e+04 1.0e+03] R^2: -7077.39037017527
[3.5e+00 1.8e+04 1.0e+03] R^2: -7064.145001780977
[3.5e+00 1.8e+04 1.0e+03] R^2: -7039.614161404159
[3.5e+00 1.8e+04 1.0e+03] R^2: -6968.747543818931
[3.5e+00 1.8e+04 1.0e+03] R^2: -6935.919430232958
[3.5e+00 1.8e+04 1.0e+03] R^2: -6933.788158206776
[3.5e+00 1.8e+04 1.0e+03] R^2: -6930.135435199846
[3.5e+00 1.8e+04 1.0e+03] R^2: -6914.652481632565
[3.5e+00 1.8e+04 1.0e+03] R^2: -6908.258163257443
[3.5e+00 1.8e+04 1.0e+03] R^2: -6906.460786175865
[3.5e+00 1.8e+04 1.0e+03] R^2: -6913.239227487445
[3.5e+00 1.8e+04 1.0e+03] R^2: -6898.452532226539
[3.5e+00 1.8e+04 1.0e+03] R^2: -6854.6976490594625
[3.5e+00 1.8e+04 1.0e+03] R^2: -6841.514145832663
[3.5e+00 1.8e+04 1.0e+03] R^2: -6812.422660577425
[3.5e+00 1.8e+04 1.0e+03] R^2: -6805.462953025776
[3.5e+00 1.8e+04 1.0e+03] R^2: -6744.49122618524
[3.5e+00 1.8e+04 1.0e+03] R^2: -6629.169371939365
[3.5e+00 1.8e+04 1.0e+03] R^2: -6547.0577519959625
[3.5e+00 1.8e+04 1.0e+03] R^2: -6496.4055384571
[3.5e+00 1.8e+04 1.0e+03] R^2: -6429.23488271364
[3.5e+00 1.8e+04 1.0e+03] R^2: -6244.785223576479
[3.5e+00 1.8e+04 1.0e+03] R^2: -6202.261315558074
[3.5e+00 1.8e+04 1.0e+03] R^2: -6130.026820757004
[3.5e+00 1.8e+04 1.0e+03] R^2: -6015.360117322325
[3.5e+00 1.8e+04 1.0e+03] R^2: -5927.807072437092
[3.5e+00 1.8e+04 1.0e+03] R^2: -5863.134348690366
[3.5e+00 1.8e+04 1.0e+03] R^2: -5705.951846928651
[3.5e+00 1.8e+04 1.0e+03] R^2: -5611.946550873686
[3.5e+00 1.8e+04 1.0e+03] R^2: -5517.365033235454
[3.5e+00 1.8e+04 1.0e+03] R^2: -5395.944003294498
[3.5e+00 1.8e+04 1.0e+03] R^2: -5299.475316932157
[3.5e+00 1.8e+04 1.0e+03] R^2: -5152.705838160239
[3.5e+00 1.8e+04 1.0e+03] R^2: -5045.9249054240145
[3.5e+00 1.8e+04 1.0e+03] R^2: -4970.854319685146
[3.5e+00 1.8e+04 1.0e+03] R^2: -4868.3790836487215
[3.5e+00 1.8e+04 1.0e+03] R^2: -4705.883247446061
[3.5e+00 1.8e+04 1.0e+03] R^2: -4576.840301588261
[3.5e+00 1.8e+04 1.0e+03] R^2: -4511.409567467024
[3.5e+00 1.8e+04 1.0e+03] R^2: -4403.996139226567
[3.5e+00 1.8e+04 1.0e+03] R^2: -4307.313429141919
[3.5e+00 1.8e+04 1.0e+03] R^2: -4215.923412403765
[3.5e+00 1.8e+04 1.0e+03] R^2: -4089.7179360369214
[3.5e+00 1.8e+04 1.0e+03] R^2: -3994.9037179582783
[3.5e+00 1.8e+04 1.0e+03] R^2: -3900.7768754956232
[3.5e+00 1.8e+04 1.0e+03] R^2: -3808.1225843540287
[3.5e+00 1.8e+04 1.0e+03] R^2: -3700.474838594129
[3.5e+00 1.8e+04 1.0e+03] R^2: -3573.1830909312293
[3.5e+00 1.8e+04 1.0e+03] R^2: -3479.8379669325836
[3.5e+00 1.8e+04 1.0e+03] R^2: -3371.070013224444
[3.5e+00 1.8e+04 1.0e+03] R^2: -3285.823134128321
[3.5e+00 1.8e+04 1.0e+03] R^2: -3198.2032007206735
[3.5e+00 1.8e+04 1.0e+03] R^2: -3097.024105359058
[3.5e+00 1.8e+04 1.0e+03] R^2: -3003.9418119473376
[3.5e+00 1.8e+04 1.0e+03] R^2: -2912.923320257828
[3.5e+00 1.8e+04 1.0e+03] R^2: -2834.9922294712774
[3.5e+00 1.8e+04 1.0e+03] R^2: -2756.897364343794
[3.5e+00 1.8e+04 1.0e+03] R^2: -2669.8497932881123
[3.5e+00 1.8e+04 1.0e+03] R^2: -2591.4590963887113
[3.5e+00 1.8e+04 1.0e+03] R^2: -2524.173885205384
[3.5e+00 1.8e+04 1.0e+03] R^2: -2457.569154381298
[3.5e+00 1.8e+04 1.0e+03] R^2: -2397.2232848326266
[3.5e+00 1.8e+04 1.0e+03] R^2: -2329.32396745713
[3.5e+00 1.8e+04 1.0e+03] R^2: -2263.440024530503
[3.5e+00 1.8e+04 1.0e+03] R^2: -2205.5691757588893
[3.5e+00 1.8e+04 1.0e+03] R^2: -2143.084496716651
[3.5e+00 1.8e+04 1.0e+03] R^2: -2075.6566076794393
[3.5e+00 1.8e+04 1.0e+03] R^2: -2015.8718654916213
[3.5e+00 1.8e+04 1.0e+03] R^2: -1954.0113271755113
[3.5e+00 1.8e+04 1.0e+03] R^2: -1891.8833632193791
[3.5e+00 1.8e+04 1.0e+03] R^2: -1834.6837742358316
[3.5e+00 1.8e+04 1.0e+03] R^2: -1783.4160020041566
[3.5e+00 1.8e+04 1.0e+03] R^2: -1738.4213184451346
[3.5e+00 1.8e+04 1.0e+03] R^2: -1689.644751473857
[3.5e+00 1.8e+04 1.0e+03] R^2: -1639.1502004791878
[3.5e+00 1.8e+04 1.0e+03] R^2: -1587.4495575390445
[3.5e+00 1.8e+04 1.0e+03] R^2: -1542.943228506804
[3.5e+00 1.8e+04 1.0e+03] R^2: -1503.1398539798138
[3.5e+00 1.8e+04 1.0e+03] R^2: -1455.1074774754634
[3.5e+00 1.8e+04 1.0e+03] R^2: -1407.4212786792132
[3.5e+00 1.8e+04 1.0e+03] R^2: -1371.927955296224
[3.5e+00 1.8e+04 1.0e+03] R^2: -1334.065614192649
[3.5e+00 1.8e+04 1.0e+03] R^2: -1289.4980422366384
[3.5e+00 1.8e+04 1.0e+03] R^2: -1246.1902759400164
[3.5e+00 1.8e+04 1.0e+03] R^2: -1207.9830314026165
[3.5e+00 1.8e+04 1.0e+03] R^2: -1170.251786156238
[3.5e+00 1.8e+04 1.0e+03] R^2: -1131.5965353044758
[3.5e+00 1.8e+04 1.0e+03] R^2: -1099.001677424443
[3.5e+00 1.8e+04 1.0e+03] R^2: -1067.290514618226
[3.5e+00 1.8e+04 1.0e+03] R^2: -1036.7785772504028
[3.5e+00 1.8e+04 1.0e+03] R^2: -1001.6017475857262
[3.5e+00 1.8e+04 1.0e+03] R^2: -969.8081406608792
[3.5e+00 1.8e+04 1.0e+03] R^2: -940.2640227443969
[3.5e+00 1.8e+04 1.0e+03] R^2: -912.5736052143852
[3.5e+00 1.8e+04 1.0e+03] R^2: -883.0860688666645
[3.5e+00 1.8e+04 1.0e+03] R^2: -855.6159115824142
[3.5e+00 1.8e+04 1.0e+03] R^2: -830.2186369544852
[3.5e+00 1.8e+04 1.0e+03] R^2: -806.8117398802442
[3.5e+00 1.8e+04 1.0e+03] R^2: -782.0586816047435
[3.5e+00 1.8e+04 1.0e+03] R^2: -758.8911646383839
[3.5e+00 1.8e+04 1.0e+03] R^2: -736.5917409895858
[3.5e+00 1.8e+04 1.0e+03] R^2: -716.3815770844917
[3.5e+00 1.8e+04 1.0e+03] R^2: -695.2811252928379
[3.5e+00 1.8e+04 1.0e+03] R^2: -674.6542952336974
[3.5e+00 1.8e+04 1.0e+03] R^2: -655.6741086606398
[3.5e+00 1.8e+04 1.0e+03] R^2: -637.678351954772
[3.5e+00 1.8e+04 1.0e+03] R^2: -619.8101400834353
[3.5e+00 1.8e+04 1.0e+03] R^2: -601.5546875815037
[3.5e+00 1.8e+04 1.0e+03] R^2: -583.9548328944089
[3.5e+00 1.8e+04 1.0e+03] R^2: -567.0994187318456
[3.5e+00 1.8e+04 1.0e+03] R^2: -551.6357080325155
[3.5e+00 1.8e+04 1.0e+03] R^2: -536.0288036058045
[3.5e+00 1.8e+04 1.0e+03] R^2: -520.6570776939303
[3.5e+00 1.8e+04 1.0e+03] R^2: -506.14034798038995
[3.5e+00 1.8e+04 1.0e+03] R^2: -492.1674506817266
[3.5e+00 1.8e+04 1.0e+03] R^2: -478.6112059660274
[3.5e+00 1.8e+04 1.0e+03] R^2: -465.1266988808748
[3.5e+00 1.8e+04 1.0e+03] R^2: -451.7651527788875
[3.5e+00 1.8e+04 1.0e+03] R^2: -439.53292776120776
[3.5e+00 1.8e+04 1.0e+03] R^2: -427.5562889684855
[3.5e+00 1.8e+04 1.0e+03] R^2: -416.3977154665755
[3.5e+00 1.8e+04 1.0e+03] R^2: -404.563568185688
[3.5e+00 1.8e+04 1.0e+03] R^2: -393.13494030560986
[3.5e+00 1.8e+04 1.0e+03] R^2: -382.5976896570668
[3.5e+00 1.8e+04 1.0e+03] R^2: -371.90012144940215
[3.5e+00 1.8e+04 1.0e+03] R^2: -362.02235399370323
[ 3.50000000e+00 -5.57560563e+04  8.55773968e+03] R^2: -352.51251557729995
Optimal not found
Optimal not found
Optimal not found
Optimal not found
Optimal not found
Optimal not found
Optimal not found
Optimal not found
Optimal not found
Optimal not found
Optimal not found
Optimal not found
Optimal not found
Optimal not found
Optimal not found
Optimal not found
Optimal not found
Optimal not found
Optimal not found
Optimal not found
Optimal not found
Optimal not found
Optimal not found
Optimal not found
Optimal not found
Optimal not found
Optimal not found
Optimal not found
Optimal not found
Optimal not found
Optimal not found
Optimal not found
Optimal not found
Optimal not found
Optimal not found
Optimal not found
Optimal not found
Optimal not found
Optimal not found
Optimal not found
Optimal not found
Optimal not found
Optimal not found
Optimal not found
Optimal not found
Optimal not found
Optimal not found
Optimal not found
Optimal not found
Optimal not found
Optimal not found
Optimal not found
Optimal not found
Optimal not found
Optimal not found
Optimal not found
Optimal not found
Optimal not found
Optimal not found
Optimal not found
Optimal not found
Optimal not found
Optimal not found
Optimal not found
Optimal not found
Optimal not found
Optimal not found
Optimal not found
Optimal not found
Optimal not found
Optimal not found
Optimal not found
Optimal not found
Optimal not found
Optimal not found
Optimal not found
Optimal not found
Optimal not found
Optimal not found
Optimal not found
Optimal not found
Optimal not found
Optimal not found
Optimal not found
Optimal not found
Optimal not found
Optimal not found
Optimal not found
Optimal not found
Optimal not found
Optimal not found
Optimal not found
Optimal not found
Optimal not found
Optimal not found
Optimal not found
Optimal not found
Optimal not found
Optimal not found
Optimal not found
Optimal not found
Optimal not found
Optimal not found
Optimal not found
Optimal not found
Optimal not found
Optimal not found
Optimal not found
Optimal not found
Optimal not found
Optimal not found
Optimal not found
Optimal not found
Optimal not found
Optimal not found
Optimal not found
Optimal not found
Optimal not found
Optimal not found
Optimal not found
Optimal not found
Optimal not found
Optimal not found
Optimal not found
Optimal not found
Optimal not found
Optimal not found
Optimal not found
Optimal not found
Optimal not found
Optimal not found
Optimal not found
Optimal not found
Optimal not found
Optimal not found
Optimal not found
Optimal not found
Optimal not found
Optimal not found
Optimal not found
Optimal not found
Optimal not found
Optimal not found
Optimal not found
Optimal not found
Optimal not found
Optimal not found
Optimal not found
Optimal not found
Optimal not found
Optimal not found
Optimal not found
Optimal not found
Optimal not found
Optimal not found
Optimal not found
Optimal not found
Optimal not found
Optimal not found
Optimal not found
Optimal not found
Optimal not found
Optimal not found
Optimal not found
Optimal not found
Optimal not found
Optimal not found
Optimal not found
Optimal not found
Optimal not found
Optimal not found
Optimal not found
Optimal not found
Optimal not found
Optimal not found
Optimal not found
Optimal not found
Optimal not found
Optimal not found
Optimal not found
Optimal not found
Optimal not found
Optimal not found
Optimal not found
Optimal not found
Optimal not found
Optimal not found
Optimal not found
Optimal not found
Optimal not found
Optimal not found
Optimal not found
Optimal not found
Optimal not found
Optimal not found
Optimal not found
Optimal not found
Optimal not found
Optimal not found
Optimal not found
Optimal not found
Optimal not found
Optimal not found
Optimal not found
Optimal not found
Optimal not found
Optimal not found
Optimal not found
Optimal not found
Optimal not found
Optimal not found
Optimal not found
Optimal not found
Optimal not found
Optimal not found
Optimal not found
Optimal not found
Optimal not found
Optimal not found
Optimal not found
Optimal not found
Optimal not found
Optimal not found
Optimal not found
Optimal not found
Optimal not found
Optimal not found
Optimal not found
Optimal not found
Optimal not found
Optimal not found
Optimal not found
Optimal not found
Optimal not found
Optimal not found
Optimal not found
Optimal not found
Optimal not found
Optimal not found
Optimal not found
Optimal not found
Optimal not found
Optimal not found
Optimal not found
Optimal not found
Optimal not found
Optimal not found
Optimal not found
Optimal not found
Optimal not found
Optimal not found
Optimal not found
Optimal not found
Optimal not found
Optimal not found
Optimal not found
Optimal not found
Optimal not found
Optimal not found
Optimal not found
Optimal not found
Optimal not found
Optimal not found
Optimal not found
Optimal not found
Optimal not found
Optimal not found
Optimal not found
Optimal not found
Optimal not found
Optimal not found
Optimal not found
Optimal not found
Optimal not found
Optimal not found
Optimal not found
Optimal not found
Optimal not found
Optimal not found
Optimal not found
Optimal not found
Optimal not found
Optimal not found
Optimal not found
Optimal not found
Optimal not found
Optimal not found
Optimal not found
Optimal not found
Optimal not found
Optimal not found
Optimal not found
Optimal not found
Optimal not found
Optimal not found
Optimal not found
Optimal not found
Optimal not found
Optimal not found
Optimal not found
Optimal not found
Optimal not found
Optimal not found
Optimal not found
Optimal not found
Optimal not found
Optimal not found
Optimal not found
Optimal not found
Optimal not found
Optimal not found
Optimal not found
Optimal not found
Optimal not found
Optimal not found
Optimal not found
Optimal not found
Optimal not found
Optimal not found
Optimal not found
Optimal not found
Optimal not found
Optimal not found
Optimal not found
Optimal not found
Optimal not found
Optimal not found
Optimal not found
Optimal not found
Optimal not found
Optimal not found
Optimal not found
Optimal not found
Optimal not found
Optimal not found
Optimal not found
Optimal not found
Optimal not found
Optimal not found
Optimal not found
Optimal not found
Optimal not found
Optimal not found
Optimal not found
Optimal not found
Optimal not found
Optimal not found
Optimal not found
Optimal not found
Optimal not found
Optimal not found
Optimal not found
Optimal not found
Optimal not found
Optimal not found
Optimal not found
Optimal not found
Optimal not found
Optimal not found
Optimal not found
Optimal not found
Optimal not found
Optimal not found
Optimal not found
Optimal not found
Optimal not found
Optimal not found
Optimal not found
Optimal not found
Optimal not found
Optimal not found
[   665.25283603 140372.46555002  34362.38409465] R^2: 0.8310164218528475
[   164.76684512 114698.83811046  30739.93594838] R^2: 0.829650873829292
[6.57677598e+01 9.77927063e+04 2.81006546e+04] R^2: 0.8282827090403286
[3.38547368e+01 8.55494277e+04 2.60209182e+04] R^2: 0.8269256473393133
[2.05507988e+01 7.63315816e+04 2.43369403e+04] R^2: 0.8255699431778043
[1.39084358e+01 6.91093993e+04 2.29301537e+04] R^2: 0.824198083909575
[1.02264768e+01 6.34105701e+04 2.17552411e+04] R^2: 0.8228708782044247
[7.92930732e+00 5.86846159e+04 2.07292573e+04] R^2: 0.8215154835460716
[6.40858476e+00 5.47195029e+04 1.98265133e+04] R^2: 0.8201401841148286
[5.36606701e+00 5.14049283e+04 1.90382368e+04] R^2: 0.8188048364806796
[4.60622547e+00 4.85462687e+04 1.83302930e+04] R^2: 0.8174507351525637
[4.04276050e+00 4.60957104e+04 1.77000001e+04] R^2: 0.8161404031088388
[3.60270666e+00 4.39233951e+04 1.71208069e+04] R^2: 0.8148015076610597
[3.25789316e+00 4.20208672e+04 1.65963073e+04] R^2: 0.8134776118452012
[2.97988533e+00 4.03269826e+04 1.61139369e+04] R^2: 0.812163883210932
[2.75220231e+00 3.88112356e+04 1.56688446e+04] R^2: 0.8108548503584481
[2.56342295e+00 3.74508181e+04 1.52576787e+04] R^2: 0.8095455861264345
[2.40383314e+00 3.62138628e+04 1.48729439e+04] R^2: 0.8082359734323168
[2.26819498e+00 3.50905715e+04 1.45138814e+04] R^2: 0.8069340135965268
[2.15211394e+00 3.40697124e+04 1.41790343e+04] R^2: 0.8056383406664627
[2.05137016e+00 3.31324051e+04 1.38634833e+04] R^2: 0.8043533024851307
[1.96304053e+00 3.22667919e+04 1.35647098e+04] R^2: 0.8030598860322504
[1.88591778e+00 3.14740582e+04 1.32845406e+04] R^2: 0.8017839433876087
[1.81729425e+00 3.07357100e+04 1.30171924e+04] R^2: 0.8005040312679033
[1.75638552e+00 3.00518657e+04 1.27637458e+04] R^2: 0.7992367610138303
[1.70213713e+00 2.94183086e+04 1.25236866e+04] R^2: 0.7979778608522072
[1.65338717e+00 2.88266126e+04 1.22942871e+04] R^2: 0.7967324091088654
[1.60926912e+00 2.82713787e+04 1.20742105e+04] R^2: 0.7954824927478863
[1.56962466e+00 2.77552769e+04 1.18652968e+04] R^2: 0.7942523861176191
[1.53355536e+00 2.72695825e+04 1.16642940e+04] R^2: 0.7930330913579208
[1.50064929e+00 2.68120593e+04 1.14708635e+04] R^2: 0.791817420543452
[1.47071265e+00 2.63831185e+04 1.12858028e+04] R^2: 0.7906125419895167
[1.44327011e+00 2.59775849e+04 1.11069976e+04] R^2: 0.7894222228813685
[1.41804936e+00 2.55937398e+04 1.09341702e+04] R^2: 0.7882374965223018
[1.39494121e+00 2.52321689e+04 1.07681162e+04] R^2: 0.7870630047184489
[1.37368068e+00 2.48895963e+04 1.06073405e+04] R^2: 0.7859123170357978
[1.35402969e+00 2.45643241e+04 1.04516395e+04] R^2: 0.7847587898331205
[1.33585706e+00 2.42546888e+04 1.03001706e+04] R^2: 0.7836228336136651
[1.31906057e+00 2.39607670e+04 1.01535055e+04] R^2: 0.7824928812980378
[1.30345097e+00 2.36795535e+04 1.00100743e+04] R^2: 0.7813735204046615
[1.28899781e+00 2.34120654e+04 9.87087691e+03] R^2: 0.7802614401920918
[1.27561136e+00 2.31568294e+04 9.73506986e+03] R^2: 0.7791740888145928
[1.26322682e+00 2.29141053e+04 9.60327669e+03] R^2: 0.7781007721771848
[1.25167160e+00 2.26808154e+04 9.47383782e+03] R^2: 0.7770291770388497
[1.24098626e+00 2.24581259e+04 9.34743390e+03] R^2: 0.7759887182915907
[1.23104844e+00 2.22447168e+04 9.22372172e+03] R^2: 0.7749523071157332
[1.22180642e+00 2.20396520e+04 9.10214981e+03] R^2: 0.7739265870605752
[1.21325827e+00 2.18430939e+04 8.98281935e+03] R^2: 0.772929318789217
[1.20533100e+00 2.16544849e+04 8.86576335e+03] R^2: 0.7719409490536582
[1.19800338e+00 2.14734226e+04 8.75071758e+03] R^2: 0.7709730279132123
[1.19123801e+00 2.12994032e+04 8.63746894e+03] R^2: 0.7700251156176326
[1.18495809e+00 2.11307558e+04 8.52499507e+03] R^2: 0.7690807974540275
[1.17921146e+00 2.09690892e+04 8.41444420e+03] R^2: 0.768166489616672
[1.17394202e+00 2.08131874e+04 8.30507554e+03] R^2: 0.7672713467112158
[1.16911452e+00 2.06622419e+04 8.19636877e+03] R^2: 0.7663891651670529
[1.16476202e+00 2.05175935e+04 8.08936205e+03] R^2: 0.7655431093092906
[1.16083252e+00 2.03778336e+04 7.98309015e+03] R^2: 0.7647184261083871
[1.15730183e+00 2.02426265e+04 7.87743107e+03] R^2: 0.7639075503709164
[1.15416095e+00 2.01109281e+04 7.77136882e+03] R^2: 0.7631135234700583
[1.15143225e+00 1.99841602e+04 7.66615715e+03] R^2: 0.7623532212916482
[1.14908711e+00 1.98616398e+04 7.56137181e+03] R^2: 0.7616139690103838
[1.14711617e+00 1.97422963e+04 7.45598237e+03] R^2: 0.7608907576437832
[1.14554258e+00 1.96269754e+04 7.35064480e+03] R^2: 0.7602030990285984
[1.14434088e+00 1.95147491e+04 7.24465875e+03] R^2: 0.7595294350418917
[1.14352826e+00 1.94060109e+04 7.13827772e+03] R^2: 0.7588825661542351
[1.14310932e+00 1.93014961e+04 7.03225598e+03] R^2: 0.7582733918545753
[1.14308035e+00 1.92000917e+04 6.92548911e+03] R^2: 0.7576868213231615
[1.14345676e+00 1.91012585e+04 6.81728698e+03] R^2: 0.7571187421259498
[1.14421004e+00 1.90077140e+04 6.71086511e+03] R^2: 0.7565950206800669
[1.14534117e+00 1.89181448e+04 6.60487737e+03] R^2: 0.7560990930930116
[1.14686209e+00 1.88316579e+04 6.49832008e+03] R^2: 0.7556179104518198
[1.14870306e+00 1.87509362e+04 6.39478981e+03] R^2: 0.7551799363642047
[1.15083020e+00 1.86753507e+04 6.29402322e+03] R^2: 0.7547681666797156
[1.15318657e+00 1.86052561e+04 6.19701070e+03] R^2: 0.754381873981976
[1.15569815e+00 1.85412219e+04 6.10511260e+03] R^2: 0.7540272119581913
[1.15827711e+00 1.84835108e+04 6.01948158e+03] R^2: 0.753703725768002
[1.16094328e+00 1.84303748e+04 5.93809150e+03] R^2: 0.7533905063535125
[1.16354716e+00 1.83833956e+04 5.86403230e+03] R^2: 0.753109917334446
[1.16605735e+00 1.83418387e+04 5.79679867e+03] R^2: 0.7528571323586366
[1.16852717e+00 1.83039361e+04 5.73400760e+03] R^2: 0.7526113316303666
[1.17089883e+00 1.82699266e+04 5.67642419e+03] R^2: 0.7523814969497546
[1.17312344e+00 1.82398875e+04 5.62454631e+03] R^2: 0.7521755061291673
[1.17523152e+00 1.82129051e+04 5.57710257e+03] R^2: 0.751984474227579
[1.17722304e+00 1.81885319e+04 5.53360357e+03] R^2: 0.7518041141567924
[1.17909735e+00 1.81666503e+04 5.49389159e+03] R^2: 0.7516410282493451
[1.18082701e+00 1.81472471e+04 5.45817859e+03] R^2: 0.751497866548352
[1.18246256e+00 1.81294667e+04 5.42510633e+03] R^2: 0.7513607301985789
[1.18401817e+00 1.81131095e+04 5.39431636e+03] R^2: 0.7512306076345454
[1.18544921e+00 1.80985183e+04 5.36654306e+03] R^2: 0.7511170371125507
[1.18680537e+00 1.80850780e+04 5.34069354e+03] R^2: 0.7510104015199115
[1.18810780e+00 1.80725118e+04 5.31628478e+03] R^2: 0.7509069733094935
[1.18933054e+00 1.80610106e+04 5.29373210e+03] R^2: 0.750812306909936
[1.19044816e+00 1.80507457e+04 5.27342149e+03] R^2: 0.750731546460106
[1.19151275e+00 1.80411833e+04 5.25433949e+03] R^2: 0.7506551583117917
[1.19253225e+00 1.80322200e+04 5.23630465e+03] R^2: 0.7505820273184245
[1.19347624e+00 1.80240093e+04 5.21974179e+03] R^2: 0.7505149888876641
[1.19436910e+00 1.80164637e+04 5.20432290e+03] R^2: 0.750455567504211
[1.19520416e+00 1.80095386e+04 5.19006415e+03] R^2: 0.7504023417990807
[1.19598720e+00 1.80030801e+04 5.17676494e+03] R^2: 0.7503516553415047
[1.19675285e+00 1.79969462e+04 5.16395788e+03] R^2: 0.7503033348444316
[1.19744129e+00 1.79914470e+04 5.15248901e+03] R^2: 0.750261969082695
[1.19811269e+00 1.79862404e+04 5.14146999e+03] R^2: 0.7502231023140945
[1.19869856e+00 1.79816941e+04 5.13187718e+03] R^2: 0.7501922818060291
[1.19927484e+00 1.79773600e+04 5.12258289e+03] R^2: 0.7501629968046654
[1.19981788e+00 1.79732579e+04 5.11383083e+03] R^2: 0.7501341844033402
[1.20031610e+00 1.79696203e+04 5.10592667e+03] R^2: 0.7501118567822692
[1.20075459e+00 1.79663860e+04 5.09895808e+03] R^2: 0.7500933959170446
[1.20119266e+00 1.79631960e+04 5.09204570e+03] R^2: 0.7500736128417194
[1.20159756e+00 1.79603567e+04 5.08576129e+03] R^2: 0.7500583319898502
[1.20195977e+00 1.79577747e+04 5.08011593e+03] R^2: 0.7500448161434727
[1.20229553e+00 1.79554079e+04 5.07491513e+03] R^2: 0.7500330886635332
[1.20262922e+00 1.79531568e+04 5.06983933e+03] R^2: 0.7500222072156855
[1.20288327e+00 1.79513973e+04 5.06594453e+03] R^2: 0.7500163787741837
[1.20314577e+00 1.79495994e+04 5.06194340e+03] R^2: 0.7500090093174164
[1.20337338e+00 1.79480548e+04 5.05849162e+03] R^2: 0.7500038703625931
[1.20356885e+00 1.79468119e+04 5.05559949e+03] R^2: 0.7500016149984414
[1.20374904e+00 1.79456064e+04 5.05288932e+03] R^2: 0.7499986776514067
[1.20390292e+00 1.79445847e+04 5.05058460e+03] R^2: 0.7499969040015635
[1.20401707e+00 1.79438304e+04 5.04888008e+03] R^2: 0.7499968698319323
[1.20412164e+00 1.79432183e+04 5.04738352e+03] R^2: 0.7499975444999726
[1.20420059e+00 1.79426987e+04 5.04620938e+03] R^2: 0.7499981525586787
[1.20424355e+00 1.79424121e+04 5.04556826e+03] R^2: 0.7499996315851021
[1.20426819e+00 1.79422435e+04 5.04519766e+03] R^2: 0.7500012048069516
[1.20429246e+00 1.79420792e+04 5.04483449e+03] R^2: 0.7500023994290592
[1.20429347e+00 1.79421349e+04 5.04486809e+03] R^2: 0.7500039117238797
[1.20426399e+00 1.79423017e+04 5.04528299e+03] R^2: 0.7500051909664
[1.20421794e+00 1.79425695e+04 5.04593605e+03] R^2: 0.7500061799950173
[1.20414791e+00 1.79429819e+04 5.04693247e+03] R^2: 0.7500067373363267
[1.20405111e+00 1.79435539e+04 5.04831030e+03] R^2: 0.750006612656723
[1.20394775e+00 1.79441625e+04 5.04977871e+03] R^2: 0.7500060205009871
[1.20383075e+00 1.79448495e+04 5.05143826e+03] R^2: 0.7500047762112375
[1.20370055e+00 1.79456829e+04 5.05333627e+03] R^2: 0.7500022922715027
[1.20354380e+00 1.79465950e+04 5.05555069e+03] R^2: 0.7499990451345098
[1.20337924e+00 1.79475486e+04 5.05787128e+03] R^2: 0.7499951211201517
[1.20319708e+00 1.79486005e+04 5.06043610e+03] R^2: 0.7499899798729565
[1.20299294e+00 1.79497753e+04 5.06330591e+03] R^2: 0.7499832067581428
[1.20276897e+00 1.79510597e+04 5.06644999e+03] R^2: 0.749974737056391
[1.20253942e+00 1.79523706e+04 5.06966738e+03] R^2: 0.7499654953793148
[1.20229540e+00 1.79537589e+04 5.07308244e+03] R^2: 0.7499547481654023
[1.20202834e+00 1.79552730e+04 5.07681523e+03] R^2: 0.7499416011069131
[1.20175554e+00 1.79568838e+04 5.08067475e+03] R^2: 0.7499260545647439
[1.20148480e+00 1.79584050e+04 5.08444723e+03] R^2: 0.7499118682070993
[1.20117157e+00 1.79601602e+04 5.08880779e+03] R^2: 0.7498927275239535
[1.20084375e+00 1.79619914e+04 5.09336697e+03] R^2: 0.7498714025538835
[1.20053098e+00 1.79637322e+04 5.09771208e+03] R^2: 0.7498514830787812
[1.20019748e+00 1.79655827e+04 5.10234079e+03] R^2: 0.7498285429163913
[1.19984288e+00 1.79675448e+04 5.10725847e+03] R^2: 0.7498022925680609
[1.19947399e+00 1.79695802e+04 5.11237062e+03] R^2: 0.7497735010998414
[1.19910956e+00 1.79715850e+04 5.11741707e+03] R^2: 0.749744898510649
[1.19872532e+00 1.79736933e+04 5.12273462e+03] R^2: 0.7497127525342229
[1.19831042e+00 1.79759647e+04 5.12847388e+03] R^2: 0.7496749795371068
[1.19792920e+00 1.79781167e+04 5.13379491e+03] R^2: 0.7496398837014292
[1.19751317e+00 1.79803812e+04 5.13954288e+03] R^2: 0.7496008667725007
[1.19706712e+00 1.79828046e+04 5.14570417e+03] R^2: 0.7495556729693824
[1.19664447e+00 1.79850955e+04 5.15154032e+03] R^2: 0.7495143678801119
[1.19621708e+00 1.79874070e+04 5.15744012e+03] R^2: 0.7494716184249386
[1.19575165e+00 1.79899201e+04 5.16386435e+03] R^2: 0.7494206082402028
[1.19528546e+00 1.79924329e+04 5.17029867e+03] R^2: 0.7493688058846741
[1.19482678e+00 1.79949006e+04 5.17662857e+03] R^2: 0.7493180010098637
[1.19434229e+00 1.79975033e+04 5.18331502e+03] R^2: 0.7492608660494227
[1.19385419e+00 1.80001215e+04 5.19005200e+03] R^2: 0.7492022376526762
[1.19336471e+00 1.80027433e+04 5.19680860e+03] R^2: 0.7491426265099818
[1.19285021e+00 1.80054960e+04 5.20391232e+03] R^2: 0.749076257299752
[1.19232423e+00 1.80083071e+04 5.21117675e+03] R^2: 0.749006251973968
[1.19181579e+00 1.80110213e+04 5.21820112e+03] R^2: 0.7489399898462015
[1.19129875e+00 1.80137784e+04 5.22534627e+03] R^2: 0.748870815011611
[1.19075863e+00 1.80166563e+04 5.23281361e+03] R^2: 0.7487947392604988
[1.19022165e+00 1.80195151e+04 5.24024086e+03] R^2: 0.7487187514525351
[1.18967973e+00 1.80223980e+04 5.24774004e+03] R^2: 0.7486406177506907
[1.18914648e+00 1.80253017e+04 5.25517034e+03] R^2: 0.748560105409044
[1.18857946e+00 1.80283135e+04 5.26302471e+03] R^2: 0.7484731643332734
[1.18800896e+00 1.80313428e+04 5.27093281e+03] R^2: 0.7483843212259551
[1.18744153e+00 1.80343546e+04 5.27880373e+03] R^2: 0.748295559973784
[1.18687515e+00 1.80373599e+04 5.28666562e+03] R^2: 0.7482062712221711
[1.18629281e+00 1.80404494e+04 5.29475514e+03] R^2: 0.7481111040742587
[1.18570327e+00 1.80435769e+04 5.30295144e+03] R^2: 0.7480127109981518
[1.18511543e+00 1.80466953e+04 5.31113121e+03] R^2: 0.7479139574844413
[1.18452664e+00 1.80498188e+04 5.31933117e+03] R^2: 0.7478139765775216
[1.18392208e+00 1.80530265e+04 5.32775872e+03] R^2: 0.7477077128975302
[1.18331569e+00 1.80562448e+04 5.33622009e+03] R^2: 0.7475998445382612
[1.18271808e+00 1.80594172e+04 5.34456707e+03] R^2: 0.7474940714160027
[1.18210764e+00 1.80626588e+04 5.35310180e+03] R^2: 0.7473827925076841
[1.18148513e+00 1.80659661e+04 5.36181474e+03] R^2: 0.7472661195447907
[1.18086857e+00 1.80692436e+04 5.37045409e+03] R^2: 0.747150603463187
[1.18025814e+00 1.80724900e+04 5.37901679e+03] R^2: 0.7470363365350741
[1.17963072e+00 1.80758289e+04 5.38782790e+03] R^2: 0.7469146444092942
[1.17899537e+00 1.80792126e+04 5.39676137e+03] R^2: 0.7467888081469356
[1.17836932e+00 1.80825494e+04 5.40557467e+03] R^2: 0.746665509341212
[1.17774196e+00 1.80858957e+04 5.41441725e+03] R^2: 0.7465406130441554
[1.17710312e+00 1.80893064e+04 5.42343302e+03] R^2: 0.7464100316395192
[1.17646983e+00 1.80926907e+04 5.43238205e+03] R^2: 0.7462805670163069
[1.17583517e+00 1.80960855e+04 5.44136194e+03] R^2: 0.7461494202454124
[1.17520046e+00 1.80994839e+04 5.45035433e+03] R^2: 0.746017115903679
[1.17455315e+00 1.81029539e+04 5.45953780e+03] R^2: 0.7458783592525609
[1.17393691e+00 1.81063296e+04 5.46833739e+03] R^2: 0.7457457841875248
[1.17328288e+00 1.81098426e+04 5.47764069e+03] R^2: 0.7456017921268316
[1.17262355e+00 1.81133889e+04 5.48703322e+03] R^2: 0.7454542235871844
[1.17198442e+00 1.81168310e+04 5.49615094e+03] R^2: 0.7453143357686849
[1.17133087e+00 1.81203557e+04 5.50548816e+03] R^2: 0.7451668125595082
[1.17066681e+00 1.81239426e+04 5.51499000e+03] R^2: 0.7450132308667183
[1.17001392e+00 1.81274745e+04 5.52434636e+03] R^2: 0.7448634831070442
[1.16935822e+00 1.81310272e+04 5.53375752e+03] R^2: 0.7447111458754229
[1.16870041e+00 1.81345970e+04 5.54321354e+03] R^2: 0.7445565186901054
[1.16804837e+00 1.81381411e+04 5.55260112e+03] R^2: 0.7444032973104677
[1.16739594e+00 1.81416932e+04 5.56200892e+03] R^2: 0.7442485769554963
[1.16673718e+00 1.81452859e+04 5.57152305e+03] R^2: 0.7440894792714048
[1.16606052e+00 1.81489833e+04 5.58131217e+03] R^2: 0.7439201810923863
[1.16539064e+00 1.81526509e+04 5.59101971e+03] R^2: 0.7437528407982535
[1.16472924e+00 1.81562789e+04 5.60062034e+03] R^2: 0.7435883303076191
[1.16405825e+00 1.81599668e+04 5.61037675e+03] R^2: 0.7434175465132999
[1.16338164e+00 1.81636935e+04 5.62023217e+03] R^2: 0.7432423988320399
[1.16271483e+00 1.81673739e+04 5.62996172e+03] R^2: 0.7430708534021571
[1.16204048e+00 1.81711039e+04 5.63981871e+03] R^2: 0.742893880157219
[1.16137789e+00 1.81747766e+04 5.64952060e+03] R^2: 0.7427216064217266
[1.16070154e+00 1.81785340e+04 5.65944168e+03] R^2: 0.7425405059585073
[1.16002358e+00 1.81823090e+04 5.66940438e+03] R^2: 0.742356985846326
[1.15936774e+00 1.81859689e+04 5.67905931e+03] R^2: 0.7421838774125853
[1.15869382e+00 1.81897383e+04 5.68899794e+03] R^2: 0.7419994089305597
[1.15802054e+00 1.81935131e+04 5.69894552e+03] R^2: 0.7418137077026954
[1.15735210e+00 1.81972697e+04 5.70883970e+03] R^2: 0.7416291199201441
[1.15668047e+00 1.82010534e+04 5.71879954e+03] R^2: 0.741441135315649
[1.15601545e+00 1.82048089e+04 5.72867935e+03] R^2: 0.7412552985955907
[1.15536508e+00 1.82084902e+04 5.73835889e+03] R^2: 0.7410761698272167
[1.15472308e+00 1.82122035e+04 5.74797576e+03] R^2: 0.7408928006062202
[1.15405471e+00 1.82160037e+04 5.75795819e+03] R^2: 0.7407002577148694
[1.15339712e+00 1.82197519e+04 5.76779759e+03] R^2: 0.7405123871099238
[1.15273353e+00 1.82235439e+04 5.77774532e+03] R^2: 0.7403193332285002
[1.15206705e+00 1.82273623e+04 5.78775517e+03] R^2: 0.7401228752727718
[1.15140821e+00 1.82311467e+04 5.79766891e+03] R^2: 0.7399293247533751
[1.15073806e+00 1.82350065e+04 5.80777228e+03] R^2: 0.7397271801647685
[1.15007419e+00 1.82388405e+04 5.81780018e+03] R^2: 0.7395271651144459
[1.14940926e+00 1.82426911e+04 5.82786346e+03] R^2: 0.7393247512735263
[1.14875281e+00 1.82465030e+04 5.83781755e+03] R^2: 0.7391258696170033
[1.14808405e+00 1.82503973e+04 5.84797796e+03] R^2: 0.7389174759454067
[1.14742763e+00 1.82542303e+04 5.85797028e+03] R^2: 0.7387151382231234
[1.14675978e+00 1.82581413e+04 5.86815658e+03] R^2: 0.7385036789290873
[1.14610354e+00 1.82619953e+04 5.87818548e+03] R^2: 0.7382979104906779
[1.14543900e+00 1.82659094e+04 5.88836120e+03] R^2: 0.7380849182392274
[1.14477957e+00 1.82698047e+04 5.89847868e+03] R^2: 0.7378734452415749
[1.14411953e+00 1.82737152e+04 5.90862568e+03] R^2: 0.7376597141858376
[1.14345506e+00 1.82776638e+04 5.91886143e+03] R^2: 0.7374411271810859
[1.14279898e+00 1.82815743e+04 5.92898816e+03] R^2: 0.7372263172700652
[1.14213892e+00 1.82855205e+04 5.93919683e+03] R^2: 0.7370069069133742
[1.14147910e+00 1.82894773e+04 5.94942242e+03] R^2: 0.7367857423373885
[1.14082496e+00 1.82934122e+04 5.95958061e+03] R^2: 0.7365665733089428
[1.14017066e+00 1.82973601e+04 5.96976158e+03] R^2: 0.736345376674923
[1.13951209e+00 1.83013463e+04 5.98002987e+03] R^2: 0.736119223791182
[1.13886744e+00 1.83052602e+04 5.99010134e+03] R^2: 0.7359009509976004
[1.13822025e+00 1.83092016e+04 6.00023275e+03] R^2: 0.735678949622496
[1.13756042e+00 1.83132329e+04 6.01058312e+03] R^2: 0.7354458636091883
[1.13690192e+00 1.83172693e+04 6.02093439e+03] R^2: 0.7352117022933007
[1.13625746e+00 1.83212322e+04 6.03108556e+03] R^2: 0.7349858024871885
[1.13559841e+00 1.83252982e+04 6.04148815e+03] R^2: 0.7347471001047468
[1.13497376e+00 1.83292379e+04 6.05141348e+03] R^2: 0.7345227013256403
[1.13432893e+00 1.83332402e+04 6.06163182e+03] R^2: 0.7342906920426778
[1.13367791e+00 1.83372943e+04 6.07196963e+03] R^2: 0.7340519508593839
[1.13302601e+00 1.83413676e+04 6.08234331e+03] R^2: 0.7338104292729877
[1.13238216e+00 1.83454041e+04 6.09261021e+03] R^2: 0.7335729939379825
[1.13172925e+00 1.83495113e+04 6.10304347e+03] R^2: 0.7333264214044205
[1.13106934e+00 1.83536773e+04 6.11361157e+03] R^2: 0.7330721314456587
[1.13042922e+00 1.83577323e+04 6.12388449e+03] R^2: 0.7328313118447136
[1.12978158e+00 1.83618489e+04 6.13429994e+03] R^2: 0.73258239774013
[1.12913116e+00 1.83659978e+04 6.14478251e+03] R^2: 0.7323290575679343
[1.12849191e+00 1.83700897e+04 6.15510710e+03] R^2: 0.7320825288729307
[1.12784088e+00 1.83742717e+04 6.16564437e+03] R^2: 0.7318242159309059
[1.12719877e+00 1.83784110e+04 6.17605969e+03] R^2: 0.7315709973949999
[1.12655812e+00 1.83825556e+04 6.18647351e+03] R^2: 0.7313167645271657
[1.12591228e+00 1.83867486e+04 6.19699420e+03] R^2: 0.7310559665695024
[1.12527155e+00 1.83909235e+04 6.20745437e+03] R^2: 0.7307971876453989
[1.12463773e+00 1.83950681e+04 6.21782381e+03] R^2: 0.7305419817226237
[1.12398778e+00 1.83993336e+04 6.22848027e+03] R^2: 0.7302707194393223
[1.12334112e+00 1.84035936e+04 6.23910638e+03] R^2: 0.7299999497514336
[1.12270208e+00 1.84078188e+04 6.24963022e+03] R^2: 0.7297334697849225
[1.12206648e+00 1.84120368e+04 6.26012023e+03] R^2: 0.7294676640226646
[1.12141693e+00 1.84163635e+04 6.27086413e+03] R^2: 0.7291871686522116
[1.12077721e+00 1.84206410e+04 6.28146925e+03] R^2: 0.7289130352334099
[1.12013837e+00 1.84249288e+04 6.29208316e+03] R^2: 0.7286373059357414
[1.11949621e+00 1.84292552e+04 6.30277594e+03] R^2: 0.728356167269646
[1.11885461e+00 1.84335945e+04 6.31348344e+03] R^2: 0.7280730950507195
[1.11822082e+00 1.84378973e+04 6.32408410e+03] R^2: 0.7277947522787578
[1.11758182e+00 1.84422521e+04 6.33479567e+03] R^2: 0.7275091692781992
[1.11693948e+00 1.84466468e+04 6.34558769e+03] R^2: 0.7272179726711795
[1.11630143e+00 1.84510293e+04 6.35633188e+03] R^2: 0.7269283181034203
[1.11566203e+00 1.84554385e+04 6.36712343e+03] R^2: 0.7266348634335853
[1.11503767e+00 1.84598372e+04 6.37773127e+03] R^2: 0.7263421668547565
[1.11439883e+00 1.84642757e+04 6.38856109e+03] R^2: 0.7260444035541103
[1.11376817e+00 1.84686747e+04 6.39927659e+03] R^2: 0.7257520106196573
[1.11313529e+00 1.84731065e+04 6.41005399e+03] R^2: 0.7254549352573727
[1.11250260e+00 1.84775546e+04 6.42085258e+03] R^2: 0.7251554934133777
[1.11186917e+00 1.84820257e+04 6.43168859e+03] R^2: 0.7248527374615481
[1.11124853e+00 1.84864237e+04 6.44232959e+03] R^2: 0.724560111229696
[1.11062003e+00 1.84908950e+04 6.45312969e+03] R^2: 0.7242571038345746
[1.10998320e+00 1.84954440e+04 6.46409823e+03] R^2: 0.7239430269118075
[1.10935309e+00 1.84999633e+04 6.47497597e+03] R^2: 0.723633180746154
[1.10873023e+00 1.85044486e+04 6.48575322e+03] R^2: 0.7233281262908418
[1.10810020e+00 1.85090039e+04 6.49667963e+03] R^2: 0.7230130447490202
[1.10746173e+00 1.85136395e+04 6.50777822e+03] R^2: 0.7226864196358409
[1.10683875e+00 1.85181814e+04 6.51863304e+03] R^2: 0.7223733778527199
[1.10621740e+00 1.85227297e+04 6.52948411e+03] R^2: 0.7220594072004889
[1.10559142e+00 1.85273306e+04 6.54044117e+03] R^2: 0.7217378534010572
[1.10496327e+00 1.85319667e+04 6.55146206e+03] R^2: 0.7214112379895019
[1.10434337e+00 1.85365607e+04 6.56236320e+03] R^2: 0.7210908161731119
[1.10372014e+00 1.85411986e+04 6.57334856e+03] R^2: 0.7207640585958159
[1.10309292e+00 1.85458856e+04 6.58443004e+03] R^2: 0.7204301777930382
[1.10247146e+00 1.85505491e+04 6.59543566e+03] R^2: 0.7200998791815323
[1.10185353e+00 1.85552053e+04 6.60640409e+03] R^2: 0.7197707490170357
[1.10124001e+00 1.85598474e+04 6.61731950e+03] R^2: 0.7194437783290745
[1.10062179e+00 1.85645443e+04 6.62834386e+03] R^2: 0.7191088117613421
[1.10000007e+00 1.85692878e+04 6.63945687e+03] R^2: 0.7187670726952228
[1.09938681e+00 1.85739864e+04 6.65044431e+03] R^2: 0.7184321722175834
[1.09877121e+00 1.85787225e+04 6.66149934e+03] R^2: 0.7180918178595964
[1.09815263e+00 1.85835017e+04 6.67263399e+03] R^2: 0.7177452011906145
[1.09754098e+00 1.85882473e+04 6.68366986e+03] R^2: 0.717403808592532
[1.09692762e+00 1.85930261e+04 6.69476240e+03] R^2: 0.7170576117518139
[1.09631168e+00 1.85978455e+04 6.70592805e+03] R^2: 0.7167055171045579
[1.09569969e+00 1.86026543e+04 6.71704822e+03] R^2: 0.7163552582072671
[1.09509295e+00 1.86074419e+04 6.72809882e+03] R^2: 0.7160084103439875
[1.09449244e+00 1.86122803e+04 6.73910970e+03] R^2: 0.7156531111595867
[1.09388253e+00 1.86171321e+04 6.75026914e+03] R^2: 0.7152970344601495
[1.09327880e+00 1.86219549e+04 6.76134138e+03] R^2: 0.7149455960750084
[1.09267000e+00 1.86268388e+04 6.77253294e+03] R^2: 0.7145850925229862
[1.09205859e+00 1.86317648e+04 6.78379926e+03] R^2: 0.7142184491532828
[1.09145408e+00 1.86366560e+04 6.79496469e+03] R^2: 0.7138574694126061
[1.09084531e+00 1.86416029e+04 6.80623570e+03] R^2: 0.7134882423278006
[1.09023400e+00 1.86465920e+04 6.81758094e+03] R^2: 0.7131128477034466
[1.08963317e+00 1.86515168e+04 6.82875842e+03] R^2: 0.7127477695437181
[1.08903522e+00 1.86564385e+04 6.83990827e+03] R^2: 0.712383453634966
[1.08842911e+00 1.86614488e+04 6.85123697e+03] R^2: 0.7120057806263169
[1.08782911e+00 1.86664301e+04 6.86247847e+03] R^2: 0.7116330133324761
[1.08723401e+00 1.86713916e+04 6.87365431e+03] R^2: 0.7112636581530898
[1.08663150e+00 1.86764363e+04 6.88499612e+03] R^2: 0.7108817159722359
[1.08603633e+00 1.86814411e+04 6.89622654e+03] R^2: 0.710506428577818
[1.08543895e+00 1.86864859e+04 6.90752522e+03] R^2: 0.7101252940448309
[1.08483980e+00 1.86915674e+04 6.91888447e+03] R^2: 0.7097388261257789
[1.08424629e+00 1.86966227e+04 6.93016358e+03] R^2: 0.7093569151565142
[1.08364862e+00 1.87017355e+04 6.94154896e+03] R^2: 0.7089664251743364
[1.08304923e+00 1.87068853e+04 6.95299450e+03] R^2: 0.7085705898959394
[1.08245614e+00 1.87120030e+04 6.96434702e+03] R^2: 0.7081803242968396
[1.08186418e+00 1.87171330e+04 6.97570493e+03] R^2: 0.70778861289186
[1.08127441e+00 1.87222659e+04 6.98704768e+03] R^2: 0.7073969269855771
[1.08068145e+00 1.87274488e+04 6.99847908e+03] R^2: 0.7069978174994358
[1.08009778e+00 1.87325722e+04 7.00975797e+03] R^2: 0.7066086309251776
[1.07951278e+00 1.87377291e+04 7.02108930e+03] R^2: 0.7062146213539112
[1.07891974e+00 1.87429795e+04 7.03260387e+03] R^2: 0.7058062652744602
[1.07833278e+00 1.87481985e+04 7.04402777e+03] R^2: 0.7054035073156766
[1.07774907e+00 1.87534109e+04 7.05541539e+03] R^2: 0.7050023696360082
[1.07715992e+00 1.87586945e+04 7.06693669e+03] R^2: 0.7045904042699532
[1.07657389e+00 1.87639729e+04 7.07842465e+03] R^2: 0.7041798929583039
[1.07599177e+00 1.87692386e+04 7.08986315e+03] R^2: 0.7037720247712449
[1.07540825e+00 1.87745398e+04 7.10135669e+03] R^2: 0.7033590807713648
[1.07482173e+00 1.87798912e+04 7.11293706e+03] R^2: 0.7029386778284655
[1.07424398e+00 1.87851852e+04 7.12437155e+03] R^2: 0.7025281680982156
[1.07366208e+00 1.87905403e+04 7.13591591e+03] R^2: 0.7021084676051672
[1.07308365e+00 1.87958861e+04 7.14741873e+03] R^2: 0.7016909110155515
[1.07251267e+00 1.88011855e+04 7.15880025e+03] R^2: 0.7012814553049462
[1.07194167e+00 1.88065907e+04 7.17025952e+03] R^2: 0.7008537772637744
[1.07136287e+00 1.88120070e+04 7.18185106e+03] R^2: 0.7004268124476558
[1.07079185e+00 1.88173733e+04 7.19331393e+03] R^2: 0.7000086441088695
[1.07021709e+00 1.88227977e+04 7.20487935e+03] R^2: 0.699581739163877
[1.06964128e+00 1.88282553e+04 7.21649365e+03] R^2: 0.6991501614882059
[1.06908158e+00 1.88335823e+04 7.22780944e+03] R^2: 0.6987403427743519
[1.06851385e+00 1.88390083e+04 7.23931451e+03] R^2: 0.6983151904106701
[1.06794375e+00 1.88444800e+04 7.25089497e+03] R^2: 0.6978833253803707
[1.06738055e+00 1.88499081e+04 7.26236231e+03] R^2: 0.6974592355041698
[1.06681562e+00 1.88553756e+04 7.27389184e+03] R^2: 0.6970294428371013
[1.06624660e+00 1.88609060e+04 7.28553234e+03] R^2: 0.6965901495583624
[1.06568192e+00 1.88664174e+04 7.29711175e+03] R^2: 0.696154718812157
[1.06512382e+00 1.88718873e+04 7.30858291e+03] R^2: 0.6957267901135837
[1.06456571e+00 1.88773798e+04 7.32008124e+03] R^2: 0.6952958574681871
[1.06399925e+00 1.88829779e+04 7.33177907e+03] R^2: 0.694848441414436
[1.06343714e+00 1.88885565e+04 7.34341478e+03] R^2: 0.6944050614290417
[1.06288177e+00 1.88940911e+04 7.35493804e+03] R^2: 0.6939696465878332
[1.06232145e+00 1.88996982e+04 7.36659129e+03] R^2: 0.6935231463958192
[1.06175866e+00 1.89053538e+04 7.37832380e+03] R^2: 0.693069526226205
[1.06120305e+00 1.89109606e+04 7.38993418e+03] R^2: 0.6926247785001158
[1.06065161e+00 1.89165482e+04 7.40148438e+03] R^2: 0.6921839578067703
[1.06009677e+00 1.89221934e+04 7.41313296e+03] R^2: 0.6917344995973003
[1.05954005e+00 1.89278813e+04 7.42484871e+03] R^2: 0.6912788675121243
[1.05898658e+00 1.89335594e+04 7.43652354e+03] R^2: 0.6908257199639662
[1.05843936e+00 1.89391965e+04 7.44809355e+03] R^2: 0.6903801539123283
[1.05788788e+00 1.89449007e+04 7.45978086e+03] R^2: 0.6899243916845594
[1.05733967e+00 1.89505942e+04 7.47142596e+03] R^2: 0.6894712475402371
[1.05679567e+00 1.89562670e+04 7.48300856e+03] R^2: 0.6890223464701677
[1.05625344e+00 1.89619441e+04 7.49458027e+03] R^2: 0.6885735383826868
[1.05570551e+00 1.89677041e+04 7.50630057e+03] R^2: 0.6881119534650896
[1.05516033e+00 1.89734586e+04 7.51798958e+03] R^2: 0.6876521682173233
[1.05462045e+00 1.89791800e+04 7.52959156e+03] R^2: 0.6871986976981453
[1.05408134e+00 1.89849162e+04 7.54120380e+03] R^2: 0.6867436466901975
[1.05353551e+00 1.89907473e+04 7.55298810e+03] R^2: 0.6862738177701101
[1.05299524e+00 1.89965425e+04 7.56467972e+03] R^2: 0.6858108818286042
[1.05245921e+00 1.90023151e+04 7.57630634e+03] R^2: 0.6853525450016151
[1.05192231e+00 1.90081201e+04 7.58797860e+03] R^2: 0.6848897602607761
[1.05138273e+00 1.90139773e+04 7.59973613e+03] R^2: 0.6844192645382698
[1.05084673e+00 1.90198191e+04 7.61144303e+03] R^2: 0.6839522697787517
[1.05031785e+00 1.90256059e+04 7.62302060e+03] R^2: 0.6834952214302918
[1.04978802e+00 1.90314257e+04 7.63464551e+03] R^2: 0.6830335907649152
[1.04926008e+00 1.90372472e+04 7.64625505e+03] R^2: 0.6825725447446949
[1.04873372e+00 1.90430738e+04 7.65785602e+03] R^2: 0.6821115291519627
[1.04820250e+00 1.90489772e+04 7.66959092e+03] R^2: 0.6816387514871258
[1.04767154e+00 1.90549008e+04 7.68134685e+03] R^2: 0.6811635882381222
[1.04715046e+00 1.90607369e+04 7.69291048e+03] R^2: 0.6807037715235507
[1.04662847e+00 1.90666053e+04 7.70452003e+03] R^2: 0.6802394953441472
[1.04610216e+00 1.90725452e+04 7.71625225e+03] R^2: 0.6797643560227229
[1.04558988e+00 1.90784335e+04 7.72775031e+03] R^2: 0.679295420894853
[1.04507528e+00 1.90842839e+04 7.73927196e+03] R^2: 0.6788368057518288
[1.04455926e+00 1.90901723e+04 7.75085067e+03] R^2: 0.6783728047677242
[1.04403899e+00 1.90961319e+04 7.76255131e+03] R^2: 0.6778979774694429
[1.04352269e+00 1.91020683e+04 7.77418845e+03] R^2: 0.6774278979438346
[1.04301395e+00 1.91079395e+04 7.78568042e+03] R^2: 0.6769693633470799
[1.04250515e+00 1.91138330e+04 7.79719904e+03] R^2: 0.6765079883853535
[1.04199109e+00 1.91198096e+04 7.80886245e+03] R^2: 0.6760338507683037
[1.04148078e+00 1.91257645e+04 7.82046628e+03] R^2: 0.6755641723855468
[1.04097621e+00 1.91316741e+04 7.83196477e+03] R^2: 0.6751027776655647
[1.04046679e+00 1.91376622e+04 7.84359901e+03] R^2: 0.6746293626593969
[1.03995814e+00 1.91436635e+04 7.85524155e+03] R^2: 0.6741546976497717
[1.03945681e+00 1.91495998e+04 7.86674138e+03] R^2: 0.6736915532336452
[1.03894952e+00 1.91556285e+04 7.87840330e+03] R^2: 0.6732141234794903
[1.03844331e+00 1.91616665e+04 7.89006625e+03] R^2: 0.6727360890828478
[1.03794389e+00 1.91676450e+04 7.90159762e+03] R^2: 0.6722687222287389
[1.03744558e+00 1.91736315e+04 7.91312826e+03] R^2: 0.671800883632496
[1.03694436e+00 1.91796745e+04 7.92475119e+03] R^2: 0.6713246658294028
[1.03644799e+00 1.91856804e+04 7.93628662e+03] R^2: 0.6708554065343071
[1.03594878e+00 1.91917421e+04 7.94791297e+03] R^2: 0.6703778790069741
[1.03545607e+00 1.91977461e+04 7.95941280e+03] R^2: 0.669910667517964
[1.03496394e+00 1.92037638e+04 7.97092316e+03] R^2: 0.6694420556091806
[1.03447035e+00 1.92098207e+04 7.98249270e+03] R^2: 0.6689678903624168
[1.03398212e+00 1.92158325e+04 7.99396059e+03] R^2: 0.6685019403288415
[1.03348957e+00 1.92219185e+04 8.00555449e+03] R^2: 0.6680247089325382
[1.03300731e+00 1.92278978e+04 8.01693010e+03] R^2: 0.6675656940156416
[1.03251962e+00 1.92339650e+04 8.02845803e+03] R^2: 0.6670931606266209
[1.03203577e+00 1.92400050e+04 8.03991900e+03] R^2: 0.6666259185847507
[1.03155650e+00 1.92460078e+04 8.05129505e+03] R^2: 0.6661654754648729
[1.03107386e+00 1.92520730e+04 8.06277467e+03] R^2: 0.6656956830233312
[1.03059904e+00 1.92580598e+04 8.07409152e+03] R^2: 0.6652393869711931
[1.03012471e+00 1.92640599e+04 8.08541964e+03] R^2: 0.6647816535454258
[1.02964894e+00 1.92700980e+04 8.09680550e+03] R^2: 0.6643185072435276
[1.02917681e+00 1.92761093e+04 8.10812696e+03] R^2: 0.6638604381865749
[1.02870673e+00 1.92821138e+04 8.11942204e+03] R^2: 0.6634041753811293
[1.02823633e+00 1.92881417e+04 8.13074746e+03] R^2: 0.6629448584599653
[1.02776353e+00 1.92942200e+04 8.14215391e+03] R^2: 0.6624781210987394
[1.02729800e+00 1.93002238e+04 8.15340725e+03] R^2: 0.6620241526032253
[1.02682911e+00 1.93062904e+04 8.16476477e+03] R^2: 0.6615607758299675
[1.02635920e+00 1.93123895e+04 8.17616965e+03] R^2: 0.6610928905172602
[1.02589953e+00 1.93183744e+04 8.18734828e+03] R^2: 0.6606441182799636
[1.02543934e+00 1.93243846e+04 8.19856142e+03] R^2: 0.6601919432231628
[1.02497266e+00 1.93304986e+04 8.20995516e+03] R^2: 0.6597237293312033
[1.02451326e+00 1.93365362e+04 8.22119367e+03] R^2: 0.6592685889878069
[1.02405276e+00 1.93426067e+04 8.23248099e+03] R^2: 0.6588088233658822
[1.02359510e+00 1.93486584e+04 8.24372072e+03] R^2: 0.6583527924415993
[1.02314390e+00 1.93546425e+04 8.25482297e+03] R^2: 0.6579082275871696
[1.02269005e+00 1.93606800e+04 8.26601218e+03] R^2: 0.6574557476224363
[1.02223574e+00 1.93667415e+04 8.27723394e+03] R^2: 0.6570000603183228
[1.02178922e+00 1.93727168e+04 8.28828450e+03] R^2: 0.6565587854450724
[1.02134106e+00 1.93787316e+04 8.29939673e+03] R^2: 0.6561117858905525
[1.02088958e+00 1.93848087e+04 8.31061239e+03] R^2: 0.6556554298030084
[1.02044482e+00 1.93908130e+04 8.32168224e+03] R^2: 0.6552113605676919
[1.02000084e+00 1.93968240e+04 8.33275317e+03] R^2: 0.6547668145927961
[1.01955377e+00 1.94028944e+04 8.34392237e+03] R^2: 0.6543133596404664
[1.01911504e+00 1.94088685e+04 8.35490345e+03] R^2: 0.6538758656262846
[1.01867267e+00 1.94149093e+04 8.36599619e+03] R^2: 0.6534283153101335
[1.01823228e+00 1.94209401e+04 8.37705986e+03] R^2: 0.6529829379070968
[1.01779791e+00 1.94269052e+04 8.38799250e+03] R^2: 0.6525485576271384
[1.01735831e+00 1.94329588e+04 8.39907665e+03] R^2: 0.6521006520331125
[1.01692233e+00 1.94389794e+04 8.41009001e+03] R^2: 0.6516585743108696
[1.01649100e+00 1.94449521e+04 8.42100574e+03] R^2: 0.651224620466756
[1.01605544e+00 1.94509998e+04 8.43204829e+03] R^2: 0.6507792783168802
[1.01562184e+00 1.94570370e+04 8.44306132e+03] R^2: 0.6503361858554337
[1.01519382e+00 1.94630125e+04 8.45395218e+03] R^2: 0.6499033944352812
[1.01476818e+00 1.94689706e+04 8.46480161e+03] R^2: 0.6494738440570242
[1.01433581e+00 1.94750392e+04 8.47584255e+03] R^2: 0.6490272480271504
[1.01390813e+00 1.94810581e+04 8.48678315e+03] R^2: 0.6485891268098671
[1.01348760e+00 1.94869919e+04 8.49756003e+03] R^2: 0.6481649193678194
[1.01306092e+00 1.94930281e+04 8.50851350e+03] R^2: 0.6477249835989753
[1.01263756e+00 1.94990331e+04 8.51940090e+03] R^2: 0.6472905197002152
[1.01221921e+00 1.95049823e+04 8.53017827e+03] R^2: 0.6468653256152828
[1.01180270e+00 1.95109203e+04 8.54092672e+03] R^2: 0.6464423101978582
[1.01138034e+00 1.95169572e+04 8.55184502e+03] R^2: 0.6460041292102459
[1.01096739e+00 1.95228744e+04 8.56253852e+03] R^2: 0.6455852797563167
[1.01055478e+00 1.95288015e+04 8.57324132e+03] R^2: 0.6451652872582972
[1.01014167e+00 1.95347503e+04 8.58397521e+03] R^2: 0.6447422612180007
[1.00973216e+00 1.95406617e+04 8.59463338e+03] R^2: 0.6443255129465292
[1.00932444e+00 1.95465614e+04 8.60526258e+03] R^2: 0.6439109571734646
[1.00891046e+00 1.95525663e+04 8.61607304e+03] R^2: 0.6434802379034702
[1.00850852e+00 1.95584887e+04 8.62664078e+03] R^2: 0.6430571944221124
[1.00810479e+00 1.95643723e+04 8.63721827e+03] R^2: 0.6426463804749751
[1.00769708e+00 1.95703280e+04 8.64791758e+03] R^2: 0.6422246099507201
[1.00729011e+00 1.95762871e+04 8.65861527e+03] R^2: 0.641802692718896
[1.00689017e+00 1.95821572e+04 8.66914566e+03] R^2: 0.6413951056569692
[1.00648478e+00 1.95881210e+04 8.67983681e+03] R^2: 0.6409731439053885
[1.00608424e+00 1.95940272e+04 8.69041720e+03] R^2: 0.6405606166858716
[1.00568870e+00 1.95998730e+04 8.70088248e+03] R^2: 0.640157835750415
[1.00529128e+00 1.96057598e+04 8.71141411e+03] R^2: 0.6397489542067065
[1.00489131e+00 1.96116979e+04 8.72203049e+03] R^2: 0.6393323500580408
[1.00449714e+00 1.96175632e+04 8.73250979e+03] R^2: 0.6389274880320932
[1.00410395e+00 1.96234269e+04 8.74297945e+03] R^2: 0.6385231760172221
[1.00370740e+00 1.96293538e+04 8.75355532e+03] R^2: 0.638109254682818
[1.00331622e+00 1.96352134e+04 8.76400447e+03] R^2: 0.6377061929206267
[1.00292742e+00 1.96410499e+04 8.77440615e+03] R^2: 0.6373069981203919
[1.00253297e+00 1.96469843e+04 8.78497554e+03] R^2: 0.6368927817692265
[1.00214382e+00 1.96528518e+04 8.79541950e+03] R^2: 0.6364893596427968
[1.00176150e+00 1.96586285e+04 8.80569585e+03] R^2: 0.6361003217966876
[1.00137427e+00 1.96644915e+04 8.81611985e+03] R^2: 0.6356980660742336
[1.00099304e+00 1.96702759e+04 8.82639807e+03] R^2: 0.635308315866222
[1.00061231e+00 1.96760645e+04 8.83667817e+03] R^2: 0.6349181120671561
[1.00022834e+00 1.96819144e+04 8.84706141e+03] R^2: 0.6345185796203492
[9.99845447e-01 1.96877601e+04 8.85743139e+03] R^2: 0.6341199556429815
[9.99468081e-01 1.96935330e+04 8.86766686e+03] R^2: 0.6337328827205972
[9.99089020e-01 1.96993436e+04 8.87796359e+03] R^2: 0.6333401597114711
[9.98707694e-01 1.97052008e+04 8.88833742e+03] R^2: 0.6329403831377158
[9.98334352e-01 1.97109468e+04 8.89850904e+03] R^2: 0.6325581441898912
[9.97963032e-01 1.97166728e+04 8.90864020e+03] R^2: 0.6321791680880084
[9.97585743e-01 1.97225022e+04 8.91894928e+03] R^2: 0.6317842778356182
[9.97210670e-01 1.97283089e+04 8.92921298e+03] R^2: 0.631393157324323
[9.96843387e-01 1.97340059e+04 8.93927796e+03] R^2: 0.6310192422485184
[9.96474225e-01 1.97397427e+04 8.94940880e+03] R^2: 0.6306392811623411
[9.96102262e-01 1.97455342e+04 8.95963119e+03] R^2: 0.6302509981892763
[9.95737636e-01 1.97512220e+04 8.96966622e+03] R^2: 0.6298789544306802
[9.95368868e-01 1.97569852e+04 8.97982961e+03] R^2: 0.629495359626296
[9.94999773e-01 1.97627645e+04 8.99001659e+03] R^2: 0.629109440346869
[9.94638338e-01 1.97684341e+04 9.00000615e+03] R^2: 0.6287406745364912
[9.94276604e-01 1.97741186e+04 9.01001776e+03] R^2: 0.628369710954147
[9.93910748e-01 1.97798784e+04 9.02015763e+03] R^2: 0.6279871802956116
[9.93549014e-01 1.97855836e+04 9.03019728e+03] R^2: 0.6276132814331132
[9.93191810e-01 1.97912273e+04 9.04012474e+03] R^2: 0.6272490091526077
[9.92828906e-01 1.97969713e+04 9.05022452e+03] R^2: 0.6268692810629584
[9.92475007e-01 1.98025825e+04 9.06008705e+03] R^2: 0.6265102465816408
[9.92114356e-01 1.98083107e+04 9.07015141e+03] R^2: 0.6261331566889782
[9.91758507e-01 1.98139724e+04 9.08009532e+03] R^2: 0.6257665061092759
[9.91405176e-01 1.98196037e+04 9.08998207e+03] R^2: 0.6254046572564254
[9.91047046e-01 1.98253213e+04 9.10001661e+03] R^2: 0.6250294920178383
[9.90697323e-01 1.98309140e+04 9.10982869e+03] R^2: 0.6246737785851246
[9.90348110e-01 1.98365077e+04 9.11963922e+03] R^2: 0.6243179543800287
[9.89994140e-01 1.98421871e+04 9.12959657e+03] R^2: 0.6239489076035905
[9.89647316e-01 1.98477609e+04 9.13936566e+03] R^2: 0.6235962923430017
[9.89297250e-01 1.98533959e+04 9.14923891e+03] R^2: 0.6232342368322454
[9.88945604e-01 1.98590658e+04 9.15916984e+03] R^2: 0.6228668408295137
[9.88599630e-01 1.98646532e+04 9.16895331e+03] R^2: 0.622512318454528
[9.88253518e-01 1.98702517e+04 9.17875330e+03] R^2: 0.6221561077341193
[9.87904468e-01 1.98759068e+04 9.18864933e+03] R^2: 0.6217911449587621
[9.87559803e-01 1.98814998e+04 9.19843367e+03] R^2: 0.6214359147088928
[9.87216166e-01 1.98870848e+04 9.20820129e+03] R^2: 0.6210819532142944
[9.86870278e-01 1.98927153e+04 9.21804552e+03] R^2: 0.6207209642907152
[9.86529090e-01 1.98982778e+04 9.22776835e+03] R^2: 0.6203705774760628
[9.86190302e-01 1.99038096e+04 9.23743481e+03] R^2: 0.6200249736899042
[9.85850440e-01 1.99093672e+04 9.24714401e+03] R^2: 0.6196753600909699
[9.85509645e-01 1.99149485e+04 9.25689207e+03] R^2: 0.6193220794699195
[9.85170100e-01 1.99205178e+04 9.26661659e+03] R^2: 0.6189707020965379
[9.84835061e-01 1.99260212e+04 9.27622384e+03] R^2: 0.6186295518230082
[9.84497065e-01 1.99315813e+04 9.28592784e+03] R^2: 0.6182795816606238
[9.84155453e-01 1.99372094e+04 9.29574798e+03] R^2: 0.6179190176099801
[9.83818246e-01 1.99427732e+04 9.30545361e+03] R^2: 0.6175685536150419
[9.83484051e-01 1.99482953e+04 9.31508438e+03] R^2: 0.6172245918581343
[9.83146883e-01 1.99538747e+04 9.32481275e+03] R^2: 0.6168717036292142
[9.82808473e-01 1.99594829e+04 9.33458915e+03] R^2: 0.616514324702063
[9.82474674e-01 1.99650228e+04 9.34424425e+03] R^2: 0.6161676830464367
[9.82144169e-01 1.99705156e+04 9.35381558e+03] R^2: 0.6158283559460707
[9.81810047e-01 1.99760765e+04 9.36350334e+03] R^2: 0.6154784043721644
[9.81478391e-01 1.99816041e+04 9.37313129e+03] R^2: 0.6151336628725584
[9.81151313e-01 1.99870628e+04 9.38263764e+03] R^2: 0.6147996332658892
[9.80820279e-01 1.99925952e+04 9.39227038e+03] R^2: 0.6144540872851099
[9.80487086e-01 1.99981714e+04 9.40197769e+03] R^2: 0.61410165037345
[9.80162128e-01 2.00036173e+04 9.41145636e+03] R^2: 0.6137696288005455
[9.79837629e-01 2.00090626e+04 9.42093261e+03] R^2: 0.61343764133167
[9.79506804e-01 2.00146216e+04 9.43060501e+03] R^2: 0.6130878099706241
[9.79182275e-01 2.00200821e+04 9.44010460e+03] R^2: 0.6127534258676147
[9.78855785e-01 2.00255829e+04 9.44967274e+03] R^2: 0.6124127003063553
[9.78528975e-01 2.00310964e+04 9.45926154e+03] R^2: 0.6120699539081585
[9.78206841e-01 2.00365381e+04 9.46872415e+03] R^2: 0.6117384452503432
[9.77883403e-01 2.00420089e+04 9.47823598e+03] R^2: 0.6114023349472995
[9.77557658e-01 2.00475260e+04 9.48782686e+03] R^2: 0.6110589173904158
[9.77236470e-01 2.00529729e+04 9.49729454e+03] R^2: 0.6107265167848475
[9.76915972e-01 2.00584149e+04 9.50675266e+03] R^2: 0.6103948251447346
[9.76592858e-01 2.00639084e+04 9.51629894e+03] R^2: 0.6100549975904629
[9.76275723e-01 2.00693070e+04 9.52567923e+03] R^2: 0.6097300548171696
[9.75958838e-01 2.00747078e+04 9.53506260e+03] R^2: 0.6094046775166668
[9.75640345e-01 2.00801427e+04 9.54450413e+03] R^2: 0.6090738858871388
[9.75318453e-01 2.00856425e+04 9.55405736e+03] R^2: 0.6087327952424152
[9.75003978e-01 2.00910222e+04 9.56340098e+03] R^2: 0.6084106196753574
[9.74685187e-01 2.00964823e+04 9.57288345e+03] R^2: 0.6080756969276995
[9.74368446e-01 2.01019139e+04 9.58231557e+03] R^2: 0.6077452343946189
[9.74059525e-01 2.01072175e+04 9.59152482e+03] R^2: 0.6074348037218578
[9.73743779e-01 2.01126446e+04 9.60094781e+03] R^2: 0.6071048569409226
[9.73428336e-01 2.01180730e+04 9.61037226e+03] R^2: 0.6067746540178057
[9.73117482e-01 2.01234286e+04 9.61966980e+03] R^2: 0.6064558727524164
[9.72804408e-01 2.01288287e+04 9.62904395e+03] R^2: 0.6061299874591664
[9.72490228e-01 2.01342542e+04 9.63846159e+03] R^2: 0.6058000080851894
[9.72180849e-01 2.01396029e+04 9.64774545e+03] R^2: 0.6054821167954083
[9.71873579e-01 2.01449210e+04 9.65697582e+03] R^2: 0.6051689523120254
[9.71560404e-01 2.01503475e+04 9.66639380e+03] R^2: 0.6048385293722633
[9.71248942e-01 2.01557505e+04 9.67577054e+03] R^2: 0.6045117871214262
[9.70942387e-01 2.01610743e+04 9.68500947e+03] R^2: 0.6041975300686511
[9.70635052e-01 2.01664174e+04 9.69428173e+03] R^2: 0.6038801057590231
[9.70324807e-01 2.01718171e+04 9.70365188e+03] R^2: 0.6035535965234817
[9.70020389e-01 2.01771212e+04 9.71285581e+03] R^2: 0.6032422052283316
[9.69718185e-01 2.01823921e+04 9.72200228e+03] R^2: 0.6029359246904252
[9.69413529e-01 2.01877114e+04 9.73123254e+03] R^2: 0.6026218676063286
[9.69106135e-01 2.01930843e+04 9.74055565e+03] R^2: 0.6022991753063307
[9.68804662e-01 2.01983593e+04 9.74970874e+03] R^2: 0.6019919792863
[9.68505511e-01 2.02035988e+04 9.75880059e+03] R^2: 0.6016902496500269
[9.68200926e-01 2.02089391e+04 9.76806716e+03] R^2: 0.6013723891161266
[9.67897972e-01 2.02142563e+04 9.77729373e+03] R^2: 0.6010581156690328
[9.67599741e-01 2.02194958e+04 9.78638579e+03] R^2: 0.6007560767316757
[9.67298592e-01 2.02247920e+04 9.79557617e+03] R^2: 0.6004449042951139
[9.66997377e-01 2.02300946e+04 9.80477804e+03] R^2: 0.6001325756174506
[9.66704736e-01 2.02352513e+04 9.81372690e+03] R^2: 0.5998433195813409
[9.66409862e-01 2.02404522e+04 9.82275288e+03] R^2: 0.599546894629685
[9.66112185e-01 2.02457075e+04 9.83187374e+03] R^2: 0.5992416473510688
[9.65813611e-01 2.02509838e+04 9.84103135e+03] R^2: 0.5989329145714022
[9.65521849e-01 2.02561445e+04 9.84998890e+03] R^2: 0.5986424697606676
[9.65226877e-01 2.02613669e+04 9.85905390e+03] R^2: 0.5983420496427634
[9.64929606e-01 2.02666350e+04 9.86819867e+03] R^2: 0.5980341672386821
[9.64636521e-01 2.02718338e+04 9.87722364e+03] R^2: 0.5977372588419441
[9.64347184e-01 2.02769707e+04 9.88614183e+03] R^2: 0.5974500562587667
[9.64054253e-01 2.02821760e+04 9.89517951e+03] R^2: 0.5971517501949901
[9.63762850e-01 2.02873589e+04 9.90417882e+03] R^2: 0.5968568921072719
[9.63476299e-01 2.02924599e+04 9.91303672e+03] R^2: 0.5965749346376346
[9.63189748e-01 2.02975652e+04 9.92190290e+03] R^2: 0.5962921023256146
[9.62899530e-01 2.03027403e+04 9.93089110e+03] R^2: 0.5959979183458466
[9.62615080e-01 2.03078168e+04 9.93970896e+03] R^2: 0.5957193309885189
[9.62331331e-01 2.03128849e+04 9.94851316e+03] R^2: 0.5954418826038586
[9.62042880e-01 2.03180412e+04 9.95747168e+03] R^2: 0.5951500952505753
[9.61760822e-01 2.03230875e+04 9.96623980e+03] R^2: 0.594875776034747
[9.61479306e-01 2.03281279e+04 9.97499899e+03] R^2: 0.5946021619188269
[9.61193491e-01 2.03332495e+04 9.98390015e+03] R^2: 0.5943153406299647
[9.60909965e-01 2.03383342e+04 9.99273826e+03] R^2: 0.5940342668617375
[9.60630809e-01 2.03433444e+04 1.00014480e+04] R^2: 0.5937649289297511
[9.60349647e-01 2.03483944e+04 1.00102282e+04] R^2: 0.593488983652092
[9.60068018e-01 2.03534568e+04 1.00190310e+04] R^2: 0.5932108542770567
[9.59786495e-01 2.03585211e+04 1.00278386e+04] R^2: 0.592932196352771
[9.59504878e-01 2.03635911e+04 1.00366570e+04] R^2: 0.5926524337693466
[9.59223844e-01 2.03686546e+04 1.00454653e+04] R^2: 0.5923735345465324
[9.58944991e-01 2.03736825e+04 1.00542131e+04] R^2: 0.5921001623428609
[9.58671992e-01 2.03786084e+04 1.00627847e+04] R^2: 0.5918429585121772
[9.58396406e-01 2.03835844e+04 1.00714450e+04] R^2: 0.5915774645231111
[9.58120706e-01 2.03885660e+04 1.00801165e+04] R^2: 0.5913108383484
[9.57848193e-01 2.03934934e+04 1.00886950e+04] R^2: 0.5910527036809263
[9.57574721e-01 2.03984415e+04 1.00973112e+04] R^2: 0.5907909874636671
[9.57304424e-01 2.04033354e+04 1.01058346e+04] R^2: 0.5905377494043356
[9.57031426e-01 2.04082815e+04 1.01144504e+04] R^2: 0.5902758508275299
[9.56759091e-01 2.04132188e+04 1.01230526e+04] R^2: 0.5900151176178137
[9.56490996e-01 2.04180825e+04 1.01315281e+04] R^2: 0.5897660257701971
[9.56218086e-01 2.04230367e+04 1.01401630e+04] R^2: 0.5895020380606534
[9.55951026e-01 2.04278877e+04 1.01486199e+04] R^2: 0.5892544828839186
[9.55683115e-01 2.04327573e+04 1.01571107e+04] R^2: 0.5890036811582264
[9.55411853e-01 2.04376909e+04 1.01657150e+04] R^2: 0.5887422333118633
[9.55145717e-01 2.04425342e+04 1.01741637e+04] R^2: 0.5884951737911577
[9.54877110e-01 2.04474256e+04 1.01826978e+04] R^2: 0.5882400690979737
[9.54610779e-01 2.04522784e+04 1.01911666e+04] R^2: 0.5879909592880586
[9.54347648e-01 2.04570757e+04 1.01995405e+04] R^2: 0.587750571992385
[9.54081326e-01 2.04619340e+04 1.02080227e+04] R^2: 0.587500008439921
[9.53815327e-01 2.04667893e+04 1.02165015e+04] R^2: 0.5872496722203466
[9.53551861e-01 2.04716012e+04 1.02249064e+04] R^2: 0.5870061413667087
[9.53285309e-01 2.04764723e+04 1.02334167e+04] R^2: 0.5867526762891795
[9.53025054e-01 2.04812310e+04 1.02417326e+04] R^2: 0.5865172699592098
[9.52760963e-01 2.04860624e+04 1.02501777e+04] R^2: 0.5862697106512227
[9.52499964e-01 2.04908400e+04 1.02585306e+04] R^2: 0.5860306880865231
[9.52244236e-01 2.04955234e+04 1.02667211e+04] R^2: 0.5858066568253318
[9.51985303e-01 2.05002679e+04 1.02750206e+04] R^2: 0.5855723982042454
[9.51724346e-01 2.05050519e+04 1.02833915e+04] R^2: 0.5853313738040495
[9.51467863e-01 2.05097564e+04 1.02916252e+04] R^2: 0.5851030724325672
[9.51208478e-01 2.05145165e+04 1.02999584e+04] R^2: 0.5848653748799613
[9.50954473e-01 2.05191801e+04 1.03081250e+04] R^2: 0.5846431465968998
[9.50699255e-01 2.05238681e+04 1.03163368e+04] R^2: 0.5844166104697496
[9.50439164e-01 2.05286481e+04 1.03247118e+04] R^2: 0.5841746773205111
[9.50183232e-01 2.05333539e+04 1.03329592e+04] R^2: 0.5839446593545892
[9.49930454e-01 2.05380039e+04 1.03411110e+04] R^2: 0.583723488472292
[9.49672877e-01 2.05427445e+04 1.03494239e+04] R^2: 0.5834871190816693
[9.49416385e-01 2.05474673e+04 1.03577081e+04] R^2: 0.5832533783777031
[9.49163811e-01 2.05521202e+04 1.03658719e+04] R^2: 0.5830308752270901
[9.48911343e-01 2.05567732e+04 1.03740382e+04] R^2: 0.5828080377998195
[9.48656554e-01 2.05614711e+04 1.03822859e+04] R^2: 0.5825774734963296
[9.48407271e-01 2.05660694e+04 1.03903611e+04] R^2: 0.5823630211491553
[9.48153528e-01 2.05707520e+04 1.03985869e+04] R^2: 0.5821343288467653
[9.47900304e-01 2.05754272e+04 1.04068020e+04] R^2: 0.5819065733389823
[9.47652705e-01 2.05800003e+04 1.04148404e+04] R^2: 0.5816953665747691
[9.47400452e-01 2.05846614e+04 1.04230359e+04] R^2: 0.5814692815676303
[9.47148545e-01 2.05893181e+04 1.04312262e+04] R^2: 0.58124361467134
[9.46901105e-01 2.05938941e+04 1.04392771e+04] R^2: 0.5810310359440798
[9.46654616e-01 2.05984542e+04 1.04473026e+04] R^2: 0.5808207506190923
[9.46404873e-01 2.06030763e+04 1.04554399e+04] R^2: 0.580599829954983
[9.46158528e-01 2.06076373e+04 1.04634723e+04] R^2: 0.5803887572059506
[9.45914411e-01 2.06121587e+04 1.04714375e+04] R^2: 0.5801839226618799
[9.45667460e-01 2.06167342e+04 1.04795008e+04] R^2: 0.5799697424066209
[9.45424060e-01 2.06212456e+04 1.04874537e+04] R^2: 0.5797659127032402
[9.45182946e-01 2.06257160e+04 1.04953373e+04] R^2: 0.5795685234417796
[9.44938530e-01 2.06302491e+04 1.05033342e+04] R^2: 0.5793603431060739
[9.44692818e-01 2.06348079e+04 1.05113792e+04] R^2: 0.5791475301466198
[9.44450289e-01 2.06393092e+04 1.05193254e+04] R^2: 0.5789440061143221
[9.44211606e-01 2.06437405e+04 1.05271509e+04] R^2: 0.5787518019174973
[9.43968849e-01 2.06482488e+04 1.05351153e+04] R^2: 0.5785463695135766
[9.43724754e-01 2.06527836e+04 1.05431290e+04] R^2: 0.5783361626860319
[9.43487078e-01 2.06572004e+04 1.05509373e+04] R^2: 0.5781453754470873
[9.43249449e-01 2.06616175e+04 1.05587491e+04] R^2: 0.5779541641582016
[9.43006624e-01 2.06661327e+04 1.05667371e+04] R^2: 0.577746126373448
[9.42766793e-01 2.06705935e+04 1.05746320e+04] R^2: 0.5775469024640576
[9.42532093e-01 2.06749601e+04 1.05823629e+04] R^2: 0.577363132230597
[9.42292667e-01 2.06794158e+04 1.05902547e+04] R^2: 0.5771640154018667
[9.42058112e-01 2.06837821e+04 1.05979909e+04] R^2: 0.5769795969075731
[9.41823556e-01 2.06881494e+04 1.06057321e+04] R^2: 0.5767946243363655
[9.41584229e-01 2.06926067e+04 1.06136358e+04] R^2: 0.5765940706851684
[9.41347161e-01 2.06970233e+04 1.06214702e+04] R^2: 0.5764000923760741
[9.41113623e-01 2.07013751e+04 1.06291928e+04] R^2: 0.5762166799953572
[9.40881147e-01 2.07057081e+04 1.06368851e+04] R^2: 0.5760360623536869
[9.40643008e-01 2.07101478e+04 1.06447699e+04] R^2: 0.5758369715145778
[9.40408253e-01 2.07145256e+04 1.06525477e+04] R^2: 0.5756480726931947
[9.40177593e-01 2.07188279e+04 1.06601947e+04] R^2: 0.5754715815908766
[9.39944607e-01 2.07231745e+04 1.06679235e+04] R^2: 0.5752871946811622
[9.39710255e-01 2.07275477e+04 1.06757025e+04] R^2: 0.5750979191171954
[9.39478640e-01 2.07318707e+04 1.06833956e+04] R^2: 0.5749168104632674
[9.39250220e-01 2.07361349e+04 1.06909872e+04] R^2: 0.5747453113714227
[9.39019213e-01 2.07404483e+04 1.06986695e+04] R^2: 0.5745650659019093
[9.38789727e-01 2.07447341e+04 1.07063058e+04] R^2: 0.5743891339875795
[9.38563466e-01 2.07489604e+04 1.07138394e+04] R^2: 0.5742229434883463
[9.38337051e-01 2.07531902e+04 1.07213825e+04] R^2: 0.5740557458317377
[9.38109289e-01 2.07574459e+04 1.07289750e+04] R^2: 0.5738837401964683
[9.37883640e-01 2.07616627e+04 1.07365015e+04] R^2: 0.5737179684313132
[9.37659022e-01 2.07658609e+04 1.07439980e+04] R^2: 0.5735549763291308
[9.37429389e-01 2.07701535e+04 1.07516664e+04] R^2: 0.5733753853046825
[9.37202079e-01 2.07744035e+04 1.07592619e+04] R^2: 0.5732027596018305
[9.36978852e-01 2.07785777e+04 1.07667253e+04] R^2: 0.5730427364936332
[9.36753233e-01 2.07827972e+04 1.07742731e+04] R^2: 0.5728745289362221
[9.36525147e-01 2.07870635e+04 1.07819080e+04] R^2: 0.5726978361360007
[9.36301080e-01 2.07912553e+04 1.07894128e+04] R^2: 0.5725336321419598
[9.36079784e-01 2.07953958e+04 1.07968291e+04] R^2: 0.572377858524878
[9.35855019e-01 2.07996016e+04 1.08043659e+04] R^2: 0.5722103910158376
[9.35630951e-01 2.08037950e+04 1.08118837e+04] R^2: 0.5720446837586575
[9.35411428e-01 2.08079037e+04 1.08192532e+04] R^2: 0.57189318667406
[9.35188113e-01 2.08120839e+04 1.08267543e+04] R^2: 0.5717289230516605
[9.34962619e-01 2.08163054e+04 1.08343330e+04] R^2: 0.5715570498074826
[9.34745011e-01 2.08203798e+04 1.08416508e+04] R^2: 0.5714103335964695
[9.34526335e-01 2.08244744e+04 1.08490086e+04] R^2: 0.5712596851883449
[9.34302906e-01 2.08286584e+04 1.08565305e+04] R^2: 0.5710930517817032
[9.34082893e-01 2.08327789e+04 1.08639417e+04] R^2: 0.570937108017643
[9.33865803e-01 2.08368449e+04 1.08712584e+04] R^2: 0.5707902175977969
[9.33646351e-01 2.08409555e+04 1.08786588e+04] R^2: 0.5706351423255958
[9.33426930e-01 2.08450658e+04 1.08860624e+04] R^2: 0.5704796926034226
[9.33213278e-01 2.08490683e+04 1.08932751e+04] R^2: 0.570342617070155
[9.32995529e-01 2.08531477e+04 1.09006301e+04] R^2: 0.570191695593552
[9.32777817e-01 2.08572267e+04 1.09079878e+04] R^2: 0.5700404248313469
[9.32564332e-01 2.08612267e+04 1.09152066e+04] R^2: 0.5699025521306287
[9.32348566e-01 2.08652696e+04 1.09225064e+04] R^2: 0.5697567415826715
[9.32132106e-01 2.08693257e+04 1.09298336e+04] R^2: 0.569608178608157
[9.31920561e-01 2.08732898e+04 1.09369982e+04] R^2: 0.5694753251950394
[9.31706897e-01 2.08772937e+04 1.09442384e+04] R^2: 0.5693350576837033
[9.31490823e-01 2.08813428e+04 1.09515641e+04] R^2: 0.569186367784677
[9.31279447e-01 2.08853041e+04 1.09587343e+04] R^2: 0.5690527497591513
[9.31070051e-01 2.08892282e+04 1.09658409e+04] R^2: 0.5689252067239059
[9.30855401e-01 2.08932508e+04 1.09731297e+04] R^2: 0.5687798399306447
[9.30645324e-01 2.08971877e+04 1.09802668e+04] R^2: 0.5686491888220071
[9.30435526e-01 2.09011194e+04 1.09873981e+04] R^2: 0.5685190224138896
[9.30222431e-01 2.09051129e+04 1.09946452e+04] R^2: 0.568377454819575
[9.30013230e-01 2.09090334e+04 1.10017635e+04] R^2: 0.568248399322267
[9.29804625e-01 2.09129426e+04 1.10088651e+04] R^2: 0.5681208905650244
[9.29593322e-01 2.09169024e+04 1.10160622e+04] R^2: 0.5679839515217642
[9.29382667e-01 2.09208501e+04 1.10232409e+04] R^2: 0.5678487375606918
[9.29176766e-01 2.09247085e+04 1.10302611e+04] R^2: 0.5677289435712521
[9.28968070e-01 2.09286191e+04 1.10373802e+04] R^2: 0.5675993996831465
[9.28760203e-01 2.09325142e+04 1.10444744e+04] R^2: 0.5674722006060685
[9.28555258e-01 2.09363542e+04 1.10514724e+04] R^2: 0.5673543339531424
[9.28348050e-01 2.09402365e+04 1.10585511e+04] R^2: 0.5672284788858897
[9.28140644e-01 2.09441224e+04 1.10656401e+04] R^2: 0.5671015268883361
[9.27936549e-01 2.09479460e+04 1.10726193e+04] R^2: 0.5669852622427468
[9.27729245e-01 2.09518296e+04 1.10797117e+04] R^2: 0.5668577901007303
[9.27527438e-01 2.09556099e+04 1.10866193e+04] R^2: 0.5667483668514135
[9.27321669e-01 2.09594642e+04 1.10936660e+04] R^2: 0.5666252087844394
[9.27118152e-01 2.09632761e+04 1.11006388e+04] R^2: 0.5665092312727795
[9.26916708e-01 2.09670488e+04 1.11075438e+04] R^2: 0.566399816536271
[9.26713039e-01 2.09708629e+04 1.11145285e+04] R^2: 0.5662824880747456
[9.26512186e-01 2.09746239e+04 1.11214197e+04] R^2: 0.566174257265935
[9.26310319e-01 2.09784035e+04 1.11283489e+04] R^2: 0.5660621956646423
[9.26107227e-01 2.09822058e+04 1.11353235e+04] R^2: 0.565945567533769
[9.25910115e-01 2.09858957e+04 1.11420958e+04] R^2: 0.5658487502112302
[9.25709323e-01 2.09896540e+04 1.11489977e+04] R^2: 0.565739101025595
[9.25507569e-01 2.09934301e+04 1.11559358e+04] R^2: 0.5656257706570387
[9.25309827e-01 2.09971306e+04 1.11627391e+04] R^2: 0.5655256660554906
[9.25108316e-01 2.10009012e+04 1.11696753e+04] R^2: 0.5654123356984577
[9.24908938e-01 2.10046316e+04 1.11765411e+04] R^2: 0.5653058863404161
[9.24709467e-01 2.10083632e+04 1.11834134e+04] R^2: 0.5651987127552315
[9.24510802e-01 2.10120794e+04 1.11902609e+04] R^2: 0.5650938969337256
[9.24316066e-01 2.10157216e+04 1.11969760e+04] R^2: 0.5650020728225693
[9.24119081e-01 2.10194053e+04 1.12037716e+04] R^2: 0.5649021932560956
[9.23921338e-01 2.10231026e+04 1.12105964e+04] R^2: 0.5647993260759901
[9.23726778e-01 2.10267400e+04 1.12173143e+04] R^2: 0.5647069567284932
[9.23528841e-01 2.10304399e+04 1.12241518e+04] R^2: 0.5646026202625816
[9.23336774e-01 2.10340296e+04 1.12307894e+04] R^2: 0.56451800718526
[9.23139339e-01 2.10377190e+04 1.12376154e+04] R^2: 0.5644145909375718
[9.22947140e-01 2.10413101e+04 1.12442634e+04] R^2: 0.5643287798119327
[9.22753705e-01 2.10449236e+04 1.12509568e+04] R^2: 0.5642383501702932
Closed plot
Saving data
Motor stopped at zero point
