Files will be save in ../data/setup4/2026_06_16/plus18mm\2\SweepStopClimb
Motor stopped at zero point
[2.68795555e-01 4.03931988e+04 3.09567965e+04 1.37191816e+00
 2.99508682e+04 2.42752177e+03] R^2: 0.9978801906648989
Algo converged, paused
[2.68795555e-01 4.03931988e+04 3.09567965e+04 1.37191816e+00
 2.99508682e+04 2.42752177e+03] R^2: 0.9978801906648989
Algo converged, paused
Closed plot
Saving data
Motor stopped at zero point
Files will be save in ../data/setup4/2026_06_16/plus18mm\2\sweepAndClimb
Motor stopped at zero point
Optimal not found
Algo converged, paused
Optimal not found
Algo converged, paused
Closed plot
Saving data
Motor stopped at zero point
Files will be save in ../data/setup4/2026_06_16/plus18mm\2\increment
Motor stopped at zero point
Closed plot
Saving data
Motor stopped at zero point
