Files will be save in ../data/setup4/2026_06_16/plus10mm\3\SweepStopClimb
Motor stopped at zero point
[1.76053680e+00 2.48869715e+04 2.89906375e+03 2.02404905e-01
 4.19812854e+04 3.58112727e+04] R^2: 0.9962130609697543
Algo converged, paused
[1.76053680e+00 2.48869715e+04 2.89906375e+03 2.02404905e-01
 4.19812854e+04 3.58112727e+04] R^2: 0.9962130609697543
Algo converged, paused
Closed plot
Saving data
Motor stopped at zero point
Files will be save in ../data/setup4/2026_06_16/plus10mm\3\sweepAndClimb
Motor stopped at zero point
[1.69750278e+00 2.45830789e+04 3.10028747e+03 2.27334309e-01
 7.60182303e+04 6.01714212e+04] R^2: 0.9960249150663198
Algo converged, paused
[1.69750278e+00 2.45830789e+04 3.10028747e+03 2.27334309e-01
 7.60182303e+04 6.01714212e+04] R^2: 0.9960249150663198
Algo converged, paused
Closed plot
Saving data
Motor stopped at zero point
Files will be save in ../data/setup4/2026_06_16/plus10mm\3\increment
Motor stopped at zero point
Closed plot
Saving data
Motor stopped at zero point
