Files will be save in ../data/setup4/2026_06_16/plus18mm\4\SweepStopClimb
Motor stopped at zero point
[-6.30127207e-01  2.05582500e+04  3.35397983e+03  7.67976549e-01
  2.79410001e+04  1.22481322e+04] R^2: 0.8697893270591105
Algo converged, paused
[-6.30127207e-01  2.05582500e+04  3.35397983e+03  7.67976549e-01
  2.79410001e+04  1.22481322e+04] R^2: 0.8697893270591105
Algo converged, paused
Closed plot
Saving data
Motor stopped at zero point
Files will be save in ../data/setup4/2026_06_16/plus18mm\4\sweepAndClimb
Motor stopped at zero point
[-6.43523728e-01  2.05306068e+04  3.14040864e+03  7.57603475e-01
  2.79887330e+04  1.22267872e+04] R^2: 0.8742626306945216
Algo converged, paused
Closed plot
Saving data
Motor stopped at zero point
Files will be save in ../data/setup4/2026_06_16/plus18mm\4\increment
Motor stopped at zero point
Closed plot
Saving data
Motor stopped at zero point
