DEBUG: Flushed buffers.
*IDN?
"TUE,PYNQRYB,February 2025,1.4"
DEBUG: Flushed buffers.
DEBUG: Flushed buffers.
*IDN?
"TUE,PYNQRYB,February 2025,1.4"
DEBUG: Flushed buffers.
:GPIO:RST
DEBUG: Flushed buffers.
:SWITCHBOX:RST
DEBUG: Flushed buffers.
:GPIO:DIR LD0,Out;DIR LD1,Out;DIR LD2,Out;DIR LD3,Out
DEBUG: Flushed buffers.
:GPIO:DIR LD4R,Out;DIR LD4G,Out;DIR LD4B,Out;DIR LD5R,Out;DIR LD5G,Out;DIR LD5B,Out
DEBUG: Flushed buffers.
:GPIO:DIR BTN0,In;DIR BTN1,In;DIR BTN2,In;DIR BTN3,In;DIR SW0,In;DIR SW1,In
DEBUG: Flushed buffers.
:SYSTEM:Timeset '20260428120624'
DEBUG: Flushed buffers.
:GPIO:LEVEL LD0, HIGH
DEBUG: Flushed buffers.
:GPIO:LEVEL LD1, HIGH
DEBUG: Flushed buffers.
:GPIO:LEVEL LD2, HIGH
DEBUG: Flushed buffers.
:GPIO:LEVEL LD3, HIGH
DEBUG: Flushed buffers.
:GPIO:LEVEL LD0, LOW
DEBUG: Flushed buffers.
:GPIO:LEVEL LD1, LOW
DEBUG: Flushed buffers.
:GPIO:LEVEL LD2, LOW
DEBUG: Flushed buffers.
:GPIO:LEVEL LD3, LOW
DEBUG: Flushed buffers.
*IDN?
"TUE,PYNQRYB,February 2025,1.4"
DEBUG: Flushed buffers.
:PWM0:PERIOD 0
DEBUG: Flushed buffers.
:PWM0:DUTY 0
DEBUG: Flushed buffers.
:PWM0:STEPS 0
DEBUG: Flushed buffers.
:SWITCHBOX:MAP RBPI07,PWM0
DEBUG: Flushed buffers.
:SWITCHBOX:MAP RBPI29,GPIO
DEBUG: Flushed buffers.
:SWITCHBOX:MAP RBPI27,GPIO
DEBUG: Flushed buffers.
:SWITCHBOX:MAP RBPI28,GPIO
DEBUG: Flushed buffers.
:GPIO:DIR RBPI29, OUT
DEBUG: Flushed buffers.
:GPIO:DIR RBPI27, IN
DEBUG: Flushed buffers.
:GPIO:DIR RBPI28, IN
DEBUG: Flushed buffers.
:GPIO:LEVEL RBPI29, HIGH
DEBUG: Flushed buffers.
:PWM0:PERIOD 1000000
DEBUG: Flushed buffers.
:PWM0:DUTY 100000
DEBUG: Flushed buffers.
:PWM0:STEPS 300
DEBUG: Flushed buffers.
:PWM0:PERIOD 0
DEBUG: Flushed buffers.
:PWM0:DUTY 0
DEBUG: Flushed buffers.
:PWM0:STEPS -1
DEBUG: Flushed buffers.
:DISPLAY:MESSAGE 'PYNQ object~disconnected.'
DEBUG: Flushed buffers.
*IDN?
"TUE,PYNQRYB,February 2025,1.4"
DEBUG: Flushed buffers.
DEBUG: Flushed buffers.
*IDN?
"TUE,PYNQRYB,February 2025,1.4"
DEBUG: Flushed buffers.
:GPIO:RST
DEBUG: Flushed buffers.
:SWITCHBOX:RST
DEBUG: Flushed buffers.
:GPIO:DIR LD0,Out;DIR LD1,Out;DIR LD2,Out;DIR LD3,Out
DEBUG: Flushed buffers.
:GPIO:DIR LD4R,Out;DIR LD4G,Out;DIR LD4B,Out;DIR LD5R,Out;DIR LD5G,Out;DIR LD5B,Out
DEBUG: Flushed buffers.
:GPIO:DIR BTN0,In;DIR BTN1,In;DIR BTN2,In;DIR BTN3,In;DIR SW0,In;DIR SW1,In
DEBUG: Flushed buffers.
:SYSTEM:Timeset '20260501150621'
DEBUG: Flushed buffers.
:GPIO:LEVEL LD0, HIGH
DEBUG: Flushed buffers.
:GPIO:LEVEL LD1, HIGH
DEBUG: Flushed buffers.
:GPIO:LEVEL LD2, HIGH
DEBUG: Flushed buffers.
:GPIO:LEVEL LD3, HIGH
DEBUG: Flushed buffers.
:GPIO:LEVEL LD0, LOW
DEBUG: Flushed buffers.
:GPIO:LEVEL LD1, LOW
DEBUG: Flushed buffers.
:GPIO:LEVEL LD2, LOW
DEBUG: Flushed buffers.
:GPIO:LEVEL LD3, LOW
DEBUG: Flushed buffers.
*IDN?
"TUE,PYNQRYB,February 2025,1.4"
DEBUG: Flushed buffers.
:PWM0:PERIOD 0
DEBUG: Flushed buffers.
:PWM0:DUTY 0
DEBUG: Flushed buffers.
:PWM0:STEPS 0
DEBUG: Flushed buffers.
:SWITCHBOX:MAP RBPI07,PWM0
DEBUG: Flushed buffers.
:SWITCHBOX:MAP RBPI29,GPIO
DEBUG: Flushed buffers.
:SWITCHBOX:MAP RBPI27,GPIO
DEBUG: Flushed buffers.
:SWITCHBOX:MAP RBPI28,GPIO
DEBUG: Flushed buffers.
:GPIO:DIR RBPI29, OUT
DEBUG: Flushed buffers.
:GPIO:DIR RBPI27, IN
DEBUG: Flushed buffers.
:GPIO:DIR RBPI28, IN
DEBUG: Flushed buffers.
:GPIO:LEVEL? RBPI27
High
DEBUG: Flushed buffers.
:GPIO:LEVEL? RBPI28
Low
DEBUG: Flushed buffers.
:PWM0:PERIOD 0
DEBUG: Flushed buffers.
:PWM0:DUTY 0
DEBUG: Flushed buffers.
:PWM0:STEPS -1
DEBUG: Flushed buffers.
:DISPLAY:MESSAGE 'PYNQ object~disconnected.'
DEBUG: Flushed buffers.
*IDN?
"TUE,PYNQRYB,February 2025,1.4"
DEBUG: Flushed buffers.
DEBUG: Flushed buffers.
*IDN?
"TUE,PYNQRYB,February 2025,1.4"
DEBUG: Flushed buffers.
:GPIO:RST
DEBUG: Flushed buffers.
:SWITCHBOX:RST
DEBUG: Flushed buffers.
:GPIO:DIR LD0,Out;DIR LD1,Out;DIR LD2,Out;DIR LD3,Out
DEBUG: Flushed buffers.
:GPIO:DIR LD4R,Out;DIR LD4G,Out;DIR LD4B,Out;DIR LD5R,Out;DIR LD5G,Out;DIR LD5B,Out
DEBUG: Flushed buffers.
:GPIO:DIR BTN0,In;DIR BTN1,In;DIR BTN2,In;DIR BTN3,In;DIR SW0,In;DIR SW1,In
DEBUG: Flushed buffers.
:SYSTEM:Timeset '20260501151305'
DEBUG: Flushed buffers.
:GPIO:LEVEL LD0, HIGH
DEBUG: Flushed buffers.
:GPIO:LEVEL LD1, HIGH
DEBUG: Flushed buffers.
:GPIO:LEVEL LD2, HIGH
DEBUG: Flushed buffers.
:GPIO:LEVEL LD3, HIGH
DEBUG: Flushed buffers.
:GPIO:LEVEL LD0, LOW
DEBUG: Flushed buffers.
:GPIO:LEVEL LD1, LOW
DEBUG: Flushed buffers.
:GPIO:LEVEL LD2, LOW
DEBUG: Flushed buffers.
:GPIO:LEVEL LD3, LOW
DEBUG: Flushed buffers.
*IDN?
"TUE,PYNQRYB,February 2025,1.4"
DEBUG: Flushed buffers.
:PWM0:PERIOD 0
DEBUG: Flushed buffers.
:PWM0:DUTY 0
DEBUG: Flushed buffers.
:PWM0:STEPS 0
DEBUG: Flushed buffers.
:SWITCHBOX:MAP RBPI07,PWM0
DEBUG: Flushed buffers.
:SWITCHBOX:MAP RBPI29,GPIO
DEBUG: Flushed buffers.
:SWITCHBOX:MAP RBPI27,GPIO
DEBUG: Flushed buffers.
:SWITCHBOX:MAP RBPI28,GPIO
DEBUG: Flushed buffers.
:GPIO:DIR RBPI29, OUT
DEBUG: Flushed buffers.
:GPIO:DIR RBPI27, IN
DEBUG: Flushed buffers.
:GPIO:DIR RBPI28, IN
DEBUG: Flushed buffers.
:GPIO:LEVEL RBPI29, LOW
DEBUG: Flushed buffers.
:PWM0:PERIOD 1000000
DEBUG: Flushed buffers.
:PWM0:DUTY 100000
DEBUG: Flushed buffers.
:PWM0:STEPS 100
DEBUG: Flushed buffers.
:PWM0:PERIOD 0
DEBUG: Flushed buffers.
:PWM0:DUTY 0
DEBUG: Flushed buffers.
:PWM0:STEPS -1
DEBUG: Flushed buffers.
:DISPLAY:MESSAGE 'PYNQ object~disconnected.'
DEBUG: Flushed buffers.
*IDN?
"TUE,PYNQRYB,February 2025,1.4"
DEBUG: Flushed buffers.
DEBUG: Flushed buffers.
*IDN?
"TUE,PYNQRYB,February 2025,1.4"
DEBUG: Flushed buffers.
:GPIO:RST
DEBUG: Flushed buffers.
:SWITCHBOX:RST
DEBUG: Flushed buffers.
:GPIO:DIR LD0,Out;DIR LD1,Out;DIR LD2,Out;DIR LD3,Out
DEBUG: Flushed buffers.
:GPIO:DIR LD4R,Out;DIR LD4G,Out;DIR LD4B,Out;DIR LD5R,Out;DIR LD5G,Out;DIR LD5B,Out
DEBUG: Flushed buffers.
:GPIO:DIR BTN0,In;DIR BTN1,In;DIR BTN2,In;DIR BTN3,In;DIR SW0,In;DIR SW1,In
DEBUG: Flushed buffers.
:SYSTEM:Timeset '20260501151321'
DEBUG: Flushed buffers.
:GPIO:LEVEL LD0, HIGH
DEBUG: Flushed buffers.
:GPIO:LEVEL LD1, HIGH
DEBUG: Flushed buffers.
:GPIO:LEVEL LD2, HIGH
DEBUG: Flushed buffers.
:GPIO:LEVEL LD3, HIGH
DEBUG: Flushed buffers.
:GPIO:LEVEL LD0, LOW
DEBUG: Flushed buffers.
:GPIO:LEVEL LD1, LOW
DEBUG: Flushed buffers.
:GPIO:LEVEL LD2, LOW
DEBUG: Flushed buffers.
:GPIO:LEVEL LD3, LOW
DEBUG: Flushed buffers.
*IDN?
"TUE,PYNQRYB,February 2025,1.4"
DEBUG: Flushed buffers.
:PWM0:PERIOD 0
DEBUG: Flushed buffers.
:PWM0:DUTY 0
DEBUG: Flushed buffers.
:PWM0:STEPS 0
DEBUG: Flushed buffers.
:SWITCHBOX:MAP RBPI07,PWM0
DEBUG: Flushed buffers.
:SWITCHBOX:MAP RBPI29,GPIO
DEBUG: Flushed buffers.
:SWITCHBOX:MAP RBPI27,GPIO
DEBUG: Flushed buffers.
:SWITCHBOX:MAP RBPI28,GPIO
DEBUG: Flushed buffers.
:GPIO:DIR RBPI29, OUT
DEBUG: Flushed buffers.
:GPIO:DIR RBPI27, IN
DEBUG: Flushed buffers.
:GPIO:DIR RBPI28, IN
DEBUG: Flushed buffers.
:GPIO:LEVEL RBPI29, LOW
DEBUG: Flushed buffers.
:PWM0:PERIOD 1000000
DEBUG: Flushed buffers.
:PWM0:DUTY 100000
DEBUG: Flushed buffers.
:PWM0:STEPS 200
DEBUG: Flushed buffers.
:PWM0:PERIOD 0
DEBUG: Flushed buffers.
:PWM0:DUTY 0
DEBUG: Flushed buffers.
:PWM0:STEPS -1
DEBUG: Flushed buffers.
:DISPLAY:MESSAGE 'PYNQ object~disconnected.'
DEBUG: Flushed buffers.
*IDN?
"TUE,PYNQRYB,February 2025,1.4"
DEBUG: Flushed buffers.
DEBUG: Flushed buffers.
*IDN?
"TUE,PYNQRYB,February 2025,1.4"
DEBUG: Flushed buffers.
:GPIO:RST
DEBUG: Flushed buffers.
:SWITCHBOX:RST
DEBUG: Flushed buffers.
:GPIO:DIR LD0,Out;DIR LD1,Out;DIR LD2,Out;DIR LD3,Out
DEBUG: Flushed buffers.
:GPIO:DIR LD4R,Out;DIR LD4G,Out;DIR LD4B,Out;DIR LD5R,Out;DIR LD5G,Out;DIR LD5B,Out
DEBUG: Flushed buffers.
:GPIO:DIR BTN0,In;DIR BTN1,In;DIR BTN2,In;DIR BTN3,In;DIR SW0,In;DIR SW1,In
DEBUG: Flushed buffers.
:SYSTEM:Timeset '20260501151331'
DEBUG: Flushed buffers.
:GPIO:LEVEL LD0, HIGH
DEBUG: Flushed buffers.
:GPIO:LEVEL LD1, HIGH
DEBUG: Flushed buffers.
:GPIO:LEVEL LD2, HIGH
DEBUG: Flushed buffers.
:GPIO:LEVEL LD3, HIGH
DEBUG: Flushed buffers.
:GPIO:LEVEL LD0, LOW
DEBUG: Flushed buffers.
:GPIO:LEVEL LD1, LOW
DEBUG: Flushed buffers.
:GPIO:LEVEL LD2, LOW
DEBUG: Flushed buffers.
:GPIO:LEVEL LD3, LOW
DEBUG: Flushed buffers.
*IDN?
"TUE,PYNQRYB,February 2025,1.4"
DEBUG: Flushed buffers.
:PWM0:PERIOD 0
DEBUG: Flushed buffers.
:PWM0:DUTY 0
DEBUG: Flushed buffers.
:PWM0:STEPS 0
DEBUG: Flushed buffers.
:SWITCHBOX:MAP RBPI07,PWM0
DEBUG: Flushed buffers.
:SWITCHBOX:MAP RBPI29,GPIO
DEBUG: Flushed buffers.
:SWITCHBOX:MAP RBPI27,GPIO
DEBUG: Flushed buffers.
:SWITCHBOX:MAP RBPI28,GPIO
DEBUG: Flushed buffers.
:GPIO:DIR RBPI29, OUT
DEBUG: Flushed buffers.
:GPIO:DIR RBPI27, IN
DEBUG: Flushed buffers.
:GPIO:DIR RBPI28, IN
DEBUG: Flushed buffers.
:GPIO:LEVEL RBPI29, LOW
DEBUG: Flushed buffers.
:PWM0:PERIOD 1000000
DEBUG: Flushed buffers.
:PWM0:DUTY 100000
DEBUG: Flushed buffers.
:PWM0:STEPS 300
DEBUG: Flushed buffers.
:PWM0:PERIOD 0
DEBUG: Flushed buffers.
:PWM0:DUTY 0
DEBUG: Flushed buffers.
:PWM0:STEPS -1
DEBUG: Flushed buffers.
:DISPLAY:MESSAGE 'PYNQ object~disconnected.'
DEBUG: Flushed buffers.
*IDN?
"TUE,PYNQRYB,February 2025,1.4"
DEBUG: Flushed buffers.
DEBUG: Flushed buffers.
*IDN?
"TUE,PYNQRYB,February 2025,1.4"
DEBUG: Flushed buffers.
:GPIO:RST
DEBUG: Flushed buffers.
:SWITCHBOX:RST
DEBUG: Flushed buffers.
:GPIO:DIR LD0,Out;DIR LD1,Out;DIR LD2,Out;DIR LD3,Out
DEBUG: Flushed buffers.
:GPIO:DIR LD4R,Out;DIR LD4G,Out;DIR LD4B,Out;DIR LD5R,Out;DIR LD5G,Out;DIR LD5B,Out
DEBUG: Flushed buffers.
:GPIO:DIR BTN0,In;DIR BTN1,In;DIR BTN2,In;DIR BTN3,In;DIR SW0,In;DIR SW1,In
DEBUG: Flushed buffers.
:SYSTEM:Timeset '20260501151359'
DEBUG: Flushed buffers.
:GPIO:LEVEL LD0, HIGH
DEBUG: Flushed buffers.
:GPIO:LEVEL LD1, HIGH
DEBUG: Flushed buffers.
:GPIO:LEVEL LD2, HIGH
DEBUG: Flushed buffers.
:GPIO:LEVEL LD3, HIGH
DEBUG: Flushed buffers.
:GPIO:LEVEL LD0, LOW
DEBUG: Flushed buffers.
:GPIO:LEVEL LD1, LOW
DEBUG: Flushed buffers.
:GPIO:LEVEL LD2, LOW
DEBUG: Flushed buffers.
:GPIO:LEVEL LD3, LOW
DEBUG: Flushed buffers.
*IDN?
"TUE,PYNQRYB,February 2025,1.4"
DEBUG: Flushed buffers.
:PWM0:PERIOD 0
DEBUG: Flushed buffers.
:PWM0:DUTY 0
DEBUG: Flushed buffers.
:PWM0:STEPS 0
DEBUG: Flushed buffers.
:SWITCHBOX:MAP RBPI07,PWM0
DEBUG: Flushed buffers.
:SWITCHBOX:MAP RBPI29,GPIO
DEBUG: Flushed buffers.
:SWITCHBOX:MAP RBPI27,GPIO
DEBUG: Flushed buffers.
:SWITCHBOX:MAP RBPI28,GPIO
DEBUG: Flushed buffers.
:GPIO:DIR RBPI29, OUT
DEBUG: Flushed buffers.
:GPIO:DIR RBPI27, IN
DEBUG: Flushed buffers.
:GPIO:DIR RBPI28, IN
DEBUG: Flushed buffers.
:GPIO:LEVEL RBPI29, LOW
DEBUG: Flushed buffers.
:PWM0:PERIOD 1000000
DEBUG: Flushed buffers.
:PWM0:DUTY 100000
DEBUG: Flushed buffers.
:PWM0:STEPS 500
DEBUG: Flushed buffers.
:PWM0:PERIOD 0
DEBUG: Flushed buffers.
:PWM0:DUTY 0
DEBUG: Flushed buffers.
:PWM0:STEPS -1
DEBUG: Flushed buffers.
:DISPLAY:MESSAGE 'PYNQ object~disconnected.'
DEBUG: Flushed buffers.
*IDN?
"TUE,PYNQRYB,February 2025,1.4"
DEBUG: Flushed buffers.
DEBUG: Flushed buffers.
*IDN?
"TUE,PYNQRYB,February 2025,1.4"
DEBUG: Flushed buffers.
:GPIO:RST
DEBUG: Flushed buffers.
:SWITCHBOX:RST
DEBUG: Flushed buffers.
:GPIO:DIR LD0,Out;DIR LD1,Out;DIR LD2,Out;DIR LD3,Out
DEBUG: Flushed buffers.
:GPIO:DIR LD4R,Out;DIR LD4G,Out;DIR LD4B,Out;DIR LD5R,Out;DIR LD5G,Out;DIR LD5B,Out
DEBUG: Flushed buffers.
:GPIO:DIR BTN0,In;DIR BTN1,In;DIR BTN2,In;DIR BTN3,In;DIR SW0,In;DIR SW1,In
DEBUG: Flushed buffers.
:SYSTEM:Timeset '20260501151448'
DEBUG: Flushed buffers.
:GPIO:LEVEL LD0, HIGH
DEBUG: Flushed buffers.
:GPIO:LEVEL LD1, HIGH
DEBUG: Flushed buffers.
:GPIO:LEVEL LD2, HIGH
DEBUG: Flushed buffers.
:GPIO:LEVEL LD3, HIGH
DEBUG: Flushed buffers.
:GPIO:LEVEL LD0, LOW
DEBUG: Flushed buffers.
:GPIO:LEVEL LD1, LOW
DEBUG: Flushed buffers.
:GPIO:LEVEL LD2, LOW
DEBUG: Flushed buffers.
:GPIO:LEVEL LD3, LOW
DEBUG: Flushed buffers.
*IDN?
"TUE,PYNQRYB,February 2025,1.4"
DEBUG: Flushed buffers.
:PWM0:PERIOD 0
DEBUG: Flushed buffers.
:PWM0:DUTY 0
DEBUG: Flushed buffers.
:PWM0:STEPS 0
DEBUG: Flushed buffers.
:SWITCHBOX:MAP RBPI07,PWM0
DEBUG: Flushed buffers.
:SWITCHBOX:MAP RBPI29,GPIO
DEBUG: Flushed buffers.
:SWITCHBOX:MAP RBPI27,GPIO
DEBUG: Flushed buffers.
:SWITCHBOX:MAP RBPI28,GPIO
DEBUG: Flushed buffers.
:GPIO:DIR RBPI29, OUT
DEBUG: Flushed buffers.
:GPIO:DIR RBPI27, IN
DEBUG: Flushed buffers.
:GPIO:DIR RBPI28, IN
DEBUG: Flushed buffers.
:GPIO:LEVEL RBPI29, LOW
DEBUG: Flushed buffers.
:PWM0:PERIOD 500000
DEBUG: Flushed buffers.
:PWM0:DUTY 50000
DEBUG: Flushed buffers.
:PWM0:STEPS 100
DEBUG: Flushed buffers.
:PWM0:PERIOD 0
DEBUG: Flushed buffers.
:PWM0:DUTY 0
DEBUG: Flushed buffers.
:PWM0:STEPS -1
DEBUG: Flushed buffers.
:DISPLAY:MESSAGE 'PYNQ object~disconnected.'
DEBUG: Flushed buffers.
*IDN?
"TUE,PYNQRYB,February 2025,1.4"
DEBUG: Flushed buffers.
DEBUG: Flushed buffers.
*IDN?
"TUE,PYNQRYB,February 2025,1.4"
DEBUG: Flushed buffers.
:GPIO:RST
DEBUG: Flushed buffers.
:SWITCHBOX:RST
DEBUG: Flushed buffers.
:GPIO:DIR LD0,Out;DIR LD1,Out;DIR LD2,Out;DIR LD3,Out
DEBUG: Flushed buffers.
:GPIO:DIR LD4R,Out;DIR LD4G,Out;DIR LD4B,Out;DIR LD5R,Out;DIR LD5G,Out;DIR LD5B,Out
DEBUG: Flushed buffers.
:GPIO:DIR BTN0,In;DIR BTN1,In;DIR BTN2,In;DIR BTN3,In;DIR SW0,In;DIR SW1,In
DEBUG: Flushed buffers.
:SYSTEM:Timeset '20260501151457'
DEBUG: Flushed buffers.
:GPIO:LEVEL LD0, HIGH
DEBUG: Flushed buffers.
:GPIO:LEVEL LD1, HIGH
DEBUG: Flushed buffers.
:GPIO:LEVEL LD2, HIGH
DEBUG: Flushed buffers.
:GPIO:LEVEL LD3, HIGH
DEBUG: Flushed buffers.
:GPIO:LEVEL LD0, LOW
DEBUG: Flushed buffers.
:GPIO:LEVEL LD1, LOW
DEBUG: Flushed buffers.
:GPIO:LEVEL LD2, LOW
DEBUG: Flushed buffers.
:GPIO:LEVEL LD3, LOW
DEBUG: Flushed buffers.
*IDN?
"TUE,PYNQRYB,February 2025,1.4"
DEBUG: Flushed buffers.
:PWM0:PERIOD 0
DEBUG: Flushed buffers.
:PWM0:DUTY 0
DEBUG: Flushed buffers.
:PWM0:STEPS 0
DEBUG: Flushed buffers.
:SWITCHBOX:MAP RBPI07,PWM0
DEBUG: Flushed buffers.
:SWITCHBOX:MAP RBPI29,GPIO
DEBUG: Flushed buffers.
:SWITCHBOX:MAP RBPI27,GPIO
DEBUG: Flushed buffers.
:SWITCHBOX:MAP RBPI28,GPIO
DEBUG: Flushed buffers.
:GPIO:DIR RBPI29, OUT
DEBUG: Flushed buffers.
:GPIO:DIR RBPI27, IN
DEBUG: Flushed buffers.
:GPIO:DIR RBPI28, IN
DEBUG: Flushed buffers.
:GPIO:LEVEL RBPI29, LOW
DEBUG: Flushed buffers.
:PWM0:PERIOD 333333
DEBUG: Flushed buffers.
:PWM0:DUTY 33333
DEBUG: Flushed buffers.
:PWM0:STEPS 100
DEBUG: Flushed buffers.
:PWM0:PERIOD 0
DEBUG: Flushed buffers.
:PWM0:DUTY 0
DEBUG: Flushed buffers.
:PWM0:STEPS -1
DEBUG: Flushed buffers.
:DISPLAY:MESSAGE 'PYNQ object~disconnected.'
DEBUG: Flushed buffers.
*IDN?
"TUE,PYNQRYB,February 2025,1.4"
DEBUG: Flushed buffers.
DEBUG: Flushed buffers.
*IDN?
"TUE,PYNQRYB,February 2025,1.4"
DEBUG: Flushed buffers.
:GPIO:RST
DEBUG: Flushed buffers.
:SWITCHBOX:RST
DEBUG: Flushed buffers.
:GPIO:DIR LD0,Out;DIR LD1,Out;DIR LD2,Out;DIR LD3,Out
DEBUG: Flushed buffers.
:GPIO:DIR LD4R,Out;DIR LD4G,Out;DIR LD4B,Out;DIR LD5R,Out;DIR LD5G,Out;DIR LD5B,Out
DEBUG: Flushed buffers.
:GPIO:DIR BTN0,In;DIR BTN1,In;DIR BTN2,In;DIR BTN3,In;DIR SW0,In;DIR SW1,In
DEBUG: Flushed buffers.
:SYSTEM:Timeset '20260501151506'
DEBUG: Flushed buffers.
:GPIO:LEVEL LD0, HIGH
DEBUG: Flushed buffers.
:GPIO:LEVEL LD1, HIGH
DEBUG: Flushed buffers.
:GPIO:LEVEL LD2, HIGH
DEBUG: Flushed buffers.
:GPIO:LEVEL LD3, HIGH
DEBUG: Flushed buffers.
:GPIO:LEVEL LD0, LOW
DEBUG: Flushed buffers.
:GPIO:LEVEL LD1, LOW
DEBUG: Flushed buffers.
:GPIO:LEVEL LD2, LOW
DEBUG: Flushed buffers.
:GPIO:LEVEL LD3, LOW
DEBUG: Flushed buffers.
*IDN?
"TUE,PYNQRYB,February 2025,1.4"
DEBUG: Flushed buffers.
:PWM0:PERIOD 0
DEBUG: Flushed buffers.
:PWM0:DUTY 0
DEBUG: Flushed buffers.
:PWM0:STEPS 0
DEBUG: Flushed buffers.
:SWITCHBOX:MAP RBPI07,PWM0
DEBUG: Flushed buffers.
:SWITCHBOX:MAP RBPI29,GPIO
DEBUG: Flushed buffers.
:SWITCHBOX:MAP RBPI27,GPIO
DEBUG: Flushed buffers.
:SWITCHBOX:MAP RBPI28,GPIO
DEBUG: Flushed buffers.
:GPIO:DIR RBPI29, OUT
DEBUG: Flushed buffers.
:GPIO:DIR RBPI27, IN
DEBUG: Flushed buffers.
:GPIO:DIR RBPI28, IN
DEBUG: Flushed buffers.
:GPIO:LEVEL RBPI29, LOW
DEBUG: Flushed buffers.
:PWM0:PERIOD 200000
DEBUG: Flushed buffers.
:PWM0:DUTY 20000
DEBUG: Flushed buffers.
:PWM0:STEPS 100
DEBUG: Flushed buffers.
:PWM0:PERIOD 0
DEBUG: Flushed buffers.
:PWM0:DUTY 0
DEBUG: Flushed buffers.
:PWM0:STEPS -1
DEBUG: Flushed buffers.
:DISPLAY:MESSAGE 'PYNQ object~disconnected.'
DEBUG: Flushed buffers.
*IDN?
"TUE,PYNQRYB,February 2025,1.4"
DEBUG: Flushed buffers.
DEBUG: Flushed buffers.
*IDN?
"TUE,PYNQRYB,February 2025,1.4"
DEBUG: Flushed buffers.
:GPIO:RST
DEBUG: Flushed buffers.
:SWITCHBOX:RST
DEBUG: Flushed buffers.
:GPIO:DIR LD0,Out;DIR LD1,Out;DIR LD2,Out;DIR LD3,Out
DEBUG: Flushed buffers.
:GPIO:DIR LD4R,Out;DIR LD4G,Out;DIR LD4B,Out;DIR LD5R,Out;DIR LD5G,Out;DIR LD5B,Out
DEBUG: Flushed buffers.
:GPIO:DIR BTN0,In;DIR BTN1,In;DIR BTN2,In;DIR BTN3,In;DIR SW0,In;DIR SW1,In
DEBUG: Flushed buffers.
:SYSTEM:Timeset '20260501151526'
DEBUG: Flushed buffers.
:GPIO:LEVEL LD0, HIGH
DEBUG: Flushed buffers.
:GPIO:LEVEL LD1, HIGH
DEBUG: Flushed buffers.
:GPIO:LEVEL LD2, HIGH
DEBUG: Flushed buffers.
:GPIO:LEVEL LD3, HIGH
DEBUG: Flushed buffers.
:GPIO:LEVEL LD0, LOW
DEBUG: Flushed buffers.
:GPIO:LEVEL LD1, LOW
DEBUG: Flushed buffers.
:GPIO:LEVEL LD2, LOW
DEBUG: Flushed buffers.
:GPIO:LEVEL LD3, LOW
DEBUG: Flushed buffers.
*IDN?
"TUE,PYNQRYB,February 2025,1.4"
DEBUG: Flushed buffers.
:PWM0:PERIOD 0
DEBUG: Flushed buffers.
:PWM0:DUTY 0
DEBUG: Flushed buffers.
:PWM0:STEPS 0
DEBUG: Flushed buffers.
:SWITCHBOX:MAP RBPI07,PWM0
DEBUG: Flushed buffers.
:SWITCHBOX:MAP RBPI29,GPIO
DEBUG: Flushed buffers.
:SWITCHBOX:MAP RBPI27,GPIO
DEBUG: Flushed buffers.
:SWITCHBOX:MAP RBPI28,GPIO
DEBUG: Flushed buffers.
:GPIO:DIR RBPI29, OUT
DEBUG: Flushed buffers.
:GPIO:DIR RBPI27, IN
DEBUG: Flushed buffers.
:GPIO:DIR RBPI28, IN
DEBUG: Flushed buffers.
:GPIO:LEVEL RBPI29, LOW
DEBUG: Flushed buffers.
:PWM0:PERIOD 166666
DEBUG: Flushed buffers.
:PWM0:DUTY 16666
DEBUG: Flushed buffers.
:PWM0:STEPS 300
DEBUG: Flushed buffers.
:PWM0:PERIOD 0
DEBUG: Flushed buffers.
:PWM0:DUTY 0
DEBUG: Flushed buffers.
:PWM0:STEPS -1
DEBUG: Flushed buffers.
:DISPLAY:MESSAGE 'PYNQ object~disconnected.'
DEBUG: Flushed buffers.
*IDN?
"TUE,PYNQRYB,February 2025,1.4"
DEBUG: Flushed buffers.
DEBUG: Flushed buffers.
*IDN?
"TUE,PYNQRYB,February 2025,1.4"
DEBUG: Flushed buffers.
:GPIO:RST
DEBUG: Flushed buffers.
:SWITCHBOX:RST
DEBUG: Flushed buffers.
:GPIO:DIR LD0,Out;DIR LD1,Out;DIR LD2,Out;DIR LD3,Out
DEBUG: Flushed buffers.
:GPIO:DIR LD4R,Out;DIR LD4G,Out;DIR LD4B,Out;DIR LD5R,Out;DIR LD5G,Out;DIR LD5B,Out
DEBUG: Flushed buffers.
:GPIO:DIR BTN0,In;DIR BTN1,In;DIR BTN2,In;DIR BTN3,In;DIR SW0,In;DIR SW1,In
DEBUG: Flushed buffers.
:SYSTEM:Timeset '20260501151536'
DEBUG: Flushed buffers.
:GPIO:LEVEL LD0, HIGH
DEBUG: Flushed buffers.
:GPIO:LEVEL LD1, HIGH
DEBUG: Flushed buffers.
:GPIO:LEVEL LD2, HIGH
DEBUG: Flushed buffers.
:GPIO:LEVEL LD3, HIGH
DEBUG: Flushed buffers.
:GPIO:LEVEL LD0, LOW
DEBUG: Flushed buffers.
:GPIO:LEVEL LD1, LOW
DEBUG: Flushed buffers.
:GPIO:LEVEL LD2, LOW
DEBUG: Flushed buffers.
:GPIO:LEVEL LD3, LOW
DEBUG: Flushed buffers.
*IDN?
"TUE,PYNQRYB,February 2025,1.4"
DEBUG: Flushed buffers.
:PWM0:PERIOD 0
DEBUG: Flushed buffers.
:PWM0:DUTY 0
DEBUG: Flushed buffers.
:PWM0:STEPS 0
DEBUG: Flushed buffers.
:SWITCHBOX:MAP RBPI07,PWM0
DEBUG: Flushed buffers.
:SWITCHBOX:MAP RBPI29,GPIO
DEBUG: Flushed buffers.
:SWITCHBOX:MAP RBPI27,GPIO
DEBUG: Flushed buffers.
:SWITCHBOX:MAP RBPI28,GPIO
DEBUG: Flushed buffers.
:GPIO:DIR RBPI29, OUT
DEBUG: Flushed buffers.
:GPIO:DIR RBPI27, IN
DEBUG: Flushed buffers.
:GPIO:DIR RBPI28, IN
DEBUG: Flushed buffers.
:GPIO:LEVEL RBPI29, LOW
DEBUG: Flushed buffers.
:PWM0:PERIOD 100000
DEBUG: Flushed buffers.
:PWM0:DUTY 10000
DEBUG: Flushed buffers.
:PWM0:STEPS 300
DEBUG: Flushed buffers.
:PWM0:PERIOD 0
DEBUG: Flushed buffers.
:PWM0:DUTY 0
DEBUG: Flushed buffers.
:PWM0:STEPS -1
DEBUG: Flushed buffers.
:DISPLAY:MESSAGE 'PYNQ object~disconnected.'
DEBUG: Flushed buffers.
*IDN?
"TUE,PYNQRYB,February 2025,1.4"
DEBUG: Flushed buffers.
DEBUG: Flushed buffers.
*IDN?
"TUE,PYNQRYB,February 2025,1.4"
DEBUG: Flushed buffers.
:GPIO:RST
DEBUG: Flushed buffers.
:SWITCHBOX:RST
DEBUG: Flushed buffers.
:GPIO:DIR LD0,Out;DIR LD1,Out;DIR LD2,Out;DIR LD3,Out
DEBUG: Flushed buffers.
:GPIO:DIR LD4R,Out;DIR LD4G,Out;DIR LD4B,Out;DIR LD5R,Out;DIR LD5G,Out;DIR LD5B,Out
DEBUG: Flushed buffers.
:GPIO:DIR BTN0,In;DIR BTN1,In;DIR BTN2,In;DIR BTN3,In;DIR SW0,In;DIR SW1,In
DEBUG: Flushed buffers.
:SYSTEM:Timeset '20260501151547'
DEBUG: Flushed buffers.
:GPIO:LEVEL LD0, HIGH
DEBUG: Flushed buffers.
:GPIO:LEVEL LD1, HIGH
DEBUG: Flushed buffers.
:GPIO:LEVEL LD2, HIGH
DEBUG: Flushed buffers.
:GPIO:LEVEL LD3, HIGH
DEBUG: Flushed buffers.
:GPIO:LEVEL LD0, LOW
DEBUG: Flushed buffers.
:GPIO:LEVEL LD1, LOW
DEBUG: Flushed buffers.
:GPIO:LEVEL LD2, LOW
DEBUG: Flushed buffers.
:GPIO:LEVEL LD3, LOW
DEBUG: Flushed buffers.
*IDN?
"TUE,PYNQRYB,February 2025,1.4"
DEBUG: Flushed buffers.
:PWM0:PERIOD 0
DEBUG: Flushed buffers.
:PWM0:DUTY 0
DEBUG: Flushed buffers.
:PWM0:STEPS 0
DEBUG: Flushed buffers.
:SWITCHBOX:MAP RBPI07,PWM0
DEBUG: Flushed buffers.
:SWITCHBOX:MAP RBPI29,GPIO
DEBUG: Flushed buffers.
:SWITCHBOX:MAP RBPI27,GPIO
DEBUG: Flushed buffers.
:SWITCHBOX:MAP RBPI28,GPIO
DEBUG: Flushed buffers.
:GPIO:DIR RBPI29, OUT
DEBUG: Flushed buffers.
:GPIO:DIR RBPI27, IN
DEBUG: Flushed buffers.
:GPIO:DIR RBPI28, IN
DEBUG: Flushed buffers.
:GPIO:LEVEL RBPI29, LOW
DEBUG: Flushed buffers.
:PWM0:PERIOD 50000
DEBUG: Flushed buffers.
:PWM0:DUTY 5000
DEBUG: Flushed buffers.
:PWM0:STEPS 300
DEBUG: Flushed buffers.
:PWM0:PERIOD 0
DEBUG: Flushed buffers.
:PWM0:DUTY 0
DEBUG: Flushed buffers.
:PWM0:STEPS -1
DEBUG: Flushed buffers.
:DISPLAY:MESSAGE 'PYNQ object~disconnected.'
DEBUG: Flushed buffers.
*IDN?
"TUE,PYNQRYB,February 2025,1.4"
DEBUG: Flushed buffers.
DEBUG: Flushed buffers.
*IDN?
"TUE,PYNQRYB,February 2025,1.4"
DEBUG: Flushed buffers.
:GPIO:RST
DEBUG: Flushed buffers.
:SWITCHBOX:RST
DEBUG: Flushed buffers.
:GPIO:DIR LD0,Out;DIR LD1,Out;DIR LD2,Out;DIR LD3,Out
DEBUG: Flushed buffers.
:GPIO:DIR LD4R,Out;DIR LD4G,Out;DIR LD4B,Out;DIR LD5R,Out;DIR LD5G,Out;DIR LD5B,Out
DEBUG: Flushed buffers.
:GPIO:DIR BTN0,In;DIR BTN1,In;DIR BTN2,In;DIR BTN3,In;DIR SW0,In;DIR SW1,In
DEBUG: Flushed buffers.
:SYSTEM:Timeset '20260501151556'
DEBUG: Flushed buffers.
:GPIO:LEVEL LD0, HIGH
DEBUG: Flushed buffers.
:GPIO:LEVEL LD1, HIGH
DEBUG: Flushed buffers.
:GPIO:LEVEL LD2, HIGH
DEBUG: Flushed buffers.
:GPIO:LEVEL LD3, HIGH
DEBUG: Flushed buffers.
:GPIO:LEVEL LD0, LOW
DEBUG: Flushed buffers.
:GPIO:LEVEL LD1, LOW
DEBUG: Flushed buffers.
:GPIO:LEVEL LD2, LOW
DEBUG: Flushed buffers.
:GPIO:LEVEL LD3, LOW
DEBUG: Flushed buffers.
*IDN?
"TUE,PYNQRYB,February 2025,1.4"
DEBUG: Flushed buffers.
:PWM0:PERIOD 0
DEBUG: Flushed buffers.
:PWM0:DUTY 0
DEBUG: Flushed buffers.
:PWM0:STEPS 0
DEBUG: Flushed buffers.
:SWITCHBOX:MAP RBPI07,PWM0
DEBUG: Flushed buffers.
:SWITCHBOX:MAP RBPI29,GPIO
DEBUG: Flushed buffers.
:SWITCHBOX:MAP RBPI27,GPIO
DEBUG: Flushed buffers.
:SWITCHBOX:MAP RBPI28,GPIO
DEBUG: Flushed buffers.
:GPIO:DIR RBPI29, OUT
DEBUG: Flushed buffers.
:GPIO:DIR RBPI27, IN
DEBUG: Flushed buffers.
:GPIO:DIR RBPI28, IN
DEBUG: Flushed buffers.
:GPIO:LEVEL RBPI29, LOW
DEBUG: Flushed buffers.
:PWM0:PERIOD 33333
DEBUG: Flushed buffers.
:PWM0:DUTY 3333
DEBUG: Flushed buffers.
:PWM0:STEPS 300
DEBUG: Flushed buffers.
:PWM0:PERIOD 0
DEBUG: Flushed buffers.
:PWM0:DUTY 0
DEBUG: Flushed buffers.
:PWM0:STEPS -1
DEBUG: Flushed buffers.
:DISPLAY:MESSAGE 'PYNQ object~disconnected.'
DEBUG: Flushed buffers.
*IDN?
"TUE,PYNQRYB,February 2025,1.4"
DEBUG: Flushed buffers.
DEBUG: Flushed buffers.
*IDN?
"TUE,PYNQRYB,February 2025,1.4"
DEBUG: Flushed buffers.
:GPIO:RST
DEBUG: Flushed buffers.
:SWITCHBOX:RST
DEBUG: Flushed buffers.
:GPIO:DIR LD0,Out;DIR LD1,Out;DIR LD2,Out;DIR LD3,Out
DEBUG: Flushed buffers.
:GPIO:DIR LD4R,Out;DIR LD4G,Out;DIR LD4B,Out;DIR LD5R,Out;DIR LD5G,Out;DIR LD5B,Out
DEBUG: Flushed buffers.
:GPIO:DIR BTN0,In;DIR BTN1,In;DIR BTN2,In;DIR BTN3,In;DIR SW0,In;DIR SW1,In
DEBUG: Flushed buffers.
:SYSTEM:Timeset '20260501151604'
DEBUG: Flushed buffers.
:GPIO:LEVEL LD0, HIGH
DEBUG: Flushed buffers.
:GPIO:LEVEL LD1, HIGH
DEBUG: Flushed buffers.
:GPIO:LEVEL LD2, HIGH
DEBUG: Flushed buffers.
:GPIO:LEVEL LD3, HIGH
DEBUG: Flushed buffers.
:GPIO:LEVEL LD0, LOW
DEBUG: Flushed buffers.
:GPIO:LEVEL LD1, LOW
DEBUG: Flushed buffers.
:GPIO:LEVEL LD2, LOW
DEBUG: Flushed buffers.
:GPIO:LEVEL LD3, LOW
DEBUG: Flushed buffers.
*IDN?
"TUE,PYNQRYB,February 2025,1.4"
DEBUG: Flushed buffers.
:PWM0:PERIOD 0
DEBUG: Flushed buffers.
:PWM0:DUTY 0
DEBUG: Flushed buffers.
:PWM0:STEPS 0
DEBUG: Flushed buffers.
:SWITCHBOX:MAP RBPI07,PWM0
DEBUG: Flushed buffers.
:SWITCHBOX:MAP RBPI29,GPIO
DEBUG: Flushed buffers.
:SWITCHBOX:MAP RBPI27,GPIO
DEBUG: Flushed buffers.
:SWITCHBOX:MAP RBPI28,GPIO
DEBUG: Flushed buffers.
:GPIO:DIR RBPI29, OUT
DEBUG: Flushed buffers.
:GPIO:DIR RBPI27, IN
DEBUG: Flushed buffers.
:GPIO:DIR RBPI28, IN
DEBUG: Flushed buffers.
:GPIO:LEVEL RBPI29, LOW
DEBUG: Flushed buffers.
:PWM0:PERIOD 33333
DEBUG: Flushed buffers.
:PWM0:DUTY 3333
DEBUG: Flushed buffers.
:PWM0:STEPS 300
DEBUG: Flushed buffers.
:PWM0:PERIOD 0
DEBUG: Flushed buffers.
:PWM0:DUTY 0
DEBUG: Flushed buffers.
:PWM0:STEPS -1
DEBUG: Flushed buffers.
:DISPLAY:MESSAGE 'PYNQ object~disconnected.'
DEBUG: Flushed buffers.
*IDN?
"TUE,PYNQRYB,February 2025,1.4"
DEBUG: Flushed buffers.
DEBUG: Flushed buffers.
*IDN?
"TUE,PYNQRYB,February 2025,1.4"
DEBUG: Flushed buffers.
:GPIO:RST
DEBUG: Flushed buffers.
:SWITCHBOX:RST
DEBUG: Flushed buffers.
:GPIO:DIR LD0,Out;DIR LD1,Out;DIR LD2,Out;DIR LD3,Out
DEBUG: Flushed buffers.
:GPIO:DIR LD4R,Out;DIR LD4G,Out;DIR LD4B,Out;DIR LD5R,Out;DIR LD5G,Out;DIR LD5B,Out
DEBUG: Flushed buffers.
:GPIO:DIR BTN0,In;DIR BTN1,In;DIR BTN2,In;DIR BTN3,In;DIR SW0,In;DIR SW1,In
DEBUG: Flushed buffers.
:SYSTEM:Timeset '20260501151614'
DEBUG: Flushed buffers.
:GPIO:LEVEL LD0, HIGH
DEBUG: Flushed buffers.
:GPIO:LEVEL LD1, HIGH
DEBUG: Flushed buffers.
:GPIO:LEVEL LD2, HIGH
DEBUG: Flushed buffers.
:GPIO:LEVEL LD3, HIGH
DEBUG: Flushed buffers.
:GPIO:LEVEL LD0, LOW
DEBUG: Flushed buffers.
:GPIO:LEVEL LD1, LOW
DEBUG: Flushed buffers.
:GPIO:LEVEL LD2, LOW
DEBUG: Flushed buffers.
:GPIO:LEVEL LD3, LOW
DEBUG: Flushed buffers.
*IDN?
"TUE,PYNQRYB,February 2025,1.4"
DEBUG: Flushed buffers.
:PWM0:PERIOD 0
DEBUG: Flushed buffers.
:PWM0:DUTY 0
DEBUG: Flushed buffers.
:PWM0:STEPS 0
DEBUG: Flushed buffers.
:SWITCHBOX:MAP RBPI07,PWM0
DEBUG: Flushed buffers.
:SWITCHBOX:MAP RBPI29,GPIO
DEBUG: Flushed buffers.
:SWITCHBOX:MAP RBPI27,GPIO
DEBUG: Flushed buffers.
:SWITCHBOX:MAP RBPI28,GPIO
DEBUG: Flushed buffers.
:GPIO:DIR RBPI29, OUT
DEBUG: Flushed buffers.
:GPIO:DIR RBPI27, IN
DEBUG: Flushed buffers.
:GPIO:DIR RBPI28, IN
DEBUG: Flushed buffers.
:GPIO:LEVEL RBPI29, LOW
DEBUG: Flushed buffers.
:PWM0:PERIOD 25000
DEBUG: Flushed buffers.
:PWM0:DUTY 2500
DEBUG: Flushed buffers.
:PWM0:STEPS 300
DEBUG: Flushed buffers.
:PWM0:PERIOD 0
DEBUG: Flushed buffers.
:PWM0:DUTY 0
DEBUG: Flushed buffers.
:PWM0:STEPS -1
DEBUG: Flushed buffers.
:DISPLAY:MESSAGE 'PYNQ object~disconnected.'
DEBUG: Flushed buffers.
*IDN?
"TUE,PYNQRYB,February 2025,1.4"
DEBUG: Flushed buffers.
DEBUG: Flushed buffers.
*IDN?
"TUE,PYNQRYB,February 2025,1.4"
DEBUG: Flushed buffers.
:GPIO:RST
DEBUG: Flushed buffers.
:SWITCHBOX:RST
DEBUG: Flushed buffers.
:GPIO:DIR LD0,Out;DIR LD1,Out;DIR LD2,Out;DIR LD3,Out
DEBUG: Flushed buffers.
:GPIO:DIR LD4R,Out;DIR LD4G,Out;DIR LD4B,Out;DIR LD5R,Out;DIR LD5G,Out;DIR LD5B,Out
DEBUG: Flushed buffers.
:GPIO:DIR BTN0,In;DIR BTN1,In;DIR BTN2,In;DIR BTN3,In;DIR SW0,In;DIR SW1,In
DEBUG: Flushed buffers.
:SYSTEM:Timeset '20260501151626'
DEBUG: Flushed buffers.
:GPIO:LEVEL LD0, HIGH
DEBUG: Flushed buffers.
:GPIO:LEVEL LD1, HIGH
DEBUG: Flushed buffers.
:GPIO:LEVEL LD2, HIGH
DEBUG: Flushed buffers.
:GPIO:LEVEL LD3, HIGH
DEBUG: Flushed buffers.
:GPIO:LEVEL LD0, LOW
DEBUG: Flushed buffers.
:GPIO:LEVEL LD1, LOW
DEBUG: Flushed buffers.
:GPIO:LEVEL LD2, LOW
DEBUG: Flushed buffers.
:GPIO:LEVEL LD3, LOW
DEBUG: Flushed buffers.
*IDN?
"TUE,PYNQRYB,February 2025,1.4"
DEBUG: Flushed buffers.
:PWM0:PERIOD 0
DEBUG: Flushed buffers.
:PWM0:DUTY 0
DEBUG: Flushed buffers.
:PWM0:STEPS 0
DEBUG: Flushed buffers.
:SWITCHBOX:MAP RBPI07,PWM0
DEBUG: Flushed buffers.
:SWITCHBOX:MAP RBPI29,GPIO
DEBUG: Flushed buffers.
:SWITCHBOX:MAP RBPI27,GPIO
DEBUG: Flushed buffers.
:SWITCHBOX:MAP RBPI28,GPIO
DEBUG: Flushed buffers.
:GPIO:DIR RBPI29, OUT
DEBUG: Flushed buffers.
:GPIO:DIR RBPI27, IN
DEBUG: Flushed buffers.
:GPIO:DIR RBPI28, IN
DEBUG: Flushed buffers.
:GPIO:LEVEL RBPI29, LOW
DEBUG: Flushed buffers.
:PWM0:PERIOD 25000
DEBUG: Flushed buffers.
:PWM0:DUTY 2500
DEBUG: Flushed buffers.
:PWM0:STEPS 1000
DEBUG: Flushed buffers.
:PWM0:PERIOD 0
DEBUG: Flushed buffers.
:PWM0:DUTY 0
DEBUG: Flushed buffers.
:PWM0:STEPS -1
DEBUG: Flushed buffers.
:DISPLAY:MESSAGE 'PYNQ object~disconnected.'
DEBUG: Flushed buffers.
*IDN?
"TUE,PYNQRYB,February 2025,1.4"
DEBUG: Flushed buffers.
DEBUG: Flushed buffers.
*IDN?
"TUE,PYNQRYB,February 2025,1.4"
DEBUG: Flushed buffers.
:GPIO:RST
DEBUG: Flushed buffers.
:SWITCHBOX:RST
DEBUG: Flushed buffers.
:GPIO:DIR LD0,Out;DIR LD1,Out;DIR LD2,Out;DIR LD3,Out
DEBUG: Flushed buffers.
:GPIO:DIR LD4R,Out;DIR LD4G,Out;DIR LD4B,Out;DIR LD5R,Out;DIR LD5G,Out;DIR LD5B,Out
DEBUG: Flushed buffers.
:GPIO:DIR BTN0,In;DIR BTN1,In;DIR BTN2,In;DIR BTN3,In;DIR SW0,In;DIR SW1,In
DEBUG: Flushed buffers.
:SYSTEM:Timeset '20260501151655'
DEBUG: Flushed buffers.
:GPIO:LEVEL LD0, HIGH
DEBUG: Flushed buffers.
:GPIO:LEVEL LD1, HIGH
DEBUG: Flushed buffers.
:GPIO:LEVEL LD2, HIGH
DEBUG: Flushed buffers.
:GPIO:LEVEL LD3, HIGH
DEBUG: Flushed buffers.
:GPIO:LEVEL LD0, LOW
DEBUG: Flushed buffers.
:GPIO:LEVEL LD1, LOW
DEBUG: Flushed buffers.
:GPIO:LEVEL LD2, LOW
DEBUG: Flushed buffers.
:GPIO:LEVEL LD3, LOW
DEBUG: Flushed buffers.
*IDN?
"TUE,PYNQRYB,February 2025,1.4"
DEBUG: Flushed buffers.
:PWM0:PERIOD 0
DEBUG: Flushed buffers.
:PWM0:DUTY 0
DEBUG: Flushed buffers.
:PWM0:STEPS 0
DEBUG: Flushed buffers.
:SWITCHBOX:MAP RBPI07,PWM0
DEBUG: Flushed buffers.
:SWITCHBOX:MAP RBPI29,GPIO
DEBUG: Flushed buffers.
:SWITCHBOX:MAP RBPI27,GPIO
DEBUG: Flushed buffers.
:SWITCHBOX:MAP RBPI28,GPIO
DEBUG: Flushed buffers.
:GPIO:DIR RBPI29, OUT
DEBUG: Flushed buffers.
:GPIO:DIR RBPI27, IN
DEBUG: Flushed buffers.
:GPIO:DIR RBPI28, IN
DEBUG: Flushed buffers.
:GPIO:LEVEL RBPI29, LOW
DEBUG: Flushed buffers.
:PWM0:PERIOD 25000
DEBUG: Flushed buffers.
:PWM0:DUTY 2500
DEBUG: Flushed buffers.
:PWM0:STEPS 10000
DEBUG: Flushed buffers.
:PWM0:PERIOD 0
DEBUG: Flushed buffers.
:PWM0:DUTY 0
DEBUG: Flushed buffers.
:PWM0:STEPS -1
DEBUG: Flushed buffers.
:DISPLAY:MESSAGE 'PYNQ object~disconnected.'
DEBUG: Flushed buffers.
*IDN?
"TUE,PYNQRYB,February 2025,1.4"
DEBUG: Flushed buffers.
DEBUG: Flushed buffers.
*IDN?
"TUE,PYNQRYB,February 2025,1.4"
DEBUG: Flushed buffers.
:GPIO:RST
DEBUG: Flushed buffers.
:SWITCHBOX:RST
DEBUG: Flushed buffers.
:GPIO:DIR LD0,Out;DIR LD1,Out;DIR LD2,Out;DIR LD3,Out
DEBUG: Flushed buffers.
:GPIO:DIR LD4R,Out;DIR LD4G,Out;DIR LD4B,Out;DIR LD5R,Out;DIR LD5G,Out;DIR LD5B,Out
DEBUG: Flushed buffers.
:GPIO:DIR BTN0,In;DIR BTN1,In;DIR BTN2,In;DIR BTN3,In;DIR SW0,In;DIR SW1,In
DEBUG: Flushed buffers.
:SYSTEM:Timeset '20260501151709'
DEBUG: Flushed buffers.
:GPIO:LEVEL LD0, HIGH
DEBUG: Flushed buffers.
:GPIO:LEVEL LD1, HIGH
DEBUG: Flushed buffers.
:GPIO:LEVEL LD2, HIGH
DEBUG: Flushed buffers.
:GPIO:LEVEL LD3, HIGH
DEBUG: Flushed buffers.
:GPIO:LEVEL LD0, LOW
DEBUG: Flushed buffers.
:GPIO:LEVEL LD1, LOW
DEBUG: Flushed buffers.
:GPIO:LEVEL LD2, LOW
DEBUG: Flushed buffers.
:GPIO:LEVEL LD3, LOW
DEBUG: Flushed buffers.
*IDN?
"TUE,PYNQRYB,February 2025,1.4"
DEBUG: Flushed buffers.
:PWM0:PERIOD 0
DEBUG: Flushed buffers.
:PWM0:DUTY 0
DEBUG: Flushed buffers.
:PWM0:STEPS 0
DEBUG: Flushed buffers.
:SWITCHBOX:MAP RBPI07,PWM0
DEBUG: Flushed buffers.
:SWITCHBOX:MAP RBPI29,GPIO
DEBUG: Flushed buffers.
:SWITCHBOX:MAP RBPI27,GPIO
DEBUG: Flushed buffers.
:SWITCHBOX:MAP RBPI28,GPIO
DEBUG: Flushed buffers.
:GPIO:DIR RBPI29, OUT
DEBUG: Flushed buffers.
:GPIO:DIR RBPI27, IN
DEBUG: Flushed buffers.
:GPIO:DIR RBPI28, IN
DEBUG: Flushed buffers.
:GPIO:LEVEL RBPI29, LOW
DEBUG: Flushed buffers.
:PWM0:PERIOD 200000
DEBUG: Flushed buffers.
:PWM0:DUTY 20000
DEBUG: Flushed buffers.
:PWM0:STEPS 10000
DEBUG: Flushed buffers.
:PWM0:PERIOD 0
DEBUG: Flushed buffers.
:PWM0:DUTY 0
DEBUG: Flushed buffers.
:PWM0:STEPS -1
DEBUG: Flushed buffers.
:DISPLAY:MESSAGE 'PYNQ object~disconnected.'
DEBUG: Flushed buffers.
*IDN?
"TUE,PYNQRYB,February 2025,1.4"
DEBUG: Flushed buffers.
DEBUG: Flushed buffers.
*IDN?
"TUE,PYNQRYB,February 2025,1.4"
DEBUG: Flushed buffers.
:GPIO:RST
DEBUG: Flushed buffers.
:SWITCHBOX:RST
DEBUG: Flushed buffers.
:GPIO:DIR LD0,Out;DIR LD1,Out;DIR LD2,Out;DIR LD3,Out
DEBUG: Flushed buffers.
:GPIO:DIR LD4R,Out;DIR LD4G,Out;DIR LD4B,Out;DIR LD5R,Out;DIR LD5G,Out;DIR LD5B,Out
DEBUG: Flushed buffers.
:GPIO:DIR BTN0,In;DIR BTN1,In;DIR BTN2,In;DIR BTN3,In;DIR SW0,In;DIR SW1,In
DEBUG: Flushed buffers.
:SYSTEM:Timeset '20260501151753'
DEBUG: Flushed buffers.
:GPIO:LEVEL LD0, HIGH
DEBUG: Flushed buffers.
:GPIO:LEVEL LD1, HIGH
DEBUG: Flushed buffers.
:GPIO:LEVEL LD2, HIGH
DEBUG: Flushed buffers.
:GPIO:LEVEL LD3, HIGH
DEBUG: Flushed buffers.
:GPIO:LEVEL LD0, LOW
DEBUG: Flushed buffers.
:GPIO:LEVEL LD1, LOW
DEBUG: Flushed buffers.
:GPIO:LEVEL LD2, LOW
DEBUG: Flushed buffers.
:GPIO:LEVEL LD3, LOW
DEBUG: Flushed buffers.
*IDN?
"TUE,PYNQRYB,February 2025,1.4"
DEBUG: Flushed buffers.
:PWM0:PERIOD 0
DEBUG: Flushed buffers.
:PWM0:DUTY 0
DEBUG: Flushed buffers.
:PWM0:STEPS 0
DEBUG: Flushed buffers.
:SWITCHBOX:MAP RBPI07,PWM0
DEBUG: Flushed buffers.
:SWITCHBOX:MAP RBPI29,GPIO
DEBUG: Flushed buffers.
:SWITCHBOX:MAP RBPI27,GPIO
DEBUG: Flushed buffers.
:SWITCHBOX:MAP RBPI28,GPIO
DEBUG: Flushed buffers.
:GPIO:DIR RBPI29, OUT
DEBUG: Flushed buffers.
:GPIO:DIR RBPI27, IN
DEBUG: Flushed buffers.
:GPIO:DIR RBPI28, IN
DEBUG: Flushed buffers.
:GPIO:LEVEL RBPI29, HIGH
DEBUG: Flushed buffers.
:PWM0:PERIOD 0
DEBUG: Flushed buffers.
:PWM0:DUTY 0
DEBUG: Flushed buffers.
:PWM0:STEPS -1
DEBUG: Flushed buffers.
:DISPLAY:MESSAGE 'PYNQ object~disconnected.'
DEBUG: Flushed buffers.
*IDN?
"TUE,PYNQRYB,February 2025,1.4"
DEBUG: Flushed buffers.
DEBUG: Flushed buffers.
*IDN?
"TUE,PYNQRYB,February 2025,1.4"
DEBUG: Flushed buffers.
:GPIO:RST
DEBUG: Flushed buffers.
:SWITCHBOX:RST
DEBUG: Flushed buffers.
:GPIO:DIR LD0,Out;DIR LD1,Out;DIR LD2,Out;DIR LD3,Out
DEBUG: Flushed buffers.
:GPIO:DIR LD4R,Out;DIR LD4G,Out;DIR LD4B,Out;DIR LD5R,Out;DIR LD5G,Out;DIR LD5B,Out
DEBUG: Flushed buffers.
:GPIO:DIR BTN0,In;DIR BTN1,In;DIR BTN2,In;DIR BTN3,In;DIR SW0,In;DIR SW1,In
DEBUG: Flushed buffers.
:SYSTEM:Timeset '20260501151814'
DEBUG: Flushed buffers.
:GPIO:LEVEL LD0, HIGH
DEBUG: Flushed buffers.
:GPIO:LEVEL LD1, HIGH
DEBUG: Flushed buffers.
:GPIO:LEVEL LD2, HIGH
DEBUG: Flushed buffers.
:GPIO:LEVEL LD3, HIGH
DEBUG: Flushed buffers.
:GPIO:LEVEL LD0, LOW
DEBUG: Flushed buffers.
:GPIO:LEVEL LD1, LOW
DEBUG: Flushed buffers.
:GPIO:LEVEL LD2, LOW
DEBUG: Flushed buffers.
:GPIO:LEVEL LD3, LOW
DEBUG: Flushed buffers.
*IDN?
"TUE,PYNQRYB,February 2025,1.4"
DEBUG: Flushed buffers.
:PWM0:PERIOD 0
DEBUG: Flushed buffers.
:PWM0:DUTY 0
DEBUG: Flushed buffers.
:PWM0:STEPS 0
DEBUG: Flushed buffers.
:SWITCHBOX:MAP RBPI07,PWM0
DEBUG: Flushed buffers.
:SWITCHBOX:MAP RBPI29,GPIO
DEBUG: Flushed buffers.
:SWITCHBOX:MAP RBPI27,GPIO
DEBUG: Flushed buffers.
:SWITCHBOX:MAP RBPI28,GPIO
DEBUG: Flushed buffers.
:GPIO:DIR RBPI29, OUT
DEBUG: Flushed buffers.
:GPIO:DIR RBPI27, IN
DEBUG: Flushed buffers.
:GPIO:DIR RBPI28, IN
DEBUG: Flushed buffers.
:GPIO:LEVEL RBPI29, HIGH
DEBUG: Flushed buffers.
:PWM0:PERIOD 22222
DEBUG: Flushed buffers.
:PWM0:DUTY 2222
DEBUG: Flushed buffers.
:PWM0:STEPS 5000
DEBUG: Flushed buffers.
:PWM0:PERIOD 0
DEBUG: Flushed buffers.
:PWM0:DUTY 0
DEBUG: Flushed buffers.
:PWM0:STEPS -1
DEBUG: Flushed buffers.
:DISPLAY:MESSAGE 'PYNQ object~disconnected.'
