Files will be save in ../data/setup4/2026_06_16/plus0mm\5\SweepStopClimb
Motor stopped at zero point
[1.74013599e+00 1.72542228e+04 2.85834637e+03 1.00000000e+00
 4.00000000e+04 2.00000000e+03] R^2: 0.9951367184902009
Algo converged, paused
[1.74013599e+00 1.72542228e+04 2.85834637e+03 1.00000000e+00
 4.00000000e+04 2.00000000e+03] R^2: 0.9951367184902009
Algo converged, paused
Closed plot
Saving data
Motor stopped at zero point
Files will be save in ../data/setup4/2026_06_16/plus0mm\5\sweepAndClimb
Motor stopped at zero point
[1.56364190e+00 1.66399771e+04 1.91388209e+03 3.12722547e-01
 6.51286946e+04 5.29783581e+04] R^2: 0.9980643094393941
Algo converged, paused
[1.56364190e+00 1.66399771e+04 1.91388209e+03 3.12722547e-01
 6.51286946e+04 5.29783581e+04] R^2: 0.9980643094393941
Algo converged, paused
Closed plot
Saving data
Motor stopped at zero point
Files will be save in ../data/setup4/2026_06_16/plus0mm\5\increment
Motor stopped at zero point
Stopped by keyboard
Saving data
Motor stopped at zero point
