Files will be save in ../data/setup4/2026_06_16/plus18mm\3\SweepStopClimb
Motor stopped at zero point
[-1.29715203e+00  1.96334458e+04 -3.30441406e+02  1.31433532e+00
  3.09712217e+04  5.67045005e+03] R^2: 0.8771971951915801
Algo converged, paused
[-1.29715203e+00  1.96334458e+04 -3.30441406e+02  1.31433532e+00
  3.09712217e+04  5.67045005e+03] R^2: 0.8771971951915801
Algo converged, paused
Closed plot
Saving data
Motor stopped at zero point
Files will be save in ../data/setup4/2026_06_16/plus18mm\3\sweepAndClimb
Motor stopped at zero point
[ 4.61474117e-01  4.29086335e+04 -2.55237197e+04  1.03377130e+00
  3.03896182e+04  2.22340941e+03] R^2: 0.9959403606399112
Algo converged, paused
[ 4.61474117e-01  4.29086335e+04 -2.55237197e+04  1.03377130e+00
  3.03896182e+04  2.22340941e+03] R^2: 0.9959403606399112
Algo converged, paused
Closed plot
Saving data
Motor stopped at zero point
Files will be save in ../data/setup4/2026_06_16/plus18mm\3\increment
Motor stopped at zero point
Closed plot
Saving data
Motor stopped at zero point
