Files will be save in ../data/setup4/2026_06_16/minus12mm\2\SweepStopClimb
Motor stopped at zero point
[3.25923956e+00 8.92785582e+10 6.67836490e+10 1.00000000e+00
 4.00000000e+04 2.00000000e+03] R^2: -1.514835703542161e-07
Algo converged, paused
[3.25923956e+00 8.92785582e+10 6.67836490e+10 1.00000000e+00
 4.00000000e+04 2.00000000e+03] R^2: -1.514835703542161e-07
Algo converged, paused
Closed plot
Saving data
Motor stopped at zero point
Files will be save in ../data/setup4/2026_06_16/minus12mm\2\sweepAndClimb
Motor stopped at zero point
Optimal not found
Algo converged, paused
Optimal not found
Algo converged, paused
Closed plot
Saving data
Motor stopped at zero point
Files will be save in ../data/setup4/2026_06_16/minus12mm\2\increment
Motor stopped at zero point
Closed plot
Saving data
Motor stopped at zero point
