Files will be save in ../data/trash2\18
"TUE,PYNQRYB,February 2025,1.4"
Motor stopped at zero point
[3.5e+00 1.8e+04 1.0e+03 1.0e+00 4.0e+04 2.0e+03] R^2: -41713.58938326005
[3.5e+00 1.8e+04 1.0e+03 1.0e+00 4.0e+04 2.0e+03] R^2: -39337.28772656277
[3.5e+00 1.8e+04 1.0e+03 1.0e+00 4.0e+04 2.0e+03] R^2: -41647.90103165824
[3.5e+00 1.8e+04 1.0e+03 1.0e+00 4.0e+04 2.0e+03] R^2: -46044.15175254954
[3.5e+00 1.8e+04 1.0e+03 1.0e+00 4.0e+04 2.0e+03] R^2: -49917.97999629205
[3.5e+00 1.8e+04 1.0e+03 1.0e+00 4.0e+04 2.0e+03] R^2: -54397.2629546821
[3.5e+00 1.8e+04 1.0e+03 1.0e+00 4.0e+04 2.0e+03] R^2: -44710.33688683398
[3.5e+00 1.8e+04 1.0e+03 1.0e+00 4.0e+04 2.0e+03] R^2: -36137.63334343302
[3.5e+00 1.8e+04 1.0e+03 1.0e+00 4.0e+04 2.0e+03] R^2: -33650.179785624256
[3.5e+00 1.8e+04 1.0e+03 1.0e+00 4.0e+04 2.0e+03] R^2: -35811.520000586985
[3.5e+00 1.8e+04 1.0e+03 1.0e+00 4.0e+04 2.0e+03] R^2: -37493.80749182086
[3.5e+00 1.8e+04 1.0e+03 1.0e+00 4.0e+04 2.0e+03] R^2: -35201.72887457477
[3.5e+00 1.8e+04 1.0e+03 1.0e+00 4.0e+04 2.0e+03] R^2: -35879.68953010797
[3.5e+00 1.8e+04 1.0e+03 1.0e+00 4.0e+04 2.0e+03] R^2: -37608.51745366439
[3.5e+00 1.8e+04 1.0e+03 1.0e+00 4.0e+04 2.0e+03] R^2: -39385.076987725864
[3.5e+00 1.8e+04 1.0e+03 1.0e+00 4.0e+04 2.0e+03] R^2: -38962.22853249463
[3.5e+00 1.8e+04 1.0e+03 1.0e+00 4.0e+04 2.0e+03] R^2: -40555.43661605519
[3.5e+00 1.8e+04 1.0e+03 1.0e+00 4.0e+04 2.0e+03] R^2: -42205.90082154447
[3.5e+00 1.8e+04 1.0e+03 1.0e+00 4.0e+04 2.0e+03] R^2: -41561.6112214709
[3.5e+00 1.8e+04 1.0e+03 1.0e+00 4.0e+04 2.0e+03] R^2: -39837.504673323456
[3.5e+00 1.8e+04 1.0e+03 1.0e+00 4.0e+04 2.0e+03] R^2: -39708.24449498601
[3.5e+00 1.8e+04 1.0e+03 1.0e+00 4.0e+04 2.0e+03] R^2: -36901.14527094905
[3.5e+00 1.8e+04 1.0e+03 1.0e+00 4.0e+04 2.0e+03] R^2: -30888.000668147626
[3.5e+00 1.8e+04 1.0e+03 1.0e+00 4.0e+04 2.0e+03] R^2: -29596.635436630553
[3.5e+00 1.8e+04 1.0e+03 1.0e+00 4.0e+04 2.0e+03] R^2: -26601.195725519938
[3.5e+00 1.8e+04 1.0e+03 1.0e+00 4.0e+04 2.0e+03] R^2: -27327.711280592303
[3.5e+00 1.8e+04 1.0e+03 1.0e+00 4.0e+04 2.0e+03] R^2: -28180.282756270102
[3.5e+00 1.8e+04 1.0e+03 1.0e+00 4.0e+04 2.0e+03] R^2: -28907.564783188493
[3.5e+00 1.8e+04 1.0e+03 1.0e+00 4.0e+04 2.0e+03] R^2: -29654.640688158437
[3.5e+00 1.8e+04 1.0e+03 1.0e+00 4.0e+04 2.0e+03] R^2: -30494.98990884674
[3.5e+00 1.8e+04 1.0e+03 1.0e+00 4.0e+04 2.0e+03] R^2: -31004.277422552903
[3.5e+00 1.8e+04 1.0e+03 1.0e+00 4.0e+04 2.0e+03] R^2: -31628.184620281405
[3.5e+00 1.8e+04 1.0e+03 1.0e+00 4.0e+04 2.0e+03] R^2: -31788.819416270904
[3.5e+00 1.8e+04 1.0e+03 1.0e+00 4.0e+04 2.0e+03] R^2: -30608.798256118953
[3.5e+00 1.8e+04 1.0e+03 1.0e+00 4.0e+04 2.0e+03] R^2: -28741.449912036773
[3.5e+00 1.8e+04 1.0e+03 1.0e+00 4.0e+04 2.0e+03] R^2: -24349.778472066493
[3.5e+00 1.8e+04 1.0e+03 1.0e+00 4.0e+04 2.0e+03] R^2: -23033.825470257034
[3.5e+00 1.8e+04 1.0e+03 1.0e+00 4.0e+04 2.0e+03] R^2: -22661.63086415233
[3.5e+00 1.8e+04 1.0e+03 1.0e+00 4.0e+04 2.0e+03] R^2: -23160.465255885363
[3.5e+00 1.8e+04 1.0e+03 1.0e+00 4.0e+04 2.0e+03] R^2: -23660.31165307702
[3.5e+00 1.8e+04 1.0e+03 1.0e+00 4.0e+04 2.0e+03] R^2: -22871.164382406707
[3.5e+00 1.8e+04 1.0e+03 1.0e+00 4.0e+04 2.0e+03] R^2: -23014.10096396431
[3.5e+00 1.8e+04 1.0e+03 1.0e+00 4.0e+04 2.0e+03] R^2: -22919.867357312603
[3.5e+00 1.8e+04 1.0e+03 1.0e+00 4.0e+04 2.0e+03] R^2: -20670.5553948533
[3.5e+00 1.8e+04 1.0e+03 1.0e+00 4.0e+04 2.0e+03] R^2: -20056.581928420303
[3.5e+00 1.8e+04 1.0e+03 1.0e+00 4.0e+04 2.0e+03] R^2: -20400.636589665213
[3.5e+00 1.8e+04 1.0e+03 1.0e+00 4.0e+04 2.0e+03] R^2: -20781.340883020588
[3.5e+00 1.8e+04 1.0e+03 1.0e+00 4.0e+04 2.0e+03] R^2: -21003.008711463593
[3.5e+00 1.8e+04 1.0e+03 1.0e+00 4.0e+04 2.0e+03] R^2: -21098.824105741092
[3.5e+00 1.8e+04 1.0e+03 1.0e+00 4.0e+04 2.0e+03] R^2: -20561.839002126315
[3.5e+00 1.8e+04 1.0e+03 1.0e+00 4.0e+04 2.0e+03] R^2: -20843.029776635656
[3.5e+00 1.8e+04 1.0e+03 1.0e+00 4.0e+04 2.0e+03] R^2: -20689.09605356733
[3.5e+00 1.8e+04 1.0e+03 1.0e+00 4.0e+04 2.0e+03] R^2: -20822.14235625647
[3.5e+00 1.8e+04 1.0e+03 1.0e+00 4.0e+04 2.0e+03] R^2: -20499.24513733679
[3.5e+00 1.8e+04 1.0e+03 1.0e+00 4.0e+04 2.0e+03] R^2: -20758.197605895988
[3.5e+00 1.8e+04 1.0e+03 1.0e+00 4.0e+04 2.0e+03] R^2: -21056.193236383093
[3.5e+00 1.8e+04 1.0e+03 1.0e+00 4.0e+04 2.0e+03] R^2: -21162.793778718547
[3.5e+00 1.8e+04 1.0e+03 1.0e+00 4.0e+04 2.0e+03] R^2: -21363.893424837723
[3.5e+00 1.8e+04 1.0e+03 1.0e+00 4.0e+04 2.0e+03] R^2: -21673.909291931515
[3.5e+00 1.8e+04 1.0e+03 1.0e+00 4.0e+04 2.0e+03] R^2: -21677.284460961768
[3.5e+00 1.8e+04 1.0e+03 1.0e+00 4.0e+04 2.0e+03] R^2: -21383.98981068012
[3.5e+00 1.8e+04 1.0e+03 1.0e+00 4.0e+04 2.0e+03] R^2: -21703.15081968813
[3.5e+00 1.8e+04 1.0e+03 1.0e+00 4.0e+04 2.0e+03] R^2: -21825.636647004358
[3.5e+00 1.8e+04 1.0e+03 1.0e+00 4.0e+04 2.0e+03] R^2: -21989.986043335415
[3.5e+00 1.8e+04 1.0e+03 1.0e+00 4.0e+04 2.0e+03] R^2: -21985.971045817616
[3.5e+00 1.8e+04 1.0e+03 1.0e+00 4.0e+04 2.0e+03] R^2: -21917.673373664406
[3.5e+00 1.8e+04 1.0e+03 1.0e+00 4.0e+04 2.0e+03] R^2: -22205.35362181594
[3.5e+00 1.8e+04 1.0e+03 1.0e+00 4.0e+04 2.0e+03] R^2: -22390.505218410923
[3.5e+00 1.8e+04 1.0e+03 1.0e+00 4.0e+04 2.0e+03] R^2: -22028.05988493684
[3.5e+00 1.8e+04 1.0e+03 1.0e+00 4.0e+04 2.0e+03] R^2: -22273.91538469531
[3.5e+00 1.8e+04 1.0e+03 1.0e+00 4.0e+04 2.0e+03] R^2: -22145.732799931015
[3.5e+00 1.8e+04 1.0e+03 1.0e+00 4.0e+04 2.0e+03] R^2: -22373.336348223675
[3.5e+00 1.8e+04 1.0e+03 1.0e+00 4.0e+04 2.0e+03] R^2: -22523.026752751273
[3.5e+00 1.8e+04 1.0e+03 1.0e+00 4.0e+04 2.0e+03] R^2: -22234.360094063824
[3.5e+00 1.8e+04 1.0e+03 1.0e+00 4.0e+04 2.0e+03] R^2: -22065.113799288192
[3.5e+00 1.8e+04 1.0e+03 1.0e+00 4.0e+04 2.0e+03] R^2: -21230.049923813243
[3.5e+00 1.8e+04 1.0e+03 1.0e+00 4.0e+04 2.0e+03] R^2: -21458.591877513194
[3.5e+00 1.8e+04 1.0e+03 1.0e+00 4.0e+04 2.0e+03] R^2: -21210.93798084385
[3.5e+00 1.8e+04 1.0e+03 1.0e+00 4.0e+04 2.0e+03] R^2: -21447.03095496414
[3.5e+00 1.8e+04 1.0e+03 1.0e+00 4.0e+04 2.0e+03] R^2: -21683.66550635314
[3.5e+00 1.8e+04 1.0e+03 1.0e+00 4.0e+04 2.0e+03] R^2: -21908.985052442124
[3.5e+00 1.8e+04 1.0e+03 1.0e+00 4.0e+04 2.0e+03] R^2: -22035.833435246906
[3.5e+00 1.8e+04 1.0e+03 1.0e+00 4.0e+04 2.0e+03] R^2: -22286.245830019147
[3.5e+00 1.8e+04 1.0e+03 1.0e+00 4.0e+04 2.0e+03] R^2: -22484.54213524642
[3.5e+00 1.8e+04 1.0e+03 1.0e+00 4.0e+04 2.0e+03] R^2: -22228.240609873887
[3.5e+00 1.8e+04 1.0e+03 1.0e+00 4.0e+04 2.0e+03] R^2: -22456.70749696565
[3.5e+00 1.8e+04 1.0e+03 1.0e+00 4.0e+04 2.0e+03] R^2: -22033.886770097386
[3.5e+00 1.8e+04 1.0e+03 1.0e+00 4.0e+04 2.0e+03] R^2: -22043.83524848469
[3.5e+00 1.8e+04 1.0e+03 1.0e+00 4.0e+04 2.0e+03] R^2: -21432.972067598123
[3.5e+00 1.8e+04 1.0e+03 1.0e+00 4.0e+04 2.0e+03] R^2: -21433.37169832762
[3.5e+00 1.8e+04 1.0e+03 1.0e+00 4.0e+04 2.0e+03] R^2: -21584.48443646991
[3.5e+00 1.8e+04 1.0e+03 1.0e+00 4.0e+04 2.0e+03] R^2: -21806.967011712517
[3.5e+00 1.8e+04 1.0e+03 1.0e+00 4.0e+04 2.0e+03] R^2: -21777.891835698894
[3.5e+00 1.8e+04 1.0e+03 1.0e+00 4.0e+04 2.0e+03] R^2: -21832.621446408415
[3.5e+00 1.8e+04 1.0e+03 1.0e+00 4.0e+04 2.0e+03] R^2: -21776.67544165596
[3.5e+00 1.8e+04 1.0e+03 1.0e+00 4.0e+04 2.0e+03] R^2: -21732.3745379457
[3.5e+00 1.8e+04 1.0e+03 1.0e+00 4.0e+04 2.0e+03] R^2: -21438.875574003792
[3.5e+00 1.8e+04 1.0e+03 1.0e+00 4.0e+04 2.0e+03] R^2: -20700.928962156893
[3.5e+00 1.8e+04 1.0e+03 1.0e+00 4.0e+04 2.0e+03] R^2: -20832.034340239017
[3.5e+00 1.8e+04 1.0e+03 1.0e+00 4.0e+04 2.0e+03] R^2: -21012.199510252492
[3.5e+00 1.8e+04 1.0e+03 1.0e+00 4.0e+04 2.0e+03] R^2: -21076.527511207558
[3.5e+00 1.8e+04 1.0e+03 1.0e+00 4.0e+04 2.0e+03] R^2: -20468.22957942333
[3.5e+00 1.8e+04 1.0e+03 1.0e+00 4.0e+04 2.0e+03] R^2: -20229.83147933792
[3.5e+00 1.8e+04 1.0e+03 1.0e+00 4.0e+04 2.0e+03] R^2: -20261.730498446657
[3.5e+00 1.8e+04 1.0e+03 1.0e+00 4.0e+04 2.0e+03] R^2: -20295.371406864007
[3.5e+00 1.8e+04 1.0e+03 1.0e+00 4.0e+04 2.0e+03] R^2: -20322.61199364755
[3.5e+00 1.8e+04 1.0e+03 1.0e+00 4.0e+04 2.0e+03] R^2: -20456.29113007197
[3.5e+00 1.8e+04 1.0e+03 1.0e+00 4.0e+04 2.0e+03] R^2: -20628.802518689234
[3.5e+00 1.8e+04 1.0e+03 1.0e+00 4.0e+04 2.0e+03] R^2: -20797.816911199978
[3.5e+00 1.8e+04 1.0e+03 1.0e+00 4.0e+04 2.0e+03] R^2: -20793.801190871436
[3.5e+00 1.8e+04 1.0e+03 1.0e+00 4.0e+04 2.0e+03] R^2: -20852.289759084626
[3.5e+00 1.8e+04 1.0e+03 1.0e+00 4.0e+04 2.0e+03] R^2: -20505.14185146991
[3.5e+00 1.8e+04 1.0e+03 1.0e+00 4.0e+04 2.0e+03] R^2: -19803.24115083167
[3.5e+00 1.8e+04 1.0e+03 1.0e+00 4.0e+04 2.0e+03] R^2: -19798.945144817713
[3.5e+00 1.8e+04 1.0e+03 1.0e+00 4.0e+04 2.0e+03] R^2: -19402.35382995901
[3.5e+00 1.8e+04 1.0e+03 1.0e+00 4.0e+04 2.0e+03] R^2: -19383.39582770178
[3.5e+00 1.8e+04 1.0e+03 1.0e+00 4.0e+04 2.0e+03] R^2: -18264.537944014544
[3.5e+00 1.8e+04 1.0e+03 1.0e+00 4.0e+04 2.0e+03] R^2: -17633.128929764425
[3.5e+00 1.8e+04 1.0e+03 1.0e+00 4.0e+04 2.0e+03] R^2: -17094.081175216867
[3.5e+00 1.8e+04 1.0e+03 1.0e+00 4.0e+04 2.0e+03] R^2: -16337.773163520831
[3.5e+00 1.8e+04 1.0e+03 1.0e+00 4.0e+04 2.0e+03] R^2: -16194.976131865506
[3.5e+00 1.8e+04 1.0e+03 1.0e+00 4.0e+04 2.0e+03] R^2: -15882.078445224714
[3.5e+00 1.8e+04 1.0e+03 1.0e+00 4.0e+04 2.0e+03] R^2: -15636.33431641674
[3.5e+00 1.8e+04 1.0e+03 1.0e+00 4.0e+04 2.0e+03] R^2: -15542.119538730223
[3.5e+00 1.8e+04 1.0e+03 1.0e+00 4.0e+04 2.0e+03] R^2: -15501.720434621531
[3.5e+00 1.8e+04 1.0e+03 1.0e+00 4.0e+04 2.0e+03] R^2: -15474.38386908307
[3.5e+00 1.8e+04 1.0e+03 1.0e+00 4.0e+04 2.0e+03] R^2: -14930.018277416735
[3.5e+00 1.8e+04 1.0e+03 1.0e+00 4.0e+04 2.0e+03] R^2: -14121.808604109972
[3.5e+00 1.8e+04 1.0e+03 1.0e+00 4.0e+04 2.0e+03] R^2: -13520.633105808829
[3.5e+00 1.8e+04 1.0e+03 1.0e+00 4.0e+04 2.0e+03] R^2: -13237.446664339017
[3.5e+00 1.8e+04 1.0e+03 1.0e+00 4.0e+04 2.0e+03] R^2: -13162.308593279951
[3.5e+00 1.8e+04 1.0e+03 1.0e+00 4.0e+04 2.0e+03] R^2: -12930.531488762503
[3.5e+00 1.8e+04 1.0e+03 1.0e+00 4.0e+04 2.0e+03] R^2: -12303.211509842235
[3.5e+00 1.8e+04 1.0e+03 1.0e+00 4.0e+04 2.0e+03] R^2: -12199.39650547073
[3.5e+00 1.8e+04 1.0e+03 1.0e+00 4.0e+04 2.0e+03] R^2: -11991.463025216153
[3.5e+00 1.8e+04 1.0e+03 1.0e+00 4.0e+04 2.0e+03] R^2: -11906.854239656976
[3.5e+00 1.8e+04 1.0e+03 1.0e+00 4.0e+04 2.0e+03] R^2: -11559.674093830465
[3.5e+00 1.8e+04 1.0e+03 1.0e+00 4.0e+04 2.0e+03] R^2: -11433.320260561859
[3.5e+00 1.8e+04 1.0e+03 1.0e+00 4.0e+04 2.0e+03] R^2: -11172.25924018334
[3.5e+00 1.8e+04 1.0e+03 1.0e+00 4.0e+04 2.0e+03] R^2: -10801.892948272298
[3.5e+00 1.8e+04 1.0e+03 1.0e+00 4.0e+04 2.0e+03] R^2: -10768.139649149525
[3.5e+00 1.8e+04 1.0e+03 1.0e+00 4.0e+04 2.0e+03] R^2: -10809.451209397052
[3.5e+00 1.8e+04 1.0e+03 1.0e+00 4.0e+04 2.0e+03] R^2: -10669.317981364198
[3.5e+00 1.8e+04 1.0e+03 1.0e+00 4.0e+04 2.0e+03] R^2: -10487.227313517607
[3.5e+00 1.8e+04 1.0e+03 1.0e+00 4.0e+04 2.0e+03] R^2: -10477.138642868274
[3.5e+00 1.8e+04 1.0e+03 1.0e+00 4.0e+04 2.0e+03] R^2: -10396.664553289258
[3.5e+00 1.8e+04 1.0e+03 1.0e+00 4.0e+04 2.0e+03] R^2: -9978.3164580576
[3.5e+00 1.8e+04 1.0e+03 1.0e+00 4.0e+04 2.0e+03] R^2: -9709.081675650232
[3.5e+00 1.8e+04 1.0e+03 1.0e+00 4.0e+04 2.0e+03] R^2: -9634.895501169143
[3.5e+00 1.8e+04 1.0e+03 1.0e+00 4.0e+04 2.0e+03] R^2: -9581.7931390049
[3.5e+00 1.8e+04 1.0e+03 1.0e+00 4.0e+04 2.0e+03] R^2: -9562.748148353954
[3.5e+00 1.8e+04 1.0e+03 1.0e+00 4.0e+04 2.0e+03] R^2: -9122.366401617559
[3.5e+00 1.8e+04 1.0e+03 1.0e+00 4.0e+04 2.0e+03] R^2: -9066.384150573891
[3.5e+00 1.8e+04 1.0e+03 1.0e+00 4.0e+04 2.0e+03] R^2: -8886.931825075137
[3.5e+00 1.8e+04 1.0e+03 1.0e+00 4.0e+04 2.0e+03] R^2: -8399.498953312495
[3.5e+00 1.8e+04 1.0e+03 1.0e+00 4.0e+04 2.0e+03] R^2: -8063.730973176164
[3.5e+00 1.8e+04 1.0e+03 1.0e+00 4.0e+04 2.0e+03] R^2: -7890.367738482859
[3.5e+00 1.8e+04 1.0e+03 1.0e+00 4.0e+04 2.0e+03] R^2: -7719.869615520657
[3.5e+00 1.8e+04 1.0e+03 1.0e+00 4.0e+04 2.0e+03] R^2: -7467.071265769389
[3.5e+00 1.8e+04 1.0e+03 1.0e+00 4.0e+04 2.0e+03] R^2: -7323.552229621862
[3.5e+00 1.8e+04 1.0e+03 1.0e+00 4.0e+04 2.0e+03] R^2: -7304.565482183274
[3.5e+00 1.8e+04 1.0e+03 1.0e+00 4.0e+04 2.0e+03] R^2: -7150.574236577903
[3.5e+00 1.8e+04 1.0e+03 1.0e+00 4.0e+04 2.0e+03] R^2: -6668.26541084328
[3.5e+00 1.8e+04 1.0e+03 1.0e+00 4.0e+04 2.0e+03] R^2: -6076.052897052139
[3.5e+00 1.8e+04 1.0e+03 1.0e+00 4.0e+04 2.0e+03] R^2: -5720.286267365673
[3.5e+00 1.8e+04 1.0e+03 1.0e+00 4.0e+04 2.0e+03] R^2: -5379.317136432651
[3.5e+00 1.8e+04 1.0e+03 1.0e+00 4.0e+04 2.0e+03] R^2: -5093.367192473207
[3.5e+00 1.8e+04 1.0e+03 1.0e+00 4.0e+04 2.0e+03] R^2: -4634.037161859313
[3.5e+00 1.8e+04 1.0e+03 1.0e+00 4.0e+04 2.0e+03] R^2: -4196.952413280423
[3.5e+00 1.8e+04 1.0e+03 1.0e+00 4.0e+04 2.0e+03] R^2: -4005.9272315010653
[3.5e+00 1.8e+04 1.0e+03 1.0e+00 4.0e+04 2.0e+03] R^2: -3876.292691254493
[3.5e+00 1.8e+04 1.0e+03 1.0e+00 4.0e+04 2.0e+03] R^2: -3734.2850891333264
[3.5e+00 1.8e+04 1.0e+03 1.0e+00 4.0e+04 2.0e+03] R^2: -3589.180176622818
[3.5e+00 1.8e+04 1.0e+03 1.0e+00 4.0e+04 2.0e+03] R^2: -3475.8756625615383
[3.5e+00 1.8e+04 1.0e+03 1.0e+00 4.0e+04 2.0e+03] R^2: -3234.2013458276474
[3.5e+00 1.8e+04 1.0e+03 1.0e+00 4.0e+04 2.0e+03] R^2: -3093.7565080415034
[3.5e+00 1.8e+04 1.0e+03 1.0e+00 4.0e+04 2.0e+03] R^2: -2993.801242838704
[3.5e+00 1.8e+04 1.0e+03 1.0e+00 4.0e+04 2.0e+03] R^2: -2928.2031464383454
[3.5e+00 1.8e+04 1.0e+03 1.0e+00 4.0e+04 2.0e+03] R^2: -2873.5118108008774
[3.5e+00 1.8e+04 1.0e+03 1.0e+00 4.0e+04 2.0e+03] R^2: -2760.5652875474852
[3.5e+00 1.8e+04 1.0e+03 1.0e+00 4.0e+04 2.0e+03] R^2: -2668.5007132433734
[3.5e+00 1.8e+04 1.0e+03 1.0e+00 4.0e+04 2.0e+03] R^2: -2623.16953277742
[3.5e+00 1.8e+04 1.0e+03 1.0e+00 4.0e+04 2.0e+03] R^2: -2479.406179316109
[3.5e+00 1.8e+04 1.0e+03 1.0e+00 4.0e+04 2.0e+03] R^2: -2410.6720020622233
[3.5e+00 1.8e+04 1.0e+03 1.0e+00 4.0e+04 2.0e+03] R^2: -2342.6491696526627
[3.5e+00 1.8e+04 1.0e+03 1.0e+00 4.0e+04 2.0e+03] R^2: -2215.331022945242
[3.5e+00 1.8e+04 1.0e+03 1.0e+00 4.0e+04 2.0e+03] R^2: -2135.4540313459643
[3.5e+00 1.8e+04 1.0e+03 1.0e+00 4.0e+04 2.0e+03] R^2: -2071.1565709679217
[3.5e+00 1.8e+04 1.0e+03 1.0e+00 4.0e+04 2.0e+03] R^2: -2003.4360029659229
[3.5e+00 1.8e+04 1.0e+03 1.0e+00 4.0e+04 2.0e+03] R^2: -1922.3390552808498
[3.5e+00 1.8e+04 1.0e+03 1.0e+00 4.0e+04 2.0e+03] R^2: -1820.8897935389646
[3.5e+00 1.8e+04 1.0e+03 1.0e+00 4.0e+04 2.0e+03] R^2: -1743.6524906180298
[3.5e+00 1.8e+04 1.0e+03 1.0e+00 4.0e+04 2.0e+03] R^2: -1673.216152453083
[3.5e+00 1.8e+04 1.0e+03 1.0e+00 4.0e+04 2.0e+03] R^2: -1572.3146776078588
[3.5e+00 1.8e+04 1.0e+03 1.0e+00 4.0e+04 2.0e+03] R^2: -1482.7102834686323
[3.5e+00 1.8e+04 1.0e+03 1.0e+00 4.0e+04 2.0e+03] R^2: -1429.2978923884039
[3.5e+00 1.8e+04 1.0e+03 1.0e+00 4.0e+04 2.0e+03] R^2: -1365.1054634188351
[3.5e+00 1.8e+04 1.0e+03 1.0e+00 4.0e+04 2.0e+03] R^2: -1296.6040030308181
[3.5e+00 1.8e+04 1.0e+03 1.0e+00 4.0e+04 2.0e+03] R^2: -1233.4905400150626
[3.5e+00 1.8e+04 1.0e+03 1.0e+00 4.0e+04 2.0e+03] R^2: -1163.0361900437783
[3.5e+00 1.8e+04 1.0e+03 1.0e+00 4.0e+04 2.0e+03] R^2: -1075.6563744871094
[3.5e+00 1.8e+04 1.0e+03 1.0e+00 4.0e+04 2.0e+03] R^2: -1034.035304432803
[3.5e+00 1.8e+04 1.0e+03 1.0e+00 4.0e+04 2.0e+03] R^2: -974.1047765744606
[3.5e+00 1.8e+04 1.0e+03 1.0e+00 4.0e+04 2.0e+03] R^2: -926.5647613084024
[3.5e+00 1.8e+04 1.0e+03 1.0e+00 4.0e+04 2.0e+03] R^2: -887.0971626489343
[3.5e+00 1.8e+04 1.0e+03 1.0e+00 4.0e+04 2.0e+03] R^2: -849.9066275352154
[3.5e+00 1.8e+04 1.0e+03 1.0e+00 4.0e+04 2.0e+03] R^2: -803.1107385650783
[3.5e+00 1.8e+04 1.0e+03 1.0e+00 4.0e+04 2.0e+03] R^2: -758.5720330551931
[3.5e+00 1.8e+04 1.0e+03 1.0e+00 4.0e+04 2.0e+03] R^2: -717.3945226854042
[3.5e+00 1.8e+04 1.0e+03 1.0e+00 4.0e+04 2.0e+03] R^2: -673.1920060501913
[3.5e+00 1.8e+04 1.0e+03 1.0e+00 4.0e+04 2.0e+03] R^2: -629.2917310511958
[3.5e+00 1.8e+04 1.0e+03 1.0e+00 4.0e+04 2.0e+03] R^2: -583.5889412661071
[3.5e+00 1.8e+04 1.0e+03 1.0e+00 4.0e+04 2.0e+03] R^2: -541.6568171831099
[3.5e+00 1.8e+04 1.0e+03 1.0e+00 4.0e+04 2.0e+03] R^2: -502.37459034010453
[3.5e+00 1.8e+04 1.0e+03 1.0e+00 4.0e+04 2.0e+03] R^2: -465.08761463526935
[3.5e+00 1.8e+04 1.0e+03 1.0e+00 4.0e+04 2.0e+03] R^2: -432.1485268635714
[3.5e+00 1.8e+04 1.0e+03 1.0e+00 4.0e+04 2.0e+03] R^2: -401.7498469502113
Optimal not found
[ 9.95475625e+07 -5.63454250e+10  8.96892171e+09  1.00000000e+00
  4.00000000e+04  2.00000000e+03] R^2: -6.504402286244826e-05
Optimal not found
[ 2.15593207e+08 -3.18689904e+10  4.97658284e+09  1.00000000e+00
  4.00000000e+04  2.00000000e+03] R^2: -0.00011091801218898745
Optimal not found
Optimal not found
Optimal not found
Optimal not found
Optimal not found
Optimal not found
Optimal not found
Optimal not found
Optimal not found
Optimal not found
Optimal not found
Optimal not found
Optimal not found
[4.78208719e+07 1.54173301e+11 2.50249733e+10 1.00000000e+00
 4.00000000e+04 2.00000000e+03] R^2: 1.2156814666708371e-05
[4.24452530e+07 1.05051246e+11 1.71063406e+10 1.00000000e+00
 4.00000000e+04 2.00000000e+03] R^2: 1.703414184761609e-05
Optimal not found
Optimal not found
Optimal not found
Optimal not found
Optimal not found
Optimal not found
Optimal not found
Optimal not found
Optimal not found
Optimal not found
Optimal not found
Optimal not found
Optimal not found
Optimal not found
Optimal not found
Optimal not found
Optimal not found
Optimal not found
Optimal not found
Optimal not found
Optimal not found
Optimal not found
Optimal not found
Optimal not found
Optimal not found
Optimal not found
Optimal not found
Optimal not found
Optimal not found
Optimal not found
Optimal not found
Optimal not found
Optimal not found
Optimal not found
Optimal not found
Optimal not found
Optimal not found
Optimal not found
Optimal not found
Optimal not found
Optimal not found
Optimal not found
Optimal not found
Optimal not found
Optimal not found
Optimal not found
Optimal not found
Optimal not found
Optimal not found
Optimal not found
Optimal not found
Optimal not found
Optimal not found
Optimal not found
Optimal not found
Optimal not found
Optimal not found
Optimal not found
Optimal not found
Optimal not found
Optimal not found
Optimal not found
Optimal not found
Optimal not found
Optimal not found
Optimal not found
Optimal not found
Optimal not found
Optimal not found
Optimal not found
Optimal not found
Optimal not found
Optimal not found
Optimal not found
Optimal not found
Optimal not found
Optimal not found
Optimal not found
Optimal not found
Optimal not found
Optimal not found
Optimal not found
Optimal not found
Optimal not found
Optimal not found
Optimal not found
Optimal not found
Optimal not found
Optimal not found
Optimal not found
Optimal not found
Optimal not found
Optimal not found
Optimal not found
Optimal not found
Optimal not found
Optimal not found
Optimal not found
Optimal not found
Optimal not found
Optimal not found
Optimal not found
Optimal not found
Optimal not found
Optimal not found
Optimal not found
Optimal not found
Optimal not found
Optimal not found
Optimal not found
Optimal not found
Optimal not found
[2.41978629e+00 1.87603332e+04 3.83418138e+03 1.00000000e+00
 4.00000000e+04 2.00000000e+03] R^2: 0.9042826478273612
[2.29332565e+00 1.82010337e+04 3.51888761e+03 1.00000000e+00
 4.00000000e+04 2.00000000e+03] R^2: 0.9048033903456358
[2.23804752e+00 1.79353864e+04 3.36015231e+03 1.00000000e+00
 4.00000000e+04 2.00000000e+03] R^2: 0.905396149612071
[2.20345674e+00 1.77578641e+04 3.24972509e+03 1.00000000e+00
 4.00000000e+04 2.00000000e+03] R^2: 0.9060132199427283
[2.17933021e+00 1.76262424e+04 3.16508621e+03 1.00000000e+00
 4.00000000e+04 2.00000000e+03] R^2: 0.9066344068195058
[2.16150720e+00 1.75228549e+04 3.09658909e+03 1.00000000e+00
 4.00000000e+04 2.00000000e+03] R^2: 0.9072483932158294
[2.14796778e+00 1.74392715e+04 3.03968590e+03 1.00000000e+00
 4.00000000e+04 2.00000000e+03] R^2: 0.9078534610991833
[2.13749888e+00 1.73702724e+04 2.99148296e+03 1.00000000e+00
 4.00000000e+04 2.00000000e+03] R^2: 0.9084487500169891
[2.12922351e+00 1.73120351e+04 2.94984602e+03 1.00000000e+00
 4.00000000e+04 2.00000000e+03] R^2: 0.9090238463044382
[2.12277725e+00 1.72632682e+04 2.91416009e+03 1.00000000e+00
 4.00000000e+04 2.00000000e+03] R^2: 0.9095946725609568
[2.11755263e+00 1.72207555e+04 2.88239725e+03 1.00000000e+00
 4.00000000e+04 2.00000000e+03] R^2: 0.9101368112270432
[2.11340549e+00 1.71840857e+04 2.85439878e+03 1.00000000e+00
 4.00000000e+04 2.00000000e+03] R^2: 0.910663442451771
[2.11009761e+00 1.71522834e+04 2.82964919e+03 1.00000000e+00
 4.00000000e+04 2.00000000e+03] R^2: 0.9111719185028929
[2.10744773e+00 1.71241588e+04 2.80730400e+03 1.00000000e+00
 4.00000000e+04 2.00000000e+03] R^2: 0.9116570923267759
[2.10535964e+00 1.70996914e+04 2.78751968e+03 1.00000000e+00
 4.00000000e+04 2.00000000e+03] R^2: 0.912126023385034
[2.10369860e+00 1.70776666e+04 2.76934685e+03 1.00000000e+00
 4.00000000e+04 2.00000000e+03] R^2: 0.9125684918056427
[2.10244737e+00 1.70587400e+04 2.75344565e+03 1.00000000e+00
 4.00000000e+04 2.00000000e+03] R^2: 0.9130015705947466
[2.10147683e+00 1.70418423e+04 2.73902128e+03 1.00000000e+00
 4.00000000e+04 2.00000000e+03] R^2: 0.9134121489034702
[2.10077595e+00 1.70270666e+04 2.72616102e+03 1.00000000e+00
 4.00000000e+04 2.00000000e+03] R^2: 0.9138086747921302
[2.10028134e+00 1.70141312e+04 2.71471117e+03 1.00000000e+00
 4.00000000e+04 2.00000000e+03] R^2: 0.9141898367813927
[2.09993941e+00 1.70026972e+04 2.70444602e+03 1.00000000e+00
 4.00000000e+04 2.00000000e+03] R^2: 0.9145529609349906
[2.09974263e+00 1.69926988e+04 2.69529516e+03 1.00000000e+00
 4.00000000e+04 2.00000000e+03] R^2: 0.9149016266932781
[2.09965052e+00 1.69839868e+04 2.68719382e+03 1.00000000e+00
 4.00000000e+04 2.00000000e+03] R^2: 0.9152354860843264
[2.09963931e+00 1.69764814e+04 2.68010448e+03 1.00000000e+00
 4.00000000e+04 2.00000000e+03] R^2: 0.9155558401349442
[2.09967985e+00 1.69700132e+04 2.67392176e+03 1.00000000e+00
 4.00000000e+04 2.00000000e+03] R^2: 0.9158617147440065
[2.09977229e+00 1.69645288e+04 2.66857641e+03 1.00000000e+00
 4.00000000e+04 2.00000000e+03] R^2: 0.9161550601755506
[2.09990140e+00 1.69595257e+04 2.66362724e+03 1.00000000e+00
 4.00000000e+04 2.00000000e+03] R^2: 0.9164286272922252
[2.10004692e+00 1.69553442e+04 2.65942928e+03 1.00000000e+00
 4.00000000e+04 2.00000000e+03] R^2: 0.9166898669791359
[2.10018851e+00 1.69519156e+04 2.65595919e+03 1.00000000e+00
 4.00000000e+04 2.00000000e+03] R^2: 0.9169388319477796
[2.10033599e+00 1.69491449e+04 2.65309164e+03 1.00000000e+00
 4.00000000e+04 2.00000000e+03] R^2: 0.9171758396430579
[2.10047228e+00 1.69469499e+04 2.65078755e+03 1.00000000e+00
 4.00000000e+04 2.00000000e+03] R^2: 0.917400429040662
[2.10059635e+00 1.69452006e+04 2.64892549e+03 1.00000000e+00
 4.00000000e+04 2.00000000e+03] R^2: 0.9176117410850128
[2.10069832e+00 1.69439229e+04 2.64754613e+03 1.00000000e+00
 4.00000000e+04 2.00000000e+03] R^2: 0.9178110578380613
[2.10076897e+00 1.69430300e+04 2.64659212e+03 1.00000000e+00
 4.00000000e+04 2.00000000e+03] R^2: 0.9179979153356035
[2.10085024e+00 1.69422093e+04 2.64567791e+03 1.00000000e+00
 4.00000000e+04 2.00000000e+03] R^2: 0.9181696239305644
[2.10089189e+00 1.69418297e+04 2.64524733e+03 1.00000000e+00
 4.00000000e+04 2.00000000e+03] R^2: 0.9183311790202197
[2.10089393e+00 1.69418239e+04 2.64523688e+03 1.00000000e+00
 4.00000000e+04 2.00000000e+03] R^2: 0.9184823043944136
[2.10086474e+00 1.69420710e+04 2.64551840e+03 1.00000000e+00
 4.00000000e+04 2.00000000e+03] R^2: 0.9186223295971502
[2.10084657e+00 1.69422162e+04 2.64568543e+03 1.00000000e+00
 4.00000000e+04 2.00000000e+03] R^2: 0.9187488076274831
[2.10074482e+00 1.69429478e+04 2.64654853e+03 1.00000000e+00
 4.00000000e+04 2.00000000e+03] R^2: 0.9188677743057688
[2.10059300e+00 1.69439159e+04 2.64773025e+03 1.00000000e+00
 4.00000000e+04 2.00000000e+03] R^2: 0.9189767638871187
[2.10043575e+00 1.69449252e+04 2.64895052e+03 1.00000000e+00
 4.00000000e+04 2.00000000e+03] R^2: 0.9190753705435379
[2.10023982e+00 1.69461139e+04 2.65040761e+03 1.00000000e+00
 4.00000000e+04 2.00000000e+03] R^2: 0.9191645439478935
[2.10000175e+00 1.69474849e+04 2.65211040e+03 1.00000000e+00
 4.00000000e+04 2.00000000e+03] R^2: 0.9192445336330267
[2.09972641e+00 1.69489951e+04 2.65401019e+03 1.00000000e+00
 4.00000000e+04 2.00000000e+03] R^2: 0.9193155258054457
[2.09942888e+00 1.69505534e+04 2.65599539e+03 1.00000000e+00
 4.00000000e+04 2.00000000e+03] R^2: 0.9193779272107946
[2.09910456e+00 1.69521789e+04 2.65809227e+03 1.00000000e+00
 4.00000000e+04 2.00000000e+03] R^2: 0.9194320817186475
[2.09877989e+00 1.69537393e+04 2.66012997e+03 1.00000000e+00
 4.00000000e+04 2.00000000e+03] R^2: 0.9194788864281817
[2.09840549e+00 1.69554671e+04 2.66241452e+03 1.00000000e+00
 4.00000000e+04 2.00000000e+03] R^2: 0.9195176371252688
[2.09800349e+00 1.69572520e+04 2.66480346e+03 1.00000000e+00
 4.00000000e+04 2.00000000e+03] R^2: 0.9195491166470433
[2.09758535e+00 1.69590409e+04 2.66722688e+03 1.00000000e+00
 4.00000000e+04 2.00000000e+03] R^2: 0.9195740716489289
[2.09715507e+00 1.69608169e+04 2.66966193e+03 1.00000000e+00
 4.00000000e+04 2.00000000e+03] R^2: 0.9195930493472894
[2.09668974e+00 1.69626722e+04 2.67223631e+03 1.00000000e+00
 4.00000000e+04 2.00000000e+03] R^2: 0.919605288004645
[2.09618685e+00 1.69646115e+04 2.67495942e+03 1.00000000e+00
 4.00000000e+04 2.00000000e+03] R^2: 0.9196107525049466
[2.09563939e+00 1.69666560e+04 2.67786433e+03 1.00000000e+00
 4.00000000e+04 2.00000000e+03] R^2: 0.9196090127743571
[2.09507152e+00 1.69687123e+04 2.68082002e+03 1.00000000e+00
 4.00000000e+04 2.00000000e+03] R^2: 0.9196018256356199
[2.09453464e+00 1.69705986e+04 2.68356316e+03 1.00000000e+00
 4.00000000e+04 2.00000000e+03] R^2: 0.9195933140736723
[2.09393274e+00 1.69726254e+04 2.68656738e+03 1.00000000e+00
 4.00000000e+04 2.00000000e+03] R^2: 0.9195771048868854
[2.09333570e+00 1.69746064e+04 2.68951468e+03 1.00000000e+00
 4.00000000e+04 2.00000000e+03] R^2: 0.9195575770908007
[2.09271833e+00 1.69765989e+04 2.69251336e+03 1.00000000e+00
 4.00000000e+04 2.00000000e+03] R^2: 0.9195335277623986
[2.09207702e+00 1.69786136e+04 2.69558039e+03 1.00000000e+00
 4.00000000e+04 2.00000000e+03] R^2: 0.9195047439750491
[2.09142247e+00 1.69806169e+04 2.69866471e+03 1.00000000e+00
 4.00000000e+04 2.00000000e+03] R^2: 0.919472416050483
[2.09072760e+00 1.69826902e+04 2.70189298e+03 1.00000000e+00
 4.00000000e+04 2.00000000e+03] R^2: 0.9194337186112119
[2.09002930e+00 1.69847229e+04 2.70509362e+03 1.00000000e+00
 4.00000000e+04 2.00000000e+03] R^2: 0.9193928264715825
[2.08932487e+00 1.69867245e+04 2.70828050e+03 1.00000000e+00
 4.00000000e+04 2.00000000e+03] R^2: 0.9193496314657393
[2.08861198e+00 1.69887028e+04 2.71146552e+03 1.00000000e+00
 4.00000000e+04 2.00000000e+03] R^2: 0.9193040203544353
[2.08789831e+00 1.69906381e+04 2.71461580e+03 1.00000000e+00
 4.00000000e+04 2.00000000e+03] R^2: 0.9192571306919822
[2.08715059e+00 1.69926204e+04 2.71787842e+03 1.00000000e+00
 4.00000000e+04 2.00000000e+03] R^2: 0.9192046634021054
[2.08639939e+00 1.69945687e+04 2.72111999e+03 1.00000000e+00
 4.00000000e+04 2.00000000e+03] R^2: 0.9191507952725425
[2.08563576e+00 1.69965070e+04 2.72438023e+03 1.00000000e+00
 4.00000000e+04 2.00000000e+03] R^2: 0.9190943465871182
[2.08486963e+00 1.69984111e+04 2.72761771e+03 1.00000000e+00
 4.00000000e+04 2.00000000e+03] R^2: 0.9190368715549833
[2.08409050e+00 1.70003079e+04 2.73087764e+03 1.00000000e+00
 4.00000000e+04 2.00000000e+03] R^2: 0.9189768394774713
[2.08330758e+00 1.70021758e+04 2.73412234e+03 1.00000000e+00
 4.00000000e+04 2.00000000e+03] R^2: 0.9189157533884296
[2.08251403e+00 1.70040320e+04 2.73738102e+03 1.00000000e+00
 4.00000000e+04 2.00000000e+03] R^2: 0.9188525397154566
[2.08171225e+00 1.70058713e+04 2.74064450e+03 1.00000000e+00
 4.00000000e+04 2.00000000e+03] R^2: 0.9187876097100417
[2.08087733e+00 1.70077508e+04 2.74401418e+03 1.00000000e+00
 4.00000000e+04 2.00000000e+03] R^2: 0.9187163899211103
[2.08005612e+00 1.70095654e+04 2.74730158e+03 1.00000000e+00
 4.00000000e+04 2.00000000e+03] R^2: 0.9186474711822827
[2.07920755e+00 1.70114066e+04 2.75067189e+03 1.00000000e+00
 4.00000000e+04 2.00000000e+03] R^2: 0.9185730217050235
[2.07834251e+00 1.70132505e+04 2.75408179e+03 1.00000000e+00
 4.00000000e+04 2.00000000e+03] R^2: 0.9184949409950884
[2.07746574e+00 1.70150872e+04 2.75751294e+03 1.00000000e+00
 4.00000000e+04 2.00000000e+03] R^2: 0.9184140635955911
[2.07657821e+00 1.70169150e+04 2.76096210e+03 1.00000000e+00
 4.00000000e+04 2.00000000e+03] R^2: 0.9183304710851653
[2.07567822e+00 1.70187377e+04 2.76443627e+03 1.00000000e+00
 4.00000000e+04 2.00000000e+03] R^2: 0.9182436456460129
[2.07476578e+00 1.70205557e+04 2.76793586e+03 1.00000000e+00
 4.00000000e+04 2.00000000e+03] R^2: 0.9181534119216435
[2.07382890e+00 1.70223927e+04 2.77150703e+03 1.00000000e+00
 4.00000000e+04 2.00000000e+03] R^2: 0.9180565940938319
[2.07290226e+00 1.70241814e+04 2.77501817e+03 1.00000000e+00
 4.00000000e+04 2.00000000e+03] R^2: 0.9179616919806304
[2.07195541e+00 1.70259811e+04 2.77858531e+03 1.00000000e+00
 4.00000000e+04 2.00000000e+03] R^2: 0.9178607934312124
[2.07100023e+00 1.70277695e+04 2.78216407e+03 1.00000000e+00
 4.00000000e+04 2.00000000e+03] R^2: 0.9177567648493243
[2.07001400e+00 1.70295890e+04 2.78583969e+03 1.00000000e+00
 4.00000000e+04 2.00000000e+03] R^2: 0.917642934337178
[2.06902943e+00 1.70313793e+04 2.78949054e+03 1.00000000e+00
 4.00000000e+04 2.00000000e+03] R^2: 0.9175283585866087
[2.06803554e+00 1.70331612e+04 2.79315798e+03 1.00000000e+00
 4.00000000e+04 2.00000000e+03] R^2: 0.9174096364518975
[2.06701192e+00 1.70349710e+04 2.79691752e+03 1.00000000e+00
 4.00000000e+04 2.00000000e+03] R^2: 0.9172800344309885
[2.06598212e+00 1.70367672e+04 2.80068287e+03 1.00000000e+00
 4.00000000e+04 2.00000000e+03] R^2: 0.9171466116326097
[2.06492605e+00 1.70385850e+04 2.80452773e+03 1.00000000e+00
 4.00000000e+04 2.00000000e+03] R^2: 0.9170022683759621
[2.06385258e+00 1.70404088e+04 2.80841997e+03 1.00000000e+00
 4.00000000e+04 2.00000000e+03] R^2: 0.916849459749487
[2.06278905e+00 1.70421929e+04 2.81226103e+03 1.00000000e+00
 4.00000000e+04 2.00000000e+03] R^2: 0.9166977337223476
[2.06169845e+00 1.70439997e+04 2.81618502e+03 1.00000000e+00
 4.00000000e+04 2.00000000e+03] R^2: 0.9165331504087698
[2.06058307e+00 1.70458252e+04 2.82018377e+03 1.00000000e+00
 4.00000000e+04 2.00000000e+03] R^2: 0.9163557799379715
[2.05946283e+00 1.70476368e+04 2.82418615e+03 1.00000000e+00
 4.00000000e+04 2.00000000e+03] R^2: 0.9161730356583389
[2.05832182e+00 1.70494606e+04 2.82824943e+03 1.00000000e+00
 4.00000000e+04 2.00000000e+03] R^2: 0.9159778798891215
[2.05715284e+00 1.70513080e+04 2.83239934e+03 1.00000000e+00
 4.00000000e+04 2.00000000e+03] R^2: 0.9157663913656722
[2.05596279e+00 1.70531678e+04 2.83661162e+03 1.00000000e+00
 4.00000000e+04 2.00000000e+03] R^2: 0.9155407624380315
[2.05475978e+00 1.70550276e+04 2.84085783e+03 1.00000000e+00
 4.00000000e+04 2.00000000e+03] R^2: 0.9153040906388852
[2.05354930e+00 1.70568791e+04 2.84511900e+03 1.00000000e+00
 4.00000000e+04 2.00000000e+03] R^2: 0.9150585159191129
[2.05232194e+00 1.70587370e+04 2.84942863e+03 1.00000000e+00
 4.00000000e+04 2.00000000e+03] R^2: 0.9147988054360652
[2.05108696e+00 1.70605874e+04 2.85375453e+03 1.00000000e+00
 4.00000000e+04 2.00000000e+03] R^2: 0.9145291133850231
[2.04983919e+00 1.70624385e+04 2.85811518e+03 1.00000000e+00
 4.00000000e+04 2.00000000e+03] R^2: 0.9142461579858283
[2.04857134e+00 1.70643011e+04 2.86253636e+03 1.00000000e+00
 4.00000000e+04 2.00000000e+03] R^2: 0.9139451820896466
[2.04728360e+00 1.70661751e+04 2.86701772e+03 1.00000000e+00
 4.00000000e+04 2.00000000e+03] R^2: 0.9136253620790445
[2.04598401e+00 1.70680488e+04 2.87153157e+03 1.00000000e+00
 4.00000000e+04 2.00000000e+03] R^2: 0.9132906277400765
[2.04467050e+00 1.70699254e+04 2.87608549e+03 1.00000000e+00
 4.00000000e+04 2.00000000e+03] R^2: 0.9129389920269989
[2.04335011e+00 1.70717953e+04 2.88065542e+03 1.00000000e+00
 4.00000000e+04 2.00000000e+03] R^2: 0.9125742163868292
[2.04201371e+00 1.70736715e+04 2.88527331e+03 1.00000000e+00
 4.00000000e+04 2.00000000e+03] R^2: 0.9121896683797718
[2.04067631e+00 1.70755332e+04 2.88988761e+03 1.00000000e+00
 4.00000000e+04 2.00000000e+03] R^2: 0.9117947469513448
[2.03933218e+00 1.70773888e+04 2.89451846e+03 1.00000000e+00
 4.00000000e+04 2.00000000e+03] R^2: 0.911385011194957
[2.03797783e+00 1.70792434e+04 2.89917828e+03 1.00000000e+00
 4.00000000e+04 2.00000000e+03] R^2: 0.9109573046354023
[2.03660287e+00 1.70811113e+04 2.90390306e+03 1.00000000e+00
 4.00000000e+04 2.00000000e+03] R^2: 0.9105030904528043
[2.03522216e+00 1.70829726e+04 2.90864216e+03 1.00000000e+00
 4.00000000e+04 2.00000000e+03] R^2: 0.9100326654458439
[2.03382285e+00 1.70848448e+04 2.91343996e+03 1.00000000e+00
 4.00000000e+04 2.00000000e+03] R^2: 0.9095351326235757
[2.03242434e+00 1.70867022e+04 2.91823030e+03 1.00000000e+00
 4.00000000e+04 2.00000000e+03] R^2: 0.909025311355935
[2.03101825e+00 1.70885563e+04 2.92304219e+03 1.00000000e+00
 4.00000000e+04 2.00000000e+03] R^2: 0.9084956883236867
[2.02960543e+00 1.70904062e+04 2.92787306e+03 1.00000000e+00
 4.00000000e+04 2.00000000e+03] R^2: 0.9079462325806775
[2.02819170e+00 1.70922446e+04 2.93270333e+03 1.00000000e+00
 4.00000000e+04 2.00000000e+03] R^2: 0.907381389008185
[2.02677052e+00 1.70940802e+04 2.93755563e+03 1.00000000e+00
 4.00000000e+04 2.00000000e+03] R^2: 0.9067946220154687
[2.02534673e+00 1.70959072e+04 2.94241373e+03 1.00000000e+00
 4.00000000e+04 2.00000000e+03] R^2: 0.906189670530697
[2.02391371e+00 1.70977343e+04 2.94730055e+03 1.00000000e+00
 4.00000000e+04 2.00000000e+03] R^2: 0.9055594627060242
[2.02247350e+00 1.70995591e+04 2.95220945e+03 1.00000000e+00
 4.00000000e+04 2.00000000e+03] R^2: 0.9049050807004965
[2.02102933e+00 1.71013778e+04 2.95712963e+03 1.00000000e+00
 4.00000000e+04 2.00000000e+03] R^2: 0.9042289819898459
[2.01958308e+00 1.71031883e+04 2.96205507e+03 1.00000000e+00
 4.00000000e+04 2.00000000e+03] R^2: 0.9035323609105103
[2.01813588e+00 1.71049895e+04 2.96698212e+03 1.00000000e+00
 4.00000000e+04 2.00000000e+03] R^2: 0.9028157597957189
[2.01668114e+00 1.71067898e+04 2.97193349e+03 1.00000000e+00
 4.00000000e+04 2.00000000e+03] R^2: 0.9020711771952025
[2.01522993e+00 1.71085759e+04 2.97687177e+03 1.00000000e+00
 4.00000000e+04 2.00000000e+03] R^2: 0.9013102701422491
[2.01377348e+00 1.71103587e+04 2.98182707e+03 1.00000000e+00
 4.00000000e+04 2.00000000e+03] R^2: 0.9005222491639135
[2.01232294e+00 1.71121250e+04 2.98676166e+03 1.00000000e+00
 4.00000000e+04 2.00000000e+03] R^2: 0.8997195884426409
[2.01087173e+00 1.71138765e+04 2.99169432e+03 1.00000000e+00
 4.00000000e+04 2.00000000e+03] R^2: 0.8989050475949882
[2.00942617e+00 1.71156208e+04 2.99661252e+03 1.00000000e+00
 4.00000000e+04 2.00000000e+03] R^2: 0.8980597041098118
[2.00798605e+00 1.71173502e+04 3.00151234e+03 1.00000000e+00
 4.00000000e+04 2.00000000e+03] R^2: 0.8971971078827419
[2.00655045e+00 1.71190664e+04 3.00639689e+03 1.00000000e+00
 4.00000000e+04 2.00000000e+03] R^2: 0.8963162372215575
[2.00513310e+00 1.71207525e+04 3.01122028e+03 1.00000000e+00
 4.00000000e+04 2.00000000e+03] R^2: 0.8954325727845797
[2.00372256e+00 1.71224233e+04 3.01602085e+03 1.00000000e+00
 4.00000000e+04 2.00000000e+03] R^2: 0.8945327107609031
[2.00231481e+00 1.71240756e+04 3.02080781e+03 1.00000000e+00
 4.00000000e+04 2.00000000e+03] R^2: 0.8936275810924184
[2.00091766e+00 1.71257133e+04 3.02556251e+03 1.00000000e+00
 4.00000000e+04 2.00000000e+03] R^2: 0.8926989873959826
[1.99952292e+00 1.71273410e+04 3.03030986e+03 1.00000000e+00
 4.00000000e+04 2.00000000e+03] R^2: 0.8917460108097447
[1.99814210e+00 1.71289458e+04 3.03501083e+03 1.00000000e+00
 4.00000000e+04 2.00000000e+03] R^2: 0.8907850882595454
[1.99677256e+00 1.71305235e+04 3.03966972e+03 1.00000000e+00
 4.00000000e+04 2.00000000e+03] R^2: 0.8898322044853938
[1.99542487e+00 1.71320755e+04 3.04425908e+03 1.00000000e+00
 4.00000000e+04 2.00000000e+03] R^2: 0.8888669468917665
[1.99408975e+00 1.71336069e+04 3.04880671e+03 1.00000000e+00
 4.00000000e+04 2.00000000e+03] R^2: 0.8878912765893416
[1.99276410e+00 1.71351213e+04 3.05332329e+03 1.00000000e+00
 4.00000000e+04 2.00000000e+03] R^2: 0.8868998710381246
[1.99145760e+00 1.71366081e+04 3.05777579e+03 1.00000000e+00
 4.00000000e+04 2.00000000e+03] R^2: 0.8859081515894776
[1.99015876e+00 1.71380805e+04 3.06220348e+03 1.00000000e+00
 4.00000000e+04 2.00000000e+03] R^2: 0.8848968428512858
[1.98885272e+00 1.71395491e+04 3.06665272e+03 1.00000000e+00
 3.96137806e+04 2.00008146e+03] R^2: 0.8838631473281413
[1.98756977e+00 1.71409919e+04 3.07102848e+03 1.00000000e+00
 3.99994206e+04 2.00001189e+03] R^2: 0.8828154617807521
[1.98630859e+00 1.71424051e+04 3.07533137e+03 1.00000000e+00
 3.98298538e+04 2.00110621e+03] R^2: 0.8817719168435133
Optimal not found
[1.98383459e+00 1.71451626e+04 3.08377635e+03 1.00000000e+00
 3.99412505e+04 2.00000000e+03] R^2: 0.8796664298834167
[1.98262082e+00 1.71465084e+04 3.08792172e+03 1.00000000e+00
 3.99435260e+04 2.00073020e+03] R^2: 0.8786023503996303
[1.98142432e+00 1.71478305e+04 3.09200950e+03 1.00000000e+00
 3.99772110e+04 2.00000000e+03] R^2: 0.8775338758159072
Optimal not found
Optimal not found
Optimal not found
[ 1.97679559e+00  1.71528966e+04  3.10783249e+03  1.00000000e+00
 -2.70953400e+12  2.00000000e+03] R^2: 0.8732202448278336
[ 1.97568488e+00  1.71541035e+04  3.11163361e+03  1.00000000e+00
 -2.70953400e+12  2.00000000e+03] R^2: 0.8721307467559434
[ 1.97459192e+00  1.71552874e+04  3.11537531e+03  1.00000000e+00
 -2.70953400e+12  2.00000000e+03] R^2: 0.8710374808919231
[ 1.97351189e+00  1.71564537e+04  3.11907411e+03  1.00000000e+00
 -2.70953400e+12  2.00000000e+03] R^2: 0.8699297139567472
[ 1.97245317e+00  1.71575935e+04  3.12270124e+03  1.00000000e+00
 -2.70953400e+12  2.00000000e+03] R^2: 0.868826014328846
[ 1.97141189e+00  1.71587112e+04  3.12626990e+03  1.00000000e+00
 -2.70953400e+12  2.00000000e+03] R^2: 0.8677176575978403
[ 1.97038791e+00  1.71598071e+04  3.12978050e+03  1.00000000e+00
 -2.70953400e+12  2.00000000e+03] R^2: 0.8666042819143986
[ 1.96936502e+00  1.71608935e+04  3.13328465e+03  1.00000000e+00
 -2.70953400e+12  2.00000000e+03] R^2: 0.865485970239114
[ 1.96837394e+00  1.71619476e+04  3.13668460e+03  1.00000000e+00
 -2.70953400e+12  2.00000000e+03] R^2: 0.864362062183388
[ 1.96739673e+00  1.71629840e+04  3.14003815e+03  1.00000000e+00
 -2.71475233e+12  2.00000000e+03] R^2: 0.8632246480875291
[ 1.96643729e+00  1.71639987e+04  3.14333187e+03  1.00000000e+00
 -2.71585381e+12  2.00000000e+03] R^2: 0.8620834664383589
[ 1.96549082e+00  1.71649969e+04  3.14658219e+03  1.00000000e+00
 -2.71917549e+12  2.00000000e+03] R^2: 0.8609259377054634
[ 1.96456104e+00  1.71659748e+04  3.14977628e+03  1.00000000e+00
 -2.72143626e+12  2.00000000e+03] R^2: 0.8597617580256075
[ 1.96365512e+00  1.71669250e+04  3.15288953e+03  1.00000000e+00
 -2.72143626e+12 -4.73698074e+08] R^2: 0.8586106473398026
[ 1.96276585e+00  1.71678553e+04  3.15594653e+03  1.00000000e+00
 -2.11491625e+12  2.98523023e+10] R^2: 0.8574530050969714
[ 1.96189563e+00  1.71687633e+04  3.15893902e+03  1.00000000e+00
 -1.88082185e+12  4.15570226e+10] R^2: 0.8562957688012356
[ 1.96102544e+00  1.71696646e+04  3.16192882e+03  1.00000000e+00
 -1.88082185e+12  4.14996803e+10] R^2: 0.8551324235261692
[ 1.96018839e+00  1.71705332e+04  3.16480888e+03  1.00000000e+00
 -1.78893328e+12  1.62303244e+10] R^2: 0.8539662736393041
[ 1.95936577e+00  1.71713845e+04  3.16764013e+03  1.00000000e+00
 -1.55281954e+12 -2.97637135e+08] R^2: 0.8527873431059416
[ 1.95855375e+00  1.71722228e+04  3.17043579e+03  1.00000000e+00
 -1.23754730e+12 -2.97637135e+08] R^2: 0.851583202127572
[ 1.95775554e+00  1.71730447e+04  3.17318476e+03  1.00000000e+00
 -1.09115816e+12 -2.97637135e+08] R^2: 0.8503637623910623
[ 1.95697170e+00  1.71738499e+04  3.17588503e+03  1.00000000e+00
 -1.13258477e+12 -2.10109465e+10] R^2: 0.8491307704678874
[ 1.95620491e+00  1.71746356e+04  3.17852738e+03  1.00000000e+00
 -1.10717855e+12 -3.27613265e+10] R^2: 0.8478934205932911
[ 1.95545599e+00  1.71754012e+04  3.18110889e+03  1.00000000e+00
 -1.00199221e+12 -3.39300635e+10] R^2: 0.8466549968947027
[ 1.95472174e+00  1.71761500e+04  3.18364056e+03  1.00000000e+00
 -8.31555926e+11 -2.42246638e+10] R^2: 0.845404244308817
[ 1.95400187e+00  1.71768824e+04  3.18612332e+03  1.00000000e+00
 -8.34372803e+11 -3.63372378e+10] R^2: 0.844140144401247
[ 1.95330288e+00  1.71775919e+04  3.18853475e+03  1.00000000e+00
 -6.65653766e+11 -2.52736944e+10] R^2: 0.8428879076671226
[ 1.95260120e+00  1.71782988e+04  3.19095260e+03  1.00000000e+00
 -6.14162754e+11 -2.93194168e+10] R^2: 0.8416303798105902
[ 1.95193191e+00  1.71789748e+04  3.19326260e+03  1.00000000e+00
 -4.25892929e+11 -1.06269128e+10] R^2: 0.8403617053441683
[ 1.95128035e+00  1.71796314e+04  3.19551193e+03  1.00000000e+00
 -3.69544680e+11 -9.70179227e+09] R^2: 0.8390950203331813
[ 1.95064610e+00  1.71802691e+04  3.19770200e+03  1.00000000e+00
 -3.31061253e+11 -1.07427374e+10] R^2: 0.8378294056703153
[ 1.95002850e+00  1.71808887e+04  3.19983504e+03  1.00000000e+00
 -3.09083873e+11 -1.31423084e+10] R^2: 0.8365628286124767
[ 1.94942722e+00  1.71814905e+04  3.20191218e+03 -6.51212318e+07
 -3.09083873e+11 -1.31423084e+10] R^2: 0.8352946092394634
[ 1.94884047e+00  1.71820766e+04  3.20393956e+03 -2.96380324e+07
 -3.78408376e+11 -3.06558670e+10] R^2: 0.8340172064534175
[ 1.94826948e+00  1.71826456e+04  3.20591286e+03 -1.28672248e+07
 -2.93628928e+11 -2.26077898e+10] R^2: 0.8327372165108116
[ 1.94771135e+00  1.71832005e+04  3.20784207e+03 -1.37448462e+07
 -7.71726652e+10  7.65060702e+09] R^2: 0.8314410543901982
Optimal not found
Optimal not found
Optimal not found
Optimal not found
Optimal not found
Optimal not found
Optimal not found
Optimal not found
Optimal not found
Optimal not found
Optimal not found
Optimal not found
Optimal not found
Optimal not found
Optimal not found
Optimal not found
Optimal not found
Optimal not found
Optimal not found
Optimal not found
Optimal not found
Optimal not found
Optimal not found
Optimal not found
Optimal not found
Optimal not found
Optimal not found
Optimal not found
Optimal not found
Optimal not found
Optimal not found
Optimal not found
Optimal not found
Optimal not found
Optimal not found
Optimal not found
Optimal not found
Optimal not found
Optimal not found
Optimal not found
Optimal not found
Optimal not found
Optimal not found
Optimal not found
Optimal not found
Optimal not found
[ 1.80095788e+00  1.70447377e+04  2.20011974e+03  5.55606378e+06
 -4.86140747e+10  8.44758038e+09] R^2: 0.9660462574495231
Optimal not found
Optimal not found
Optimal not found
Optimal not found
Optimal not found
Optimal not found
Optimal not found
Optimal not found
Optimal not found
Optimal not found
Optimal not found
Optimal not found
Optimal not found
Optimal not found
Optimal not found
Optimal not found
Optimal not found
Optimal not found
Optimal not found
Optimal not found
Optimal not found
Optimal not found
Optimal not found
Optimal not found
Optimal not found
Optimal not found
Optimal not found
Optimal not found
Optimal not found
Optimal not found
Optimal not found
Optimal not found
Optimal not found
Optimal not found
Optimal not found
Optimal not found
Optimal not found
Optimal not found
Optimal not found
Optimal not found
Optimal not found
Optimal not found
Optimal not found
Optimal not found
Optimal not found
Optimal not found
Optimal not found
Optimal not found
Optimal not found
Optimal not found
Optimal not found
Optimal not found
Optimal not found
Optimal not found
Optimal not found
Optimal not found
Optimal not found
Optimal not found
Optimal not found
Optimal not found
Optimal not found
Optimal not found
Optimal not found
Optimal not found
Optimal not found
Optimal not found
Optimal not found
Optimal not found
Optimal not found
Optimal not found
Optimal not found
Optimal not found
Optimal not found
Optimal not found
Optimal not found
Optimal not found
Optimal not found
Optimal not found
Optimal not found
Optimal not found
Optimal not found
Optimal not found
Optimal not found
Optimal not found
Optimal not found
Optimal not found
Optimal not found
Optimal not found
Optimal not found
Optimal not found
Optimal not found
Optimal not found
Optimal not found
Optimal not found
Optimal not found
Optimal not found
Optimal not found
Optimal not found
Optimal not found
Optimal not found
Optimal not found
Optimal not found
Optimal not found
Optimal not found
Optimal not found
Optimal not found
Optimal not found
Optimal not found
Optimal not found
Optimal not found
Optimal not found
Optimal not found
Optimal not found
[ 1.93216313e+00  1.71979606e+04  3.26163624e+03  2.50648633e+03
 -3.16823318e+06  2.81796171e+05] R^2: 0.500534606719973
[ 1.93216309e+00  1.71979606e+04  3.26163637e+03  2.31961569e+03
 -2.91247272e+06  1.69891521e+05] R^2: 0.49781322948124096
[ 1.93216307e+00  1.71979606e+04  3.26163646e+03  2.14466024e+03
 -2.67075451e+06  8.42406119e+04] R^2: 0.4950863033450288
[ 1.93216305e+00  1.71979607e+04  3.26163653e+03  1.97945402e+03
 -2.43711335e+06  2.03925675e+04] R^2: 0.49236994041426385
[ 1.93216303e+00  1.71979607e+04  3.26163658e+03  1.82477090e+03
 -2.21417370e+06 -2.57068227e+04] R^2: 0.48963813340401974
[ 1.93216303e+00  1.71979607e+04  3.26163661e+03  1.68064326e+03
 -2.00601692e+06 -5.90502893e+04] R^2: 0.4869140460339938
[ 1.93216303e+00  1.71979607e+04  3.26163661e+03  1.54769182e+03
 -1.81615721e+06 -8.30608008e+04] R^2: 0.4841926777615859
[ 1.93216303e+00  1.71979607e+04  3.26163659e+03  1.42614758e+03
 -1.64593309e+06 -1.00133658e+05] R^2: 0.4814542420275001
[ 1.93216304e+00  1.71979606e+04  3.26163656e+03  1.31474244e+03
 -1.49311740e+06 -1.12028334e+05] R^2: 0.47871538903734456
[ 1.93216306e+00  1.71979606e+04  3.26163651e+03  1.21267896e+03
 -1.35595712e+06 -1.19917567e+05] R^2: 0.4759765873410642
[ 1.93216307e+00  1.71979606e+04  3.26163645e+03  1.11974007e+03
 -1.23370351e+06 -1.24707888e+05] R^2: 0.4732085670696463
[ 1.93216309e+00  1.71979606e+04  3.26163639e+03  1.03520293e+03
 -1.12620151e+06 -1.28229475e+05] R^2: 0.4704438589617439
Optimal not found
Optimal not found
Optimal not found
Optimal not found
Optimal not found
Optimal not found
Optimal not found
Optimal not found
Optimal not found
Optimal not found
Optimal not found
Optimal not found
Optimal not found
Optimal not found
Optimal not found
Optimal not found
Optimal not found
Optimal not found
Optimal not found
Optimal not found
Optimal not found
Optimal not found
Optimal not found
Optimal not found
Optimal not found
Optimal not found
Optimal not found
Optimal not found
Optimal not found
Optimal not found
Optimal not found
Optimal not found
Optimal not found
Optimal not found
Optimal not found
Optimal not found
Optimal not found
Optimal not found
Optimal not found
Optimal not found
Optimal not found
Optimal not found
Optimal not found
Optimal not found
Optimal not found
Optimal not found
Optimal not found
Optimal not found
Optimal not found
Optimal not found
Optimal not found
Optimal not found
Optimal not found
Optimal not found
Optimal not found
Optimal not found
Optimal not found
Optimal not found
Optimal not found
Optimal not found
Optimal not found
Optimal not found
Optimal not found
Optimal not found
Optimal not found
Optimal not found
Optimal not found
Optimal not found
Optimal not found
[1.78835907e+00 1.69423288e+04 2.13684415e+03 1.94051224e+02
 3.87492393e+05 1.05002842e+05] R^2: 0.9958342899811454
[1.78817494e+00 1.69422089e+04 2.13649423e+03 1.11450749e+02
 3.54305204e+05 1.00168180e+05] R^2: 0.9958172150943942
[1.78798970e+00 1.69420862e+04 2.13614192e+03 6.99232386e+01
 3.26391810e+05 9.59121908e+04] R^2: 0.9958002286806308
[1.78781017e+00 1.69419682e+04 2.13580063e+03 4.77236651e+01
 3.03517461e+05 9.22786515e+04] R^2: 0.9957837301626699
[1.78762080e+00 1.69418417e+04 2.13544030e+03 3.37579249e+01
 2.82774210e+05 8.88544461e+04] R^2: 0.9957654758792336
[1.78744101e+00 1.69417212e+04 2.13509819e+03 2.53968269e+01
 2.65716582e+05 8.59362480e+04] R^2: 0.9957488533055346
[1.78726249e+00 1.69416007e+04 2.13475823e+03 1.98129716e+01
 2.50828876e+05 8.33054783e+04] R^2: 0.9957322703214033
[1.78707985e+00 1.69414774e+04 2.13441062e+03 1.58317568e+01
 2.37372709e+05 8.08538709e+04] R^2: 0.9957147302491871
[1.78689330e+00 1.69413506e+04 2.13405537e+03 1.29152857e+01
 2.25153380e+05 7.85610818e+04] R^2: 0.9956962079679883
[1.78670740e+00 1.69412237e+04 2.13370127e+03 1.07745314e+01
 2.14271814e+05 7.64612146e+04] R^2: 0.9956776053817032
[1.78653376e+00 1.69411045e+04 2.13337039e+03 9.24934073e+00
 2.05102473e+05 7.46456985e+04] R^2: 0.9956612064532032
Stopped by keyboard
Saving data
Motor stopped at zero point
