Files will be save in ../data/setup4/2026_06_16/minus12mm\4\SweepStopClimb
Motor stopped at zero point
[1.93778636e+00 6.01554459e+03 3.49871173e+03 1.00000000e+00
 4.00000000e+04 2.00000000e+03] R^2: 0.9628942922568575
Algo converged, paused
[1.93778636e+00 6.01554459e+03 3.49871173e+03 1.00000000e+00
 4.00000000e+04 2.00000000e+03] R^2: 0.9628942922568575
Algo converged, paused
Closed plot
Saving data
Motor stopped at zero point
Files will be save in ../data/setup4/2026_06_16/minus12mm\4\sweepAndClimb
Motor stopped at zero point
Optimal not found
Algo converged, paused
Optimal not found
Algo converged, paused
Closed plot
Saving data
Motor stopped at zero point
Files will be save in ../data/setup4/2026_06_16/minus12mm\4\increment
Motor stopped at zero point
Closed plot
Saving data
Motor stopped at zero point
