Files will be save in ../data/setup4/2026_06_12/plus0mm\4\SweepStopClimb
Motor stopped at zero point
[1.88314845e+00 1.68748596e+04 2.92590576e+03 1.00000000e+00
 4.00000000e+04 2.00000000e+03] R^2: 0.99435630633922
Algo converged, paused
Closed plot
Saving data
Motor stopped at zero point
Files will be save in ../data/setup4/2026_06_12/plus0mm\4\sweepAndClimb
Motor stopped at zero point
[1.66960940e+00 1.65069331e+04 2.00253824e+03 2.88615780e-01
 6.25219085e+04 5.51773309e+04] R^2: 0.9988016062323604
Algo converged, paused
[1.66960940e+00 1.65069331e+04 2.00253824e+03 2.88615780e-01
 6.25219085e+04 5.51773309e+04] R^2: 0.9988016062323604
Algo converged, paused
Closed plot
Saving data
Motor stopped at zero point
Files will be save in ../data/setup4/2026_06_12/plus0mm\4\increment
Motor stopped at zero point
Closed plot
Saving data
Motor stopped at zero point
