Files will be save in ../data/setup4/2026_06_09/plus0mm\2
"TUE,PYNQRYB,February 2025,1.4"
Motor stopped at zero point
[3.5e+00 1.8e+04 1.0e+03] R^2: -39026.99094214234
[3.5e+00 1.8e+04 1.0e+03] R^2: -30095.101302087463
[3.5e+00 1.8e+04 1.0e+03] R^2: -34819.76201215105
[3.5e+00 1.8e+04 1.0e+03] R^2: -36593.33254473074
[3.5e+00 1.8e+04 1.0e+03] R^2: -26857.954148282002
[3.5e+00 1.8e+04 1.0e+03] R^2: -27147.686247631544
[3.5e+00 1.8e+04 1.0e+03] R^2: -29500.23634430207
[3.5e+00 1.8e+04 1.0e+03] R^2: -31001.965851752975
[3.5e+00 1.8e+04 1.0e+03] R^2: -26866.323408121007
[3.5e+00 1.8e+04 1.0e+03] R^2: -18830.44238204376
[3.5e+00 1.8e+04 1.0e+03] R^2: -17510.06189731392
[3.5e+00 1.8e+04 1.0e+03] R^2: -18331.993402206794
[3.5e+00 1.8e+04 1.0e+03] R^2: -15592.90563670281
[3.5e+00 1.8e+04 1.0e+03] R^2: -13646.881102776022
[3.5e+00 1.8e+04 1.0e+03] R^2: -12944.691553624187
[3.5e+00 1.8e+04 1.0e+03] R^2: -13600.465505862157
[3.5e+00 1.8e+04 1.0e+03] R^2: -11138.021258805105
[3.5e+00 1.8e+04 1.0e+03] R^2: -10309.188038748724
[3.5e+00 1.8e+04 1.0e+03] R^2: -9610.508519254243
[3.5e+00 1.8e+04 1.0e+03] R^2: -9437.211185906239
[3.5e+00 1.8e+04 1.0e+03] R^2: -9405.598005454613
[3.5e+00 1.8e+04 1.0e+03] R^2: -9504.08255489548
[3.5e+00 1.8e+04 1.0e+03] R^2: -9503.827487001097
[3.5e+00 1.8e+04 1.0e+03] R^2: -9600.552484281872
[3.5e+00 1.8e+04 1.0e+03] R^2: -9784.333956299477
[3.5e+00 1.8e+04 1.0e+03] R^2: -8575.709909536306
[3.5e+00 1.8e+04 1.0e+03] R^2: -8208.181439643757
[3.5e+00 1.8e+04 1.0e+03] R^2: -7804.482263572139
[3.5e+00 1.8e+04 1.0e+03] R^2: -7558.933396733031
[3.5e+00 1.8e+04 1.0e+03] R^2: -6767.773494799198
[3.5e+00 1.8e+04 1.0e+03] R^2: -6595.333125887
[3.5e+00 1.8e+04 1.0e+03] R^2: -6624.955703909312
[3.5e+00 1.8e+04 1.0e+03] R^2: -6513.836530523075
[3.5e+00 1.8e+04 1.0e+03] R^2: -6286.320854737457
[3.5e+00 1.8e+04 1.0e+03] R^2: -6424.836592889133
[3.5e+00 1.8e+04 1.0e+03] R^2: -6453.167429190591
[3.5e+00 1.8e+04 1.0e+03] R^2: -6238.1816722219755
[3.5e+00 1.8e+04 1.0e+03] R^2: -6124.5405320821865
[3.5e+00 1.8e+04 1.0e+03] R^2: -6166.398254233884
[3.5e+00 1.8e+04 1.0e+03] R^2: -6281.153206738143
[3.5e+00 1.8e+04 1.0e+03] R^2: -6074.635792206348
[3.5e+00 1.8e+04 1.0e+03] R^2: -6063.860832934035
[3.5e+00 1.8e+04 1.0e+03] R^2: -6168.687108659283
[3.5e+00 1.8e+04 1.0e+03] R^2: -6244.506341260067
[3.5e+00 1.8e+04 1.0e+03] R^2: -5958.2899943889415
[3.5e+00 1.8e+04 1.0e+03] R^2: -5913.796984984726
[3.5e+00 1.8e+04 1.0e+03] R^2: -6024.682129051079
[3.5e+00 1.8e+04 1.0e+03] R^2: -6048.3766421105065
[3.5e+00 1.8e+04 1.0e+03] R^2: -6137.874537948359
[3.5e+00 1.8e+04 1.0e+03] R^2: -6195.824066427053
[3.5e+00 1.8e+04 1.0e+03] R^2: -6213.136242970165
[3.5e+00 1.8e+04 1.0e+03] R^2: -6267.529646904227
[3.5e+00 1.8e+04 1.0e+03] R^2: -6162.184370472474
[3.5e+00 1.8e+04 1.0e+03] R^2: -6204.492190157882
[3.5e+00 1.8e+04 1.0e+03] R^2: -6300.890122337713
[3.5e+00 1.8e+04 1.0e+03] R^2: -6399.3646897005265
[3.5e+00 1.8e+04 1.0e+03] R^2: -6505.82370805573
[3.5e+00 1.8e+04 1.0e+03] R^2: -6566.791066537063
[3.5e+00 1.8e+04 1.0e+03] R^2: -6568.780473374039
[3.5e+00 1.8e+04 1.0e+03] R^2: -6625.32629523415
[3.5e+00 1.8e+04 1.0e+03] R^2: -6702.972852073923
[3.5e+00 1.8e+04 1.0e+03] R^2: -6784.6887635301955
[3.5e+00 1.8e+04 1.0e+03] R^2: -6880.175017490764
[3.5e+00 1.8e+04 1.0e+03] R^2: -6801.146700283061
[3.5e+00 1.8e+04 1.0e+03] R^2: -6635.134248260836
[3.5e+00 1.8e+04 1.0e+03] R^2: -6265.889860644278
[3.5e+00 1.8e+04 1.0e+03] R^2: -5988.750159851679
[3.5e+00 1.8e+04 1.0e+03] R^2: -5843.081529300714
[3.5e+00 1.8e+04 1.0e+03] R^2: -5619.048635420934
[3.5e+00 1.8e+04 1.0e+03] R^2: -5415.59510465881
[3.5e+00 1.8e+04 1.0e+03] R^2: -5163.318167121996
[3.5e+00 1.8e+04 1.0e+03] R^2: -4814.916737702222
[3.5e+00 1.8e+04 1.0e+03] R^2: -4362.93761562879
[3.5e+00 1.8e+04 1.0e+03] R^2: -3890.5143742538967
[3.5e+00 1.8e+04 1.0e+03] R^2: -3424.6054141793643
[3.5e+00 1.8e+04 1.0e+03] R^2: -3122.5430641556013
[3.5e+00 1.8e+04 1.0e+03] R^2: -2785.773312459797
[3.5e+00 1.8e+04 1.0e+03] R^2: -2515.1476010976926
[3.5e+00 1.8e+04 1.0e+03] R^2: -2234.2608498324867
[3.5e+00 1.8e+04 1.0e+03] R^2: -1972.8835507864871
[3.5e+00 1.8e+04 1.0e+03] R^2: -1749.7845222761653
[3.5e+00 1.8e+04 1.0e+03] R^2: -1590.047156181159
[3.5e+00 1.8e+04 1.0e+03] R^2: -1392.5285196991513
[3.5e+00 1.8e+04 1.0e+03] R^2: -1244.5774432835012
[3.5e+00 1.8e+04 1.0e+03] R^2: -1090.8940655161773
[3.5e+00 1.8e+04 1.0e+03] R^2: -965.5476924170756
[3.5e+00 1.8e+04 1.0e+03] R^2: -856.3347611363522
[3.5e+00 1.8e+04 1.0e+03] R^2: -758.6266405898248
[3.5e+00 1.8e+04 1.0e+03] R^2: -664.7202516216119
[3.5e+00 1.8e+04 1.0e+03] R^2: -583.3147444407268
[3.5e+00 1.8e+04 1.0e+03] R^2: -511.68729754424726
[3.5e+00 1.8e+04 1.0e+03] R^2: -448.9775522372831
[3.5e+00 1.8e+04 1.0e+03] R^2: -396.603191493451
[3.5e+00 1.8e+04 1.0e+03] R^2: -352.8892017406476
[3.5e+00 1.8e+04 1.0e+03] R^2: -307.9470537733878
[3.5e+00 1.8e+04 1.0e+03] R^2: -275.01462452504603
[3.5e+00 1.8e+04 1.0e+03] R^2: -246.14855075685674
[3.5e+00 1.8e+04 1.0e+03] R^2: -220.64819799881158
[3.5e+00 1.8e+04 1.0e+03] R^2: -198.32186976838454
[3.5e+00 1.8e+04 1.0e+03] R^2: -177.25462521202726
[3.5e+00 1.8e+04 1.0e+03] R^2: -157.19819470256832
[3.5e+00 1.8e+04 1.0e+03] R^2: -140.27209948112474
[3.5e+00 1.8e+04 1.0e+03] R^2: -125.76189118845488
[3.5e+00 1.8e+04 1.0e+03] R^2: -112.4692352538484
[3.5e+00 1.8e+04 1.0e+03] R^2: -100.78821716896056
[3.5e+00 1.8e+04 1.0e+03] R^2: -90.78112732289084
[ 2.99719591e+00 -2.68051663e+11  1.27837639e+11] R^2: -6.967280727909753e-07
Optimal not found
Optimal not found
Optimal not found
Optimal not found
Optimal not found
Optimal not found
Optimal not found
Optimal not found
Optimal not found
Optimal not found
Optimal not found
Optimal not found
Optimal not found
Optimal not found
Optimal not found
Optimal not found
Optimal not found
Optimal not found
Optimal not found
Optimal not found
Optimal not found
Optimal not found
Optimal not found
Optimal not found
Optimal not found
Optimal not found
Optimal not found
Optimal not found
Optimal not found
Optimal not found
Optimal not found
Optimal not found
Optimal not found
Optimal not found
Optimal not found
Optimal not found
Optimal not found
Optimal not found
Optimal not found
Optimal not found
Optimal not found
Optimal not found
Optimal not found
Optimal not found
Optimal not found
Optimal not found
Optimal not found
Optimal not found
Optimal not found
Optimal not found
Optimal not found
Optimal not found
Optimal not found
Optimal not found
Optimal not found
Optimal not found
Optimal not found
Optimal not found
Optimal not found
Optimal not found
Optimal not found
Optimal not found
Optimal not found
Optimal not found
Optimal not found
Optimal not found
Optimal not found
Optimal not found
[6.31703308e+01 8.50529357e+04 2.44940230e+04] R^2: 0.8261958929410365
[8.59115944e+00 5.27731938e+04 1.84365966e+04] R^2: 0.8198548616497882
[3.92449892e+00 3.99576371e+04 1.53678182e+04] R^2: 0.8136936287267689
[2.58582896e+00 3.30228997e+04 1.34022397e+04] R^2: 0.807537818109866
[2.00621460e+00 2.87113794e+04 1.20043277e+04] R^2: 0.8015150618564341
[1.69503288e+00 2.57652763e+04 1.09318964e+04] R^2: 0.7955862598242549
[1.50795519e+00 2.36446793e+04 1.00742658e+04] R^2: 0.7899166937497608
[1.38536842e+00 2.20331072e+04 9.35397115e+03] R^2: 0.7843893910525224
[1.30165173e+00 2.07736750e+04 8.73260544e+03] R^2: 0.7791019026254525
[1.24311884e+00 1.97648342e+04 8.18188253e+03] R^2: 0.7741401913931102
[1.20194998e+00 1.89379274e+04 7.67970667e+03] R^2: 0.7695438106028565
[1.17329237e+00 1.82361304e+04 7.20058676e+03] R^2: 0.7652170825120008
[1.15556670e+00 1.76476509e+04 6.74197154e+03] R^2: 0.7615601288538553
[1.14720640e+00 1.71211081e+04 6.26246852e+03] R^2: 0.7582730476068784
[1.14957227e+00 1.66582970e+04 5.75333315e+03] R^2: 0.7556535875329594
[1.16223335e+00 1.62970703e+04 5.26465953e+03] R^2: 0.7537583544760538
[1.17621763e+00 1.60898583e+04 4.93322460e+03] R^2: 0.7525466934271063
[1.18689851e+00 1.59749291e+04 4.72968970e+03] R^2: 0.7516859515583505
[1.19476881e+00 1.59044704e+04 4.59683134e+03] R^2: 0.7510534933810048
[1.20058995e+00 1.58584949e+04 4.50617761e+03] R^2: 0.7506103166848855
[1.20483169e+00 1.58279391e+04 4.44384420e+03] R^2: 0.7503271909088627
[1.20801266e+00 1.58066473e+04 4.39915479e+03] R^2: 0.7501416024219094
[1.21024277e+00 1.57926444e+04 4.36896969e+03] R^2: 0.7500453000078304
[1.21170202e+00 1.57839096e+04 4.34976077e+03] R^2: 0.7500065649699387
[1.21256040e+00 1.57790025e+04 4.33873690e+03] R^2: 0.7500003338061988
[1.21318042e+00 1.57756048e+04 4.33094452e+03] R^2: 0.7499958025962503
[1.21337371e+00 1.57745969e+04 4.32856960e+03] R^2: 0.750000132464441
[1.21314519e+00 1.57757264e+04 4.33131722e+03] R^2: 0.7500026382062308
[1.21241085e+00 1.57794090e+04 4.34015705e+03] R^2: 0.7499861582392647
[1.21139661e+00 1.57843107e+04 4.35220220e+03] R^2: 0.7499470542159399
[1.21023751e+00 1.57898582e+04 4.36590683e+03] R^2: 0.7498879306418298
[1.20873664e+00 1.57968383e+04 4.38349154e+03] R^2: 0.7497847676895253
[1.20683486e+00 1.58055594e+04 4.40569348e+03] R^2: 0.7496108622808322
[1.20489743e+00 1.58143929e+04 4.42829998e+03] R^2: 0.7494170076151079
[1.20269872e+00 1.58242409e+04 4.45387263e+03] R^2: 0.7491604245110062
[1.20027088e+00 1.58350298e+04 4.48211919e+03] R^2: 0.7488346476864809
[1.19767882e+00 1.58464840e+04 4.51232481e+03] R^2: 0.7484485086346437
[1.19515990e+00 1.58575607e+04 4.54173807e+03] R^2: 0.748068599083962
[1.19244518e+00 1.58694567e+04 4.57352228e+03] R^2: 0.7476107457671194
[1.18965702e+00 1.58816540e+04 4.60628473e+03] R^2: 0.7471098681065567
[1.18670154e+00 1.58945859e+04 4.64117100e+03] R^2: 0.7465269891658797
[1.18376801e+00 1.59074412e+04 4.67597709e+03] R^2: 0.7459321371352677
[1.18073112e+00 1.59207853e+04 4.71221294e+03] R^2: 0.7452719545704848
[1.17771298e+00 1.59340975e+04 4.74844545e+03] R^2: 0.744596978437077
[1.17471732e+00 1.59474262e+04 4.78467037e+03] R^2: 0.74390244688468
[1.17157887e+00 1.59614090e+04 4.82284202e+03] R^2: 0.74311952239516
[1.16845653e+00 1.59754192e+04 4.86109903e+03] R^2: 0.7423174510870325
[1.16539182e+00 1.59892736e+04 4.89892922e+03] R^2: 0.7415179971421257
[1.16234306e+00 1.60031639e+04 4.93684343e+03] R^2: 0.74069875420883
[1.15927766e+00 1.60172499e+04 4.97525768e+03] R^2: 0.7398402630636902
[1.15620901e+00 1.60314837e+04 5.01401895e+03] R^2: 0.738948594804563
[1.15310554e+00 1.60460285e+04 5.05354531e+03] R^2: 0.7380022836464164
[1.15006474e+00 1.60604351e+04 5.09259969e+03] R^2: 0.7370621494571497
[1.14702507e+00 1.60749986e+04 5.13196938e+03] R^2: 0.7360878335320648
[1.14395008e+00 1.60899108e+04 5.17214554e+03] R^2: 0.7350521901566873
[1.14096718e+00 1.61045569e+04 5.21146086e+03] R^2: 0.7340446654429722
[1.13794719e+00 1.61195756e+04 5.25161647e+03] R^2: 0.7329711484921253
[1.13497932e+00 1.61345945e+04 5.29147061e+03] R^2: 0.7318879922877928
[1.13197451e+00 1.61499471e+04 5.33214992e+03] R^2: 0.7307442453707451
[1.12899393e+00 1.61653984e+04 5.37287803e+03] R^2: 0.729577228801659
[1.12603599e+00 1.61809610e+04 5.41367567e+03] R^2: 0.7283852489206775
[1.12309891e+00 1.61966489e+04 5.45456749e+03] R^2: 0.7271663316704483
[1.12020669e+00 1.62123342e+04 5.49521287e+03] R^2: 0.7259420573930857
[1.11730533e+00 1.62283154e+04 5.53637245e+03] R^2: 0.724662343466326
[1.11440825e+00 1.62445314e+04 5.57786711e+03] R^2: 0.723338179765244
[1.11151584e+00 1.62609905e+04 5.61969956e+03] R^2: 0.7219686268813286
[1.10864775e+00 1.62775874e+04 5.66158828e+03] R^2: 0.7205729926616367
[1.10582201e+00 1.62942811e+04 5.70330074e+03] R^2: 0.7191585330917716
[1.10298295e+00 1.63112728e+04 5.74558243e+03] R^2: 0.7176899368390093
[1.10010392e+00 1.63288136e+04 5.78889542e+03] R^2: 0.7161208430337593
[1.09727813e+00 1.63463448e+04 5.83184414e+03] R^2: 0.714557799608275
[1.09448502e+00 1.63639866e+04 5.87472670e+03] R^2: 0.7129777363242074
[1.09162616e+00 1.63823818e+04 5.91907556e+03] R^2: 0.7112576694610173
[1.08882052e+00 1.64007799e+04 5.96305930e+03] R^2: 0.7095460791731969
[1.08608550e+00 1.64190491e+04 6.00637871e+03] R^2: 0.707867871563771
[1.08335735e+00 1.64376079e+04 6.05003042e+03] R^2: 0.70614029449518
[1.08063014e+00 1.64565064e+04 6.09411711e+03] R^2: 0.7043544461794613
[1.07795277e+00 1.64754735e+04 6.13788385e+03] R^2: 0.7025640451266538
[1.07526499e+00 1.64947942e+04 6.18222923e+03] R^2: 0.7007148156524945
[1.07257979e+00 1.65144608e+04 6.22699387e+03] R^2: 0.6988082442855796
[1.06996554e+00 1.65339638e+04 6.27102458e+03] R^2: 0.6969485257446855
[1.06737437e+00 1.65536454e+04 6.31510713e+03] R^2: 0.6950648176462968
[1.06472941e+00 1.65741091e+04 6.36056923e+03] R^2: 0.6930346394867979
[1.06214190e+00 1.65945032e+04 6.40550719e+03] R^2: 0.6910365145621963
[1.05957509e+00 1.66151059e+04 6.45054333e+03] R^2: 0.6890119640234045
[1.05709263e+00 1.66353860e+04 6.49453556e+03] R^2: 0.6870698992135348
[1.05455980e+00 1.66564444e+04 6.53986966e+03] R^2: 0.6849822777350002
[1.05207514e+00 1.66774713e+04 6.58479114e+03] R^2: 0.6829198163077076
[1.04963919e+00 1.66984431e+04 6.62926693e+03] R^2: 0.6808860171311144
[1.04722890e+00 1.67195451e+04 6.67370159e+03] R^2: 0.6788416074058585
[1.04482638e+00 1.67410016e+04 6.71846446e+03] R^2: 0.6767375558498718
[1.04249427e+00 1.67620990e+04 6.76228597e+03] R^2: 0.6747279541586353
[1.04015947e+00 1.67835586e+04 6.80656871e+03] R^2: 0.6726588720416978
[1.03783299e+00 1.68052843e+04 6.85110895e+03] R^2: 0.6705514545587608
[1.03554663e+00 1.68269720e+04 6.89528970e+03] R^2: 0.6684691490072958
[1.03329448e+00 1.68486626e+04 6.93920729e+03] R^2: 0.6664024697678588
[1.03107305e+00 1.68703769e+04 6.98291531e+03] R^2: 0.664346374750486
[1.02891309e+00 1.68917936e+04 7.02578505e+03] R^2: 0.662365403839286
[1.02679631e+00 1.69130697e+04 7.06815223e+03] R^2: 0.660424876714591
[1.02470877e+00 1.69343299e+04 7.11027845e+03] R^2: 0.6584982981837619
[1.02262476e+00 1.69558314e+04 7.15267752e+03] R^2: 0.6565334278788442
[1.02058852e+00 1.69771077e+04 7.19443839e+03] R^2: 0.6546249888847588
[1.01858535e+00 1.69982946e+04 7.23584249e+03] R^2: 0.6527438652959535
[1.01659966e+00 1.70195470e+04 7.27720151e+03] R^2: 0.6508581589972227
[1.01461500e+00 1.70410394e+04 7.31885662e+03] R^2: 0.648932849712642
[1.01266812e+00 1.70623665e+04 7.36002901e+03] R^2: 0.6470502947407611
[1.01079127e+00 1.70831504e+04 7.40000881e+03] R^2: 0.6452842171117608
[1.00890108e+00 1.71043023e+04 7.44055886e+03] R^2: 0.6434500856534556
[1.00703523e+00 1.71254003e+04 7.48087131e+03] R^2: 0.6416335984464636
[1.00520837e+00 1.71462652e+04 7.52061462e+03] R^2: 0.6398699668236176
[1.00343490e+00 1.71667121e+04 7.55945274e+03] R^2: 0.638194140556216
[1.00166507e+00 1.71873027e+04 7.59846190e+03] R^2: 0.6364927671660132
[9.99902294e-01 1.72079969e+04 7.63756730e+03] R^2: 0.6347742666635188
[9.98220939e-01 1.72279635e+04 7.67514022e+03] R^2: 0.6331971176645538
[9.96529467e-01 1.72481489e+04 7.71312177e+03] R^2: 0.6315841451443223
[9.94837814e-01 1.72684999e+04 7.75133715e+03] R^2: 0.6299397017422925
[9.93154986e-01 1.72889076e+04 7.78958317e+03] R^2: 0.6282860782918491
[9.91502405e-01 1.73091046e+04 7.82736496e+03] R^2: 0.6266770215765085
[9.89855376e-01 1.73293863e+04 7.86524013e+03] R^2: 0.6250524183738796
[9.88245878e-01 1.73493505e+04 7.90246425e+03] R^2: 0.623493321611524
[9.86617881e-01 1.73696893e+04 7.94033065e+03] R^2: 0.6218591429966929
[9.85013392e-01 1.73898778e+04 7.97786318e+03] R^2: 0.6202574288886187
[9.83431350e-01 1.74099205e+04 8.01507696e+03] R^2: 0.6186865895640299
[9.81860506e-01 1.74299540e+04 8.05223010e+03] R^2: 0.6171183811337069
[9.80283093e-01 1.74502048e+04 8.08974385e+03] R^2: 0.6155065052992139
[9.78728453e-01 1.74702936e+04 8.12691832e+03] R^2: 0.6139294260525565
[9.77177605e-01 1.74904610e+04 8.16420277e+03] R^2: 0.6123370931663755
[9.75653043e-01 1.75104094e+04 8.20105075e+03] R^2: 0.610791097990095
[9.74115913e-01 1.75306452e+04 8.23839998e+03] R^2: 0.6091861084918344
[9.72629933e-01 1.75503225e+04 8.27469437e+03] R^2: 0.6076980474159441
[9.71140116e-01 1.75701613e+04 8.31126714e+03] R^2: 0.6061761067392839
[9.69647228e-01 1.75901530e+04 8.34810311e+03] R^2: 0.6046223968959901
[9.68175140e-01 1.76099754e+04 8.38461071e+03] R^2: 0.6031046973951366
[9.66708349e-01 1.76298328e+04 8.42116984e+03] R^2: 0.6015797295922594
[9.65257899e-01 1.76495722e+04 8.45750169e+03] R^2: 0.6000796987557125
[9.63814974e-01 1.76693098e+04 8.49382305e+03] R^2: 0.5985798690182247
[9.62405130e-01 1.76886892e+04 8.52948242e+03] R^2: 0.5971550663201708
[9.60988797e-01 1.77082501e+04 8.56547596e+03] R^2: 0.5956907453340339
[9.59597208e-01 1.77275584e+04 8.60100719e+03] R^2: 0.5942790332246729
[9.58209355e-01 1.77469011e+04 8.63660738e+03] R^2: 0.5928585713005285
[9.56845299e-01 1.77659944e+04 8.67175699e+03] R^2: 0.5914895742381621
[9.55475735e-01 1.77852457e+04 8.70720841e+03] R^2: 0.5900849722361405
[9.54126897e-01 1.78042842e+04 8.74228057e+03] R^2: 0.5887242185961269
[9.52805678e-01 1.78230050e+04 8.77678444e+03] R^2: 0.5874288591501781
[9.51496804e-01 1.78416188e+04 8.81111128e+03] R^2: 0.5861532300284618
[9.50180322e-01 1.78604089e+04 8.84578472e+03] R^2: 0.5848366908817888
[9.48890775e-01 1.78788794e+04 8.87989192e+03] R^2: 0.583585974120065
[9.47603964e-01 1.78973728e+04 8.91406767e+03] R^2: 0.5823268127457839
[9.46347946e-01 1.79154813e+04 8.94756067e+03] R^2: 0.5811469220970258
[9.45071676e-01 1.79339394e+04 8.98173112e+03] R^2: 0.5798872095048857
[9.43819798e-01 1.79521011e+04 9.01538399e+03] R^2: 0.578688482309347
[9.42601384e-01 1.79698270e+04 9.04826414e+03] R^2: 0.5775798620815851
[9.41383107e-01 1.79875977e+04 9.08126500e+03] R^2: 0.5764564040831844
[9.40168048e-01 1.80053679e+04 9.11430351e+03] R^2: 0.5753281071928364
[9.38972733e-01 1.80228931e+04 9.14692660e+03] R^2: 0.5742483988724725
[9.37799899e-01 1.80401280e+04 9.17905196e+03] R^2: 0.5732265625160666
[9.36614165e-01 1.80575915e+04 9.21164786e+03] R^2: 0.5721486064946941
[9.35423949e-01 1.80751617e+04 9.24448751e+03] R^2: 0.5710416489045417
[9.34265090e-01 1.80922726e+04 9.27653819e+03] R^2: 0.5700454499698739
[9.33121049e-01 1.81092304e+04 9.30832700e+03] R^2: 0.5690630453933421
[9.31969394e-01 1.81263339e+04 9.34043875e+03] R^2: 0.5680418974920975
[9.30819143e-01 1.81434499e+04 9.37262419e+03] R^2: 0.5670120352577634
[9.29698629e-01 1.81601535e+04 9.40408529e+03] R^2: 0.5660688319909206
[9.28571973e-01 1.81769769e+04 9.43582578e+03] R^2: 0.5650919893542881
[9.27450746e-01 1.81937475e+04 9.46752074e+03] R^2: 0.5641207489815097
[9.26360163e-01 1.82100845e+04 9.49845132e+03] R^2: 0.5632411852226131
[9.25272714e-01 1.82263967e+04 9.52939215e+03] R^2: 0.5623599627233498
[9.24189491e-01 1.82426670e+04 9.56031168e+03] R^2: 0.5614810133042711
[9.23131454e-01 1.82585779e+04 9.59060691e+03] R^2: 0.5606766770712851
[9.22088383e-01 1.82742794e+04 9.62056398e+03] R^2: 0.559912062582741
[9.21043958e-01 1.82900160e+04 9.65064990e+03] R^2: 0.5591311324813839
[9.20010071e-01 1.83056079e+04 9.68052124e+03] R^2: 0.5583753449268998
[9.18985955e-01 1.83210647e+04 9.71019729e+03] R^2: 0.5576423081404528
[9.17960560e-01 1.83365527e+04 9.73999749e+03] R^2: 0.5568935001969308
[9.16962382e-01 1.83516393e+04 9.76908986e+03] R^2: 0.5562294609328844
[9.15965280e-01 1.83667176e+04 9.79823213e+03] R^2: 0.5555582564371166
[9.14965919e-01 1.83818380e+04 9.82752267e+03] R^2: 0.5548681086857022
[9.13994172e-01 1.83965467e+04 9.85608226e+03] R^2: 0.5542656793520593
[9.13027606e-01 1.84111809e+04 9.88456543e+03] R^2: 0.5536711252323376
[9.12056404e-01 1.84258893e+04 9.91326203e+03] R^2: 0.553049335948983
[9.11098756e-01 1.84403958e+04 9.94163373e+03] R^2: 0.5524660626842866
[9.10158147e-01 1.84546456e+04 9.96957293e+03] R^2: 0.5519340970674707
[9.09220234e-01 1.84688549e+04 9.99750311e+03] R^2: 0.5514016483553553
[9.08283439e-01 1.84830472e+04 1.00254712e+04] R^2: 0.5508630707923463
[9.07362966e-01 1.84969912e+04 1.00530212e+04] R^2: 0.5503742025335827
[9.06450297e-01 1.85108146e+04 1.00804048e+04] R^2: 0.5499039589440329
[9.05530950e-01 1.85247367e+04 1.01080570e+04] R^2: 0.5493990030375593
[9.04633684e-01 1.85383212e+04 1.01351108e+04] R^2: 0.5489660780849386
[9.03747199e-01 1.85517374e+04 1.01619026e+04] R^2: 0.5485633200938771
[9.02873333e-01 1.85649565e+04 1.01883738e+04] R^2: 0.548197708302506
[9.01995457e-01 1.85782296e+04 1.02150274e+04] R^2: 0.5478073384976809
[9.01136516e-01 1.85912091e+04 1.02411651e+04] R^2: 0.5474783021570524
[9.00290304e-01 1.86039876e+04 1.02669717e+04] R^2: 0.5471873726908392
[8.99447560e-01 1.86167041e+04 1.02927278e+04] R^2: 0.5468998669287586
[8.98590411e-01 1.86296289e+04 1.03189817e+04] R^2: 0.5465480169706242
[8.97749823e-01 1.86422950e+04 1.03447851e+04] R^2: 0.5462498626873737
[8.96928797e-01 1.86546557e+04 1.03700413e+04] R^2: 0.546016810519043
[8.96118559e-01 1.86668423e+04 1.03950164e+04] R^2: 0.5458153911763481
[8.95294560e-01 1.86792240e+04 1.04204681e+04] R^2: 0.5455515447925521
[8.94479645e-01 1.86914577e+04 1.04456918e+04] R^2: 0.5453133526947668
[8.93687400e-01 1.87033386e+04 1.04702631e+04] R^2: 0.5451533776879829
[8.92898976e-01 1.87151486e+04 1.04947637e+04] R^2: 0.5449986810135888
[8.92109156e-01 1.87269658e+04 1.05193556e+04] R^2: 0.5448290400442213
[8.91327224e-01 1.87386512e+04 1.05437494e+04] R^2: 0.5446807598715822
[8.90571129e-01 1.87499357e+04 1.05673813e+04] R^2: 0.5446239091354839
[8.89796845e-01 1.87614763e+04 1.05916267e+04] R^2: 0.5444861404282815
[8.89027834e-01 1.87729237e+04 1.06157531e+04] R^2: 0.5443597387989686
[8.88277251e-01 1.87840815e+04 1.06393451e+04] R^2: 0.5442968193386252
[8.87532755e-01 1.87951327e+04 1.06627878e+04] R^2: 0.5442484619675698
[8.86769816e-01 1.88064419e+04 1.06868559e+04] R^2: 0.5441168123097684
[8.86023650e-01 1.88174869e+04 1.07104387e+04] R^2: 0.5440431075572354
[8.85297613e-01 1.88282175e+04 1.07334261e+04] R^2: 0.5440405765511156
[8.84560734e-01 1.88390916e+04 1.07567981e+04] R^2: 0.5439847379461753
[8.83818891e-01 1.88500224e+04 1.07803703e+04] R^2: 0.5438991484900284
[8.83096157e-01 1.88606552e+04 1.08033767e+04] R^2: 0.5438817997044043
[8.82344747e-01 1.88716834e+04 1.08273045e+04] R^2: 0.5437633375122582
[8.81603472e-01 1.88825561e+04 1.08509880e+04] R^2: 0.5436517575322347
[8.80879463e-01 1.88931593e+04 1.08741623e+04] R^2: 0.5436020995770936
[8.80156296e-01 1.89037331e+04 1.08973512e+04] R^2: 0.5435463262552727
[8.79424339e-01 1.89144187e+04 1.09208652e+04] R^2: 0.543444308385757
[8.78686109e-01 1.89251794e+04 1.09446253e+04] R^2: 0.5433064326432948
[8.77962875e-01 1.89357052e+04 1.09679465e+04] R^2: 0.5432223919086505
Closed plot
Saving data
Motor stopped at zero point
