Files will be save in ../data/setup4/2026_06_16/plus18mm\1\SweepStopClimb
Motor stopped at zero point
[-2.64081907e-01  2.02435878e+04  3.30114182e+03  5.29207375e-01
  3.02461011e+04  1.81502127e+04] R^2: 0.8259994507511358
Algo converged, paused
[-2.64081907e-01  2.02435878e+04  3.30114182e+03  5.29207375e-01
  3.02461011e+04  1.81502127e+04] R^2: 0.8259994507511358
Algo converged, paused
Closed plot
Saving data
Motor stopped at zero point
Files will be save in ../data/setup4/2026_06_16/plus18mm\1\sweepAndClimb
Motor stopped at zero point
[-2.62858110e-01  2.02973776e+04  3.28703643e+03  5.26086109e-01
  3.03867169e+04  1.81554768e+04] R^2: 0.8364774608471965
Algo converged, paused
[-2.62858110e-01  2.02973776e+04  3.28703643e+03  5.26086109e-01
  3.03867169e+04  1.81554768e+04] R^2: 0.8364774608471965
Algo converged, paused
Closed plot
Saving data
Motor stopped at zero point
Files will be save in ../data/setup4/2026_06_16/plus18mm\1\increment
Motor stopped at zero point
Closed plot
Saving data
Motor stopped at zero point
