Files will be save in ../data/setup4/2026_06_16/plus0mm\6\SweepStopClimb
Motor stopped at zero point
[1.87975751e+00 1.72554254e+04 2.88998249e+03 1.00000000e+00
 4.00000000e+04 2.00000000e+03] R^2: 0.9954162391708024
Algo converged, paused
[1.87975751e+00 1.72554254e+04 2.88998249e+03 1.00000000e+00
 4.00000000e+04 2.00000000e+03] R^2: 0.9954162391708024
Algo converged, paused
Closed plot
Saving data
Motor stopped at zero point
Files will be save in ../data/setup4/2026_06_16/plus0mm\6\sweepAndClimb
Motor stopped at zero point
[1.74464492e+00 1.65208040e+04 2.03334624e+03 3.54975837e-01
 1.06054541e+05 8.20796692e+04] R^2: 0.9974232404219291
Algo converged, paused
[1.74464492e+00 1.65208040e+04 2.03334624e+03 3.54975837e-01
 1.06054541e+05 8.20796692e+04] R^2: 0.9974232404219291
Algo converged, paused
Closed plot
Saving data
Motor stopped at zero point
Files will be save in ../data/setup4/2026_06_16/plus0mm\6\increment
Motor stopped at zero point
Closed plot
Saving data
Motor stopped at zero point
