Files will be save in ../data/setup4/2026_06_16/plus18mm\5\SweepStopClimb
Motor stopped at zero point
[-1.19784368e+00  2.14933080e+04  3.86785012e+03  1.88346674e+00
  2.71031517e+04  8.19880531e+03] R^2: 0.9670685414325432
Algo converged, paused
[-1.19784368e+00  2.14933080e+04  3.86785012e+03  1.88346674e+00
  2.71031517e+04  8.19880531e+03] R^2: 0.9670685414325432
Algo converged, paused
Closed plot
Saving data
Motor stopped at zero point
Files will be save in ../data/setup4/2026_06_16/plus18mm\5\sweepAndClimb
Motor stopped at zero point
[-1.19693754e+00  2.14719390e+04  3.82242756e+03  1.88172313e+00
  2.71099998e+04  8.19040046e+03] R^2: 0.9689587204315329
Algo converged, paused
Closed plot
Saving data
Motor stopped at zero point
Files will be save in ../data/setup4/2026_06_16/plus18mm\5\increment
Motor stopped at zero point
Closed plot
Saving data
Motor stopped at zero point
